mads 2.1.8
demo/pas/hello.a65 -x -i:/home/doc/Projects/neo6502_dev/Mad-Pascal/base -o:fs/PRG/hello.prg 
   119 					opt l+
   106
   107 				.print 'ZPAGE: ',zpage,'..',zpend-1
   107 				ZPAGE: $0022..$00A3
   108
   109 				.print 'RTBUF: ',@buf,'..',@buf+255
   109 				RTBUF: $0300..$03FF
   110
   111 				.print 'RTLIB: ',RTLIB,'..',*-1
   111 				RTLIB: $084C..$0922
   112
   113 				; ------------------------------------------------------------
   114
   115 0923			START
   116 0923 BA				tsx
   117 0924 8E 64 0A			stx MAIN.@halt+1
   118
   119 = 0028			VLEN	= VARDATASIZE-VARINITSIZE
   120 = 0A75			VADR	= DATAORIGIN+VARINITSIZE
   121
   122 					ift (VLEN > 0) && (VLEN <= 256)
   123 0927 A2 D8			ldx #256-VLEN
   124 0929 A9 00			lda #$00
   125 092B 9D 9D 09 E8 D0 FA		sta:rne VADR+VLEN-256,x+
   126 					eli VLEN>256
   127 					m@init
   128 					eif
   129
   130 				.ifdef psptr
   131 					mwa #PROGRAMSTACK psptr
   132 				.fi
   133
   134 0931 A2 00			ldx #$00
   135 0933 86 22			stx bp						; BP = 0
   136
   137 0935 CA				dex						; X = 255
   138
   139 					opt c+
   140 0936				UNITINITIALIZATION
Macro: UNITINITIALIZATION [Source: hello.a65]
     3 0936 20 D0 09			jsr MAIN.SYSTEM.@UnitInit
Source: hello.a65
   141
   142 0939			.local	MAIN						; PROCEDURE
   143
   144 0939 4C EB 09			jmp l_0050
   145
   146 				; ------------------------------------------------------------
   147
   148 093C			.local	SYSTEM						; UNIT
   149
   150 093C			.local	PARAMCOUNT					; FUNCTION | ASSEMBLER
   151
   152 				; -------------------  ASM Block 00000052  -------------------
   153
   154 093C 8A 48			txa:pha
   155 093E 20 95 FF			jsr k4_args		; A = the length of the tail, $F0/$F1 -> it
   156 0941 85 32			sta :ztmp8
   157 0943 A2 00			ldx #0			; words
   158 0945 A0 00			ldy #0			; index
   159 0947 64 33			stz :ztmp9		; 1 = inside a word
   160 0949 C4 32		loop	cpy :ztmp8
   161 094B B0 14			bcs done
   162 094D B1 F0			lda ($F0),y
   163 094F C9 20			cmp #' '
   164 0951 F0 09			beq space
   165 0953 A5 33			lda :ztmp9
   166 0955 D0 07			bne next
   167 0957 E8				inx
   168 0958 E6 33			inc :ztmp9
   169 095A D0 02			bne next
   170 095C 64 33		space	stz :ztmp9
   171 095E C8			next	iny
   172 095F D0 E8			bne loop
   173 0961 8E 78 0A		done	stx Result
   174 0964 68 AA			pla:tax
   175
   176 0966			@exit
   177
   178 				; ------------------------------------------------------------
   179
   180 = 0A78			RESULT	= DATAORIGIN+$000B
   181
   182 = 0A78			@VarData	= RESULT
   183 = 0001			@VarDataSize	= 1
   184
   185 0966 60				rts						; ret
   186 				.endl
   187
   188 0967			.local	PARAMSTR					; FUNCTION | ASSEMBLER
   189 0967 8D 79 0A			sta I
   190
   191 				; -------------------  ASM Block 00000053  -------------------
   192
   193 096A 8A 48			txa:pha
   194 096C 20 95 FF			jsr k4_args
   195 096F 85 32			sta :ztmp8		; n
   196 0971 A2 00			ldx #0			; the word we are at
   197 0973 A0 00			ldy #0			; index into the tail
   198 0975 64 33			stz :ztmp9		; the result's length
   199 0977 AD 79 0A			lda i
   200 097A D0 12			bne skipsp
   201 097C C4 32		whole	cpy :ztmp8
   202 097E B0 46			bcs done
   203 0980 C0 20			cpy #32
   204 0982 B0 42			bcs done
   205 0984 B1 F0			lda ($F0),y
   206 0986 99 7B 0A			sta adr.Result+1,y
   207 0989 C8				iny
   208 098A E6 33			inc :ztmp9
   209 098C D0 EE			bne whole
   210 098E C4 32		skipsp	cpy :ztmp8
   211 0990 B0 34			bcs done
   212 0992 B1 F0			lda ($F0),y
   213 0994 C9 20			cmp #' '
   214 0996 D0 03			bne word
   215 0998 C8				iny
   216 0999 D0 F3			bne skipsp
   217 099B E8			word	inx
   218 099C EC 79 0A			cpx i
   219 099F F0 0D			beq copy
   220 09A1 C4 32		skipw	cpy :ztmp8
   221 09A3 B0 21			bcs done
   222 09A5 B1 F0			lda ($F0),y
   223 09A7 C9 20			cmp #' '
   224 09A9 F0 E3			beq skipsp
   225 09AB C8				iny
   226 09AC D0 F3			bne skipw
   227 09AE C4 32		copy	cpy :ztmp8
   228 09B0 B0 14			bcs done
   229 09B2 B1 F0			lda ($F0),y
   230 09B4 C9 20			cmp #' '
   231 09B6 F0 0E			beq done
   232 09B8 A6 33			ldx :ztmp9
   233 09BA E0 20			cpx #32
   234 09BC B0 08			bcs done
   235 09BE 9D 7B 0A			sta adr.Result+1,x
   236 09C1 E6 33			inc :ztmp9
   237 09C3 C8				iny
   238 09C4 D0 E8			bne copy
   239 09C6 A5 33		done	lda :ztmp9
   240 09C8 8D 7A 0A			sta adr.Result
   241 09CB 68 AA			pla:tax
   242
   243 09CD			@exit
   244
   245 				; ------------------------------------------------------------
   246
   247 = 0A79			I	= DATAORIGIN+$000C
   248 = 0A7A			adr.RESULT	= [DATAORIGIN+$000D] .array [33]
   249 09CD			.var RESULT	= adr.RESULT .word
   250
   251 = 0A79			@VarData	= I
   252 = 0022			@VarDataSize	= 34
   253
   254 09CD 60				rts						; ret
   255 = 09CE 7A 0A		RESULT
   255 				.endl
   256
   257 				; ------------------------------------------------------------
   258 				; ------------------------------------------------------------
   259 09D0			@UnitInit
   260
   261 09D0 60				rts
   262
   263 				; ------------------------------------------------------------
   264
   265 = 0648			M_PI_2	= $0648
   266 = 0192			D_PI_2	= $0192
   267 = 0004			D_PI_180	= $04
   268 = 0004			FMOPENREAD	= $04
   269 = 0008			FMOPENWRITE	= $08
   270 = 0009			FMOPENAPPEND	= $09
   271 = 000C			FMOPENREADWRITE	= $0C
   272 = 0A6D			DATESEPARATOR	= DATAORIGIN+$0000
   273 = 0A6E			FILEMODE	= DATAORIGIN+$0001
   274 = 0A6F			GRAPHMODE	= DATAORIGIN+$0002
   275 = 0A70			IORESULT	= DATAORIGIN+$0003
   276 = 0A71			EOLN	= DATAORIGIN+$0004
   277 = 0A72			SCREENWIDTH	= DATAORIGIN+$0005
   278 = 0A74			SCREENHEIGHT	= DATAORIGIN+$0007
   279 = 0000			adr.MEM	= $00
   280 09D1			.var MEM	= adr.MEM .word
   281 = 0A76			RNDSEED	= DATAORIGIN+$0009
   282
   283 = 09D1 00 00		MEM
   283 				.endl							; UNIT SYSTEM
   284
   285 				; ------------------------------------------------------------
   286
   287 09D3			.local	CRT						; UNIT
   288
   289 09D3			.local	TEXTCOLOR					; PROCEDURE | ASSEMBLER
   290 09D3 8D 9B 0A			sta A
   291
   292 				; -------------------  ASM Block 00000067  -------------------
   293
   294 09D6 AD 9B 0A			lda a
   295 09D9 8D 0B DA			sta k4_term_fg
   296
   297 				; ------------------------------------------------------------
   298
   299 = 0A9B			A	= DATAORIGIN+$002E
   300
   301 = 0A9B			@VarData	= A
   302 = 0001			@VarDataSize	= 1
   303
   304 09DC			@exit
   305 					.ifdef @new
   306 					lda <@VarData
   307 					sta :ztmp
   308 					lda >@VarData
   309 					ldy #@VarDataSize-1
   310 					jmp @FreeMem
   311 					els
   312 09DC 60				rts						; ret
   313 					eif
   314 				.endl
   315
   316 				; ------------------------------------------------------------
   317
   318 = 0000			BLACK	= $00
   319 = 0001			WHITE	= $01
   320 = 0002			RED	= $02
   321 = 0003			CYAN	= $03
   322 = 0004			PURPLE	= $04
   323 = 0005			GREEN	= $05
   324 = 0006			BLUE	= $06
   325 = 0007			YELLOW	= $07
   326 = 0008			ORANGE	= $08
   327 = 0009			BROWN	= $09
   328 = 000A			LIGHT_RED	= $0A
   329 = 000B			DARK_GREY	= $0B
   330 = 000C			GREY	= $0C
   331 = 000D			LIGHT_GREEN	= $0D
   332 = 000E			LIGHT_BLUE	= $0E
   333 = 000F			LIGHT_GREY	= $0F
   334 = 0000			BW40	= $00
   335 = 0001			CO40	= $01
   336 = 0002			BW80	= $02
   337 = 0003			CO80	= $03
   338 = 0007			MONO	= $07
   339 = 0001			C40	= $01
   340 = 0003			C80	= $03
   341 = 0080			BLINK	= $80
   342
   343 				.endl							; UNIT CRT
   344
   345 				; ------------------------------------------------------------
   346
   347 09DD			.local	K4510						; UNIT
   348
   349 				; ------------------------------------------------------------
   350
   351 = D000			VICKY_BASE	= $D000
   352 = D400			SID_BASE	= $D400
   353 = D500			SYS_BASE	= $D500
   354 = D700			MATH_BASE	= $D700
   355 = DA00			TERM_BASE	= $DA00
   356 = 0001			FS_OPEN_READ	= $01
   357 = 0002			FS_OPEN_WRITE	= $02
   358 = 0003			FS_READ	= $03
   359 = 0004			FS_WRITE	= $04
   360 = 0005			FS_CLOSE	= $05
   361 = 0006			FS_DIR_FIRST	= $06
   362 = 0007			FS_DIR_NEXT	= $07
   363 = 0008			FS_STAT	= $08
   364 = 0009			FS_LOAD	= $09
   365 = 000A			FS_SAVE	= $0A
   366 = 000B			FS_CHDIR	= $0B
   367 = 000C			FS_MKDIR	= $0C
   368 = 000D			FS_RM	= $0D
   369 = 000E			FS_RMDIR	= $0E
   370 = 000F			FS_GETCWD	= $0F
   371 = D000			adr.VICKY	= $D000
   372 09DD			.var VICKY	= adr.VICKY .word
   373 = D100			KBD	= $D100
   374 = D101			KBDST	= $D101
   375 = D102			KBDPEEK	= $D102
   376 = D200			DMA_SRC	= $D200
   377 = D204			DMA_DST	= $D204
   378 = D208			DMA_LEN	= $D208
   379 = D20C			DMA_CMD	= $D20C
   380 = D300			FS_CMD	= $D300
   381 = D301			FS_STATUS	= $D301
   382 = D304			FS_NAMEPTR	= $D304
   383 = D308			FS_ADDR	= $D308
   384 = D30C			FS_LEN	= $D30C
   385 = D310			FS_SIZE	= $D310
   386 = D400			adr.SIDREG	= $D400
   387 09DD			.var SIDREG	= adr.SIDREG .word
   388 = D500			adr.SYS	= $D500
   389 09DD			.var SYS	= adr.SYS .word
   390 = D50D			SYS_FRAMES	= $D50D
   391 = D50D			adr.SYS_FRAMES24	= $D50D
   392 09DD			.var SYS_FRAMES24	= adr.SYS_FRAMES24 .word
   393 = D700			adr.MATH_F	= $D700
   394 09DD			.var MATH_F	= adr.MATH_F .word
   395 = D720			MATH_FOP	= $D720
   396 = D721			MATH_FARG	= $D721
   397 = D722			MATH_FFLAGS	= $D722
   398 = D724			MATH_FI	= $D724
   399 = D770			MULTINA	= $D770
   400 = D774			MULTINB	= $D774
   401 = D778			MULTOUT	= $D778
   402 = D76C			DIVOUT	= $D76C
   403 = D800			adr.TUBE	= $D800
   404 09DD			.var TUBE	= adr.TUBE .word
   405 = D900			adr.NET	= $D900
   406 09DD			.var NET	= adr.NET .word
   407 = DA00			TERM	= $DA00
   408 = DA01			TERM_ST	= $DA01
   409 = DA02			TERM_REP	= $DA02
   410 = DA03			TERM_KEY	= $DA03
   411 = DA04			TERM_CTL	= $DA04
   412 = DA05			TERM_COLS	= $DA05
   413 = DA06			TERM_ROWS	= $DA06
   414 = DA09			TERM_CX	= $DA09
   415 = DA0A			TERM_CY	= $DA0A
   416 = DA0B			TERM_FG	= $DA0B
   417 = DA0C			TERM_BG	= $DA0C
   418 = DA0E			TERM_FLAGS	= $DA0E
   419
   420 = 09DD 00 D0		VICKY
   420 = 09DF 00 D4		SIDREG
   420 = 09E1 00 D5		SYS
   420 = 09E3 0D D5		SYS_FRAMES24
   420 = 09E5 00 D7		MATH_F
   420 = 09E7 00 D8		TUBE
   420 = 09E9 00 D9		NET
   420 				.endl							; UNIT K4510
   421 09EB			l_0050
   422
   423 				; optimize FAIL ('@print', hello.pas), line = 6
   424
   425 					@printSTRING #CODEORIGIN+$0000
   425 				 LDY> CODEORIGIN+$0000\ LDA< CODEORIGIN+$0000\ JSR @PRINTSTRING
   425 09EB A0 08		 LDY> CODEORIGIN+$0000
   425 09ED A9 00		 LDA< CODEORIGIN+$0000
   425 09EF 20 5A 08		 JSR @PRINTSTRING
   426 09F2 20 4C 08			@printEOL
   427
   428 				; optimize FAIL ('@print', hello.pas), line = 7
   429
   430 					@printSTRING #CODEORIGIN+$0024
   430 				 LDY> CODEORIGIN+$0024\ LDA< CODEORIGIN+$0024\ JSR @PRINTSTRING
   430 09F5 A0 08		 LDY> CODEORIGIN+$0024
   430 09F7 A9 24		 LDA< CODEORIGIN+$0024
   430 09F9 20 5A 08		 JSR @PRINTSTRING
   431 09FC AD 05 DA			lda K4510.TERM_COLS
   432 09FF 20 8B 08			jsr @printBYTE._a
   433 					@printSTRING #CODEORIGIN+$0033
   433 				 LDY> CODEORIGIN+$0033\ LDA< CODEORIGIN+$0033\ JSR @PRINTSTRING
   433 0A02 A0 08		 LDY> CODEORIGIN+$0033
   433 0A04 A9 33		 LDA< CODEORIGIN+$0033
   433 0A06 20 5A 08		 JSR @PRINTSTRING
   434 0A09 AD 06 DA			lda K4510.TERM_ROWS
   435 0A0C 20 8B 08			jsr @printBYTE._a
   436 					@printSTRING #CODEORIGIN+$0038
   436 				 LDY> CODEORIGIN+$0038\ LDA< CODEORIGIN+$0038\ JSR @PRINTSTRING
   436 0A0F A0 08		 LDY> CODEORIGIN+$0038
   436 0A11 A9 38		 LDA< CODEORIGIN+$0038
   436 0A13 20 5A 08		 JSR @PRINTSTRING
   437 0A16 AD 0D D5			lda K4510.SYS_FRAMES
   438 0A19 20 8B 08			jsr @printBYTE._a
   439 					@print #$2E
   439 				 LDY# $2E\ JSR @PRINT
   439 0A1C A0 2E		 LDY# $2E
   439 0A1E 20 51 08		 JSR @PRINT
   440 0A21 20 4C 08			@printEOL
   441
   442 				; optimize OK (hello.pas), line = 8
   443
   444 0A24 9C 9C 0A			stz I
   445
   446 0A27			l_00D2
   447 				; --- ForToDoCondition
   448 0A27 AD 9C 0A			lda I
   449 0A2A C9 10			cmp #$10
   450 0A2C B0 0D			jcs l_00DC
   451 0A2E 20 D3 09			jsr CRT.TEXTCOLOR
   452 					@print #$23
   452 				 LDY# $23\ JSR @PRINT
   452 0A31 A0 23		 LDY# $23
   452 0A33 20 51 08		 JSR @PRINT
   453
   454 				; --- ForToDoEpilog
   455 0A36 EE 9C 0A			inc I
   456 0A39 D0 EC			jne l_00D2
   457 0A3B			l_00DC
   458
   459 				; optimize OK (hello.pas), line = 9
   460
   461 0A3B A9 07			lda #$07
   462 0A3D 20 D3 09			jsr CRT.TEXTCOLOR
   463
   464 				; optimize FAIL ('@print', hello.pas), line = 10
   465
   466 0A40 20 4C 08			@printEOL
   467
   468 				; optimize FAIL ('SYSTEM.PARAMCOUNT', hello.pas), line = 11
   469
   470 0A43 20 3C 09			jsr SYSTEM.PARAMCOUNT
   471 0A46 AD 78 0A			lda SYSTEM.PARAMCOUNT.RESULT
   472 0A49 F0 18			jeq l_00F5
   473 					@printSTRING #CODEORIGIN+$0041
   473 				 LDY> CODEORIGIN+$0041\ LDA< CODEORIGIN+$0041\ JSR @PRINTSTRING
   473 0A4B A0 08		 LDY> CODEORIGIN+$0041
   473 0A4D A9 41		 LDA< CODEORIGIN+$0041
   473 0A4F 20 5A 08		 JSR @PRINTSTRING
   474 0A52 A9 00			lda #$00
   475 0A54 20 67 09			jsr SYSTEM.PARAMSTR
   476 					@printSTRING SYSTEM.PARAMSTR.RESULT
   476 				 LDY SYSTEM.PARAMSTR.RESULT+1\ LDA SYSTEM.PARAMSTR.RESULT\ JSR @PRINTSTRING
   476 0A57 AC CF 09		 LDY SYSTEM.PARAMSTR.RESULT+1
   476 0A5A AD CE 09		 LDA SYSTEM.PARAMSTR.RESULT
   476 0A5D 20 5A 08		 JSR @PRINTSTRING
   477 0A60 20 4C 08			@printEOL
   478 0A63			l_00F5
   479
   480 				; ------------------------------------------------------------
   481
   482 = 0A9C			I	= DATAORIGIN+$002F
   483 0A63			@exit
   484
   485 0A63 A2 00		@halt	ldx #$00
   486 0A65 9A				txs
   487
   488 0A66 60				rts
   489
   490 				; ------------------------------------------------------------
   491
   492 0A67			.local	@DEFINES
   493 0A67			K4510
   494 0A67			CPU_65C02
   495 				.endl
   496
   497 0A67			.local	@RESOURCE
   498 				.endl
   499
   500 				.endl							; MAIN
   501
   502 				; ------------------------------------------------------------
   503 				; ------------------------------------------------------------
   504
   505 				.macro	UNITINITIALIZATION
   506 				
   507 					.ifdef MAIN.SYSTEM.@UnitInit
   508 					jsr MAIN.SYSTEM.@UnitInit
   509 					.fi
   510 				
   511 					.ifdef MAIN.CRT.@UnitInit
   512 					jsr MAIN.CRT.@UnitInit
   513 					.fi
   514 				
   515 					.ifdef MAIN.K4510.@UnitInit
   516 					jsr MAIN.K4510.@UnitInit
   517 					.fi
   518 				.endm
   519
   520 				; ------------------------------------------------------------
   521
   522 					ift .SIZEOF(MAIN.SYSTEM) > 0
   523 					.print 'SYSTEM: ',MAIN.SYSTEM,'..',MAIN.SYSTEM+.SIZEOF(MAIN.SYSTEM)-1
   523 				SYSTEM: $093C..$09D2
   524 					eif
   525
   526 					ift .SIZEOF(MAIN.CRT) > 0
   527 					.print 'CRT: ',MAIN.CRT,'..',MAIN.CRT+.SIZEOF(MAIN.CRT)-1
   527 				CRT: $09D3..$09DC
   528 					eif
   529
   530 					ift .SIZEOF(MAIN.K4510) > 0
   531 					.print 'K4510: ',MAIN.K4510,'..',MAIN.K4510+.SIZEOF(MAIN.K4510)-1
   531 				K4510: $09DD..$09EA
   532 					eif
   533
   534 				.nowarn	.print 'CODE: ',CODEORIGIN,'..',MAIN.@RESOURCE-1
   534 				CODE: $0800..$0A66
   535
   536 					ift .SIZEOF(MAIN.@RESOURCE)>0
   537 				.nowarn	.print 'RESOURCE: ',MAIN.@RESOURCE,'..',MAIN.@RESOURCE+.SIZEOF(MAIN.@RESOURCE)-1
   538 					eif
   539
   540 0A67			@end
   541
   542 				.nowarn	.print 'VARS: ',MAIN.@RESOURCE+.SIZEOF(MAIN.@RESOURCE),'..',@end-1
   542 				VARS: $0A67..$0A66
   543
   544 				; ------------------------------------------------------------
   545
   546 = 0A67				?adr = *
   547 					ift (?adr < ?old_adr) && (?old_adr - ?adr < $120)
   548 = 0A6D				?adr = ?old_adr
   549 					eif
   550
   551 					org ?adr
   552 = 0A6D				?old_adr = *
   553
   554 0A6D			DATAORIGIN
   555 0A6D 2D 0C 00 00 00 4F + .by  $2D $0C $00 $00 $00 $4F $00 $1D
   556
   557 = 0008			VARINITSIZE	= *-DATAORIGIN
   558 = 0030			VARDATASIZE	= 48
   559
   560 = 0A9D			PROGRAMSTACK	= DATAORIGIN+VARDATASIZE
   561
   562 					.print 'DATA: ',DATAORIGIN,'..',PROGRAMSTACK
   562 				DATA: $0A6D..$0A9D
   563
   564 					ert DATAORIGIN<@end,'DATA memory overlap'
   565
   566 				; ------------------------------------------------------------
   567
   568 				.macro	STATICDATA
   569 				.by  $23 $48 $65 $6C $6C $6F $20 $66  $72 $6F $6D $20 $4D $61 $64 $20  $50 $61 $73 $63 $61 $6C $20 $6F
   570 				.by  $6E $20 $74 $68 $65 $20 $4B $34  $35 $31 $30 $2E $0E $54 $68 $65  $20 $73 $63 $72 $65 $65 $6E $20
   571 				.by  $69 $73 $20 $04 $20 $62 $79 $20  $08 $3B $20 $66 $72 $61 $6D $65  $20 $0A $59 $6F $75 $20 $73 $61
   572 				.by  $69 $64 $3A $20
   573 				.endm
   574
   575 					end
