mads 2.1.8
pfloat_s.a65 -x -i:/home/doc/Projects/neo6502_dev/Mad-Pascal/base -o:../../fs/PRG/pfloats.prg 
   118 					opt l+
   106
   107 				.print 'ZPAGE: ',zpage,'..',zpend-1
   107 				ZPAGE: $0022..$00A3
   108
   109 				.print 'RTBUF: ',@buf,'..',@buf+255
   109 				RTBUF: $0300..$03FF
   110
   111 				.print 'RTLIB: ',RTLIB,'..',*-1
   111 				RTLIB: $08EA..$0CF7
   112
   113 				; ------------------------------------------------------------
   114
   115 0CF8			START
   116 0CF8 BA				tsx
   117 0CF9 8E 17 13			stx MAIN.@halt+1
   118
   119 = 005C			VLEN	= VARDATASIZE-VARINITSIZE
   120 = 1322			VADR	= DATAORIGIN+VARINITSIZE
   121
   122 					ift (VLEN > 0) && (VLEN <= 256)
   123 0CFC A2 A4			ldx #256-VLEN
   124 0CFE A9 00			lda #$00
   125 0D00 9D 7E 12 E8 D0 FA		sta:rne VADR+VLEN-256,x+
   126 					eli VLEN>256
   127 					m@init
   128 					eif
   129
   130 				.ifdef psptr
   131 					mwa #PROGRAMSTACK psptr
   132 				.fi
   133
   134 0D06 A2 00			ldx #$00
   135 0D08 86 22			stx bp						; BP = 0
   136
   137 0D0A CA				dex						; X = 255
   138
   139 					opt c+
   140 0D0B				UNITINITIALIZATION
Macro: UNITINITIALIZATION [Source: pfloat_s.a65]
     3 0D0B 20 11 0D			jsr MAIN.SYSTEM.@UnitInit
Source: pfloat_s.a65
   141
   142 0D0E			.local	MAIN						; PROCEDURE
   143
   144 0D0E 4C FD 0E			jmp l_00EE
   145
   146 				; ------------------------------------------------------------
   147
   148 0D11			.local	SYSTEM						; UNIT
   149
   150 				; ------------------------------------------------------------
   151 				; ------------------------------------------------------------
   152 0D11			@UnitInit
   153
   154 0D11 60				rts
   155
   156 				; ------------------------------------------------------------
   157
   158 = 0648			M_PI_2	= $0648
   159 = 0192			D_PI_2	= $0192
   160 = 0004			D_PI_180	= $04
   161 = 0004			FMOPENREAD	= $04
   162 = 0008			FMOPENWRITE	= $08
   163 = 0009			FMOPENAPPEND	= $09
   164 = 000C			FMOPENREADWRITE	= $0C
   165 = 131A			DATESEPARATOR	= DATAORIGIN+$0000
   166 = 131B			FILEMODE	= DATAORIGIN+$0001
   167 = 131C			GRAPHMODE	= DATAORIGIN+$0002
   168 = 131D			IORESULT	= DATAORIGIN+$0003
   169 = 131E			EOLN	= DATAORIGIN+$0004
   170 = 131F			SCREENWIDTH	= DATAORIGIN+$0005
   171 = 1321			SCREENHEIGHT	= DATAORIGIN+$0007
   172 = 0000			adr.MEM	= $00
   173 0D12			.var MEM	= adr.MEM .word
   174 = 1323			RNDSEED	= DATAORIGIN+$0009
   175
   176 = 0D12 00 00		MEM
   176 				.endl							; UNIT SYSTEM
   177
   178 				; ------------------------------------------------------------
   179
   180 0D14			.local	K4510						; UNIT
   181
   182 0D14			.local	MATHUNARY					; FUNCTION
   183
   184 				; optimize OK (K4510), line = 234
   185
   186 0D14 AD 25 13			lda X
   187 0D17 8D 00 D7			sta adr.MATH_F
   188 0D1A AD 26 13			lda X+1
   189 0D1D 8D 01 D7			sta adr.MATH_F+1
   190 0D20 AD 27 13			lda X+2
   191 0D23 8D 02 D7			sta adr.MATH_F+2
   192 0D26 AD 28 13			lda X+3
   193 0D29 8D 03 D7			sta adr.MATH_F+3
   194 0D2C 9C 21 D7			stz MATH_FARG
   195 0D2F AD 29 13			lda OP
   196 0D32 8D 20 D7			sta MATH_FOP
   197 0D35 AD 00 D7			lda adr.MATH_F
   198 0D38 8D 2A 13			sta RESULT
   199 0D3B AD 01 D7			lda adr.MATH_F+1
   200 0D3E 8D 2B 13			sta RESULT+1
   201 0D41 AD 02 D7			lda adr.MATH_F+2
   202 0D44 8D 2C 13			sta RESULT+2
   203 0D47 AD 03 D7			lda adr.MATH_F+3
   204 0D4A 8D 2D 13			sta RESULT+3
   205 0D4D			@exit
   206
   207 				; ------------------------------------------------------------
   208
   209 = 1325			X	= DATAORIGIN+$000B
   210 = 1329			OP	= DATAORIGIN+$000F
   211 = 132A			RESULT	= DATAORIGIN+$0010
   212
   213 = 1325			@VarData	= X
   214 = 0009			@VarDataSize	= 9
   215
   216 0D4D 60				rts						; ret
   217 				.endl
   218
   219 0D4E			.local	MATHBINARY					; FUNCTION
   220
   221 				; optimize OK (K4510), line = 238
   222
   223 0D4E AD 2E 13			lda X
   224 0D51 8D 00 D7			sta adr.MATH_F
   225 0D54 AD 2F 13			lda X+1
   226 0D57 8D 01 D7			sta adr.MATH_F+1
   227 0D5A AD 30 13			lda X+2
   228 0D5D 8D 02 D7			sta adr.MATH_F+2
   229 0D60 AD 31 13			lda X+3
   230 0D63 8D 03 D7			sta adr.MATH_F+3
   231 0D66 AD 32 13			lda Y
   232 0D69 8D 04 D7			sta adr.MATH_F+$04
   233 0D6C AD 33 13			lda Y+1
   234 0D6F 8D 05 D7			sta adr.MATH_F+1+$04
   235 0D72 AD 34 13			lda Y+2
   236 0D75 8D 06 D7			sta adr.MATH_F+2+$04
   237 0D78 AD 35 13			lda Y+3
   238 0D7B 8D 07 D7			sta adr.MATH_F+3+$04
   239 0D7E A9 01			lda #$01
   240 0D80 8D 21 D7			sta MATH_FARG
   241 0D83 AD 36 13			lda OP
   242 0D86 8D 20 D7			sta MATH_FOP
   243 0D89 AD 00 D7			lda adr.MATH_F
   244 0D8C 8D 37 13			sta RESULT
   245 0D8F AD 01 D7			lda adr.MATH_F+1
   246 0D92 8D 38 13			sta RESULT+1
   247 0D95 AD 02 D7			lda adr.MATH_F+2
   248 0D98 8D 39 13			sta RESULT+2
   249 0D9B AD 03 D7			lda adr.MATH_F+3
   250 0D9E 8D 3A 13			sta RESULT+3
   251 0DA1			@exit
   252
   253 				; ------------------------------------------------------------
   254
   255 = 132E			X	= DATAORIGIN+$0014
   256 = 1332			Y	= DATAORIGIN+$0018
   257 = 1336			OP	= DATAORIGIN+$001C
   258 = 1337			RESULT	= DATAORIGIN+$001D
   259
   260 = 132E			@VarData	= X
   261 = 000D			@VarDataSize	= 13
   262
   263 0DA1 60				rts						; ret
   264 				.endl
   265
   266 0DA2			.local	MATHSQRT					; FUNCTION
   267
   268 				; optimize OK (K4510), line = 240
   269
   270 0DA2 AD 3B 13			lda X
   271 0DA5 8D 25 13			sta MATHUNARY.X
   272 0DA8 AD 3C 13			lda X+1
   273 0DAB 8D 26 13			sta MATHUNARY.X+1
   274 0DAE AD 3D 13			lda X+2
   275 0DB1 8D 27 13			sta MATHUNARY.X+2
   276 0DB4 AD 3E 13			lda X+3
   277 0DB7 8D 28 13			sta MATHUNARY.X+3
   278 0DBA A9 05			lda #$05
   279 0DBC 8D 29 13			sta MATHUNARY.OP
   280 0DBF 20 14 0D			jsr MATHUNARY
   281 0DC2 AD 2A 13			lda MATHUNARY.RESULT
   282 0DC5 8D 3F 13			sta RESULT
   283 0DC8 AD 2B 13			lda MATHUNARY.RESULT+1
   284 0DCB 8D 40 13			sta RESULT+1
   285 0DCE AD 2C 13			lda MATHUNARY.RESULT+2
   286 0DD1 8D 41 13			sta RESULT+2
   287 0DD4 AD 2D 13			lda MATHUNARY.RESULT+3
   288 0DD7 8D 42 13			sta RESULT+3
   289 0DDA			@exit
   290
   291 				; ------------------------------------------------------------
   292
   293 = 133B			X	= DATAORIGIN+$0021
   294 = 133F			RESULT	= DATAORIGIN+$0025
   295
   296 = 133B			@VarData	= X
   297 = 0008			@VarDataSize	= 8
   298
   299 0DDA 60				rts						; ret
   300 				.endl
   301
   302 0DDB			.local	MATHSIN						; FUNCTION
   303
   304 				; optimize OK (K4510), line = 241
   305
   306 0DDB AD 43 13			lda X
   307 0DDE 8D 25 13			sta MATHUNARY.X
   308 0DE1 AD 44 13			lda X+1
   309 0DE4 8D 26 13			sta MATHUNARY.X+1
   310 0DE7 AD 45 13			lda X+2
   311 0DEA 8D 27 13			sta MATHUNARY.X+2
   312 0DED AD 46 13			lda X+3
   313 0DF0 8D 28 13			sta MATHUNARY.X+3
   314 0DF3 A9 06			lda #$06
   315 0DF5 8D 29 13			sta MATHUNARY.OP
   316 0DF8 20 14 0D			jsr MATHUNARY
   317 0DFB AD 2A 13			lda MATHUNARY.RESULT
   318 0DFE 8D 47 13			sta RESULT
   319 0E01 AD 2B 13			lda MATHUNARY.RESULT+1
   320 0E04 8D 48 13			sta RESULT+1
   321 0E07 AD 2C 13			lda MATHUNARY.RESULT+2
   322 0E0A 8D 49 13			sta RESULT+2
   323 0E0D AD 2D 13			lda MATHUNARY.RESULT+3
   324 0E10 8D 4A 13			sta RESULT+3
   325 0E13			@exit
   326
   327 				; ------------------------------------------------------------
   328
   329 = 1343			X	= DATAORIGIN+$0029
   330 = 1347			RESULT	= DATAORIGIN+$002D
   331
   332 = 1343			@VarData	= X
   333 = 0008			@VarDataSize	= 8
   334
   335 0E13 60				rts						; ret
   336 				.endl
   337
   338 0E14			.local	MATHATAN2					; FUNCTION
   339
   340 				; optimize OK (K4510), line = 245
   341
   342 0E14 AD 4B 13			lda Y
   343 0E17 8D 2E 13			sta MATHBINARY.X
   344 0E1A AD 4C 13			lda Y+1
   345 0E1D 8D 2F 13			sta MATHBINARY.X+1
   346 0E20 AD 4D 13			lda Y+2
   347 0E23 8D 30 13			sta MATHBINARY.X+2
   348 0E26 AD 4E 13			lda Y+3
   349 0E29 8D 31 13			sta MATHBINARY.X+3
   350 0E2C AD 4F 13			lda X
   351 0E2F 8D 32 13			sta MATHBINARY.Y
   352 0E32 AD 50 13			lda X+1
   353 0E35 8D 33 13			sta MATHBINARY.Y+1
   354 0E38 AD 51 13			lda X+2
   355 0E3B 8D 34 13			sta MATHBINARY.Y+2
   356 0E3E AD 52 13			lda X+3
   357 0E41 8D 35 13			sta MATHBINARY.Y+3
   358 0E44 A9 0A			lda #$0A
   359 0E46 8D 36 13			sta MATHBINARY.OP
   360 0E49 20 4E 0D			jsr MATHBINARY
   361 0E4C AD 37 13			lda MATHBINARY.RESULT
   362 0E4F 8D 53 13			sta RESULT
   363 0E52 AD 38 13			lda MATHBINARY.RESULT+1
   364 0E55 8D 54 13			sta RESULT+1
   365 0E58 AD 39 13			lda MATHBINARY.RESULT+2
   366 0E5B 8D 55 13			sta RESULT+2
   367 0E5E AD 3A 13			lda MATHBINARY.RESULT+3
   368 0E61 8D 56 13			sta RESULT+3
   369 0E64			@exit
   370
   371 				; ------------------------------------------------------------
   372
   373 = 134B			Y	= DATAORIGIN+$0031
   374 = 134F			X	= DATAORIGIN+$0035
   375 = 1353			RESULT	= DATAORIGIN+$0039
   376
   377 = 134B			@VarData	= Y
   378 = 000C			@VarDataSize	= 12
   379
   380 0E64 60				rts						; ret
   381 				.endl
   382
   383 0E65			.local	MATHLN						; FUNCTION
   384
   385 				; optimize OK (K4510), line = 247
   386
   387 0E65 AD 57 13			lda X
   388 0E68 8D 25 13			sta MATHUNARY.X
   389 0E6B AD 58 13			lda X+1
   390 0E6E 8D 26 13			sta MATHUNARY.X+1
   391 0E71 AD 59 13			lda X+2
   392 0E74 8D 27 13			sta MATHUNARY.X+2
   393 0E77 AD 5A 13			lda X+3
   394 0E7A 8D 28 13			sta MATHUNARY.X+3
   395 0E7D A9 0C			lda #$0C
   396 0E7F 8D 29 13			sta MATHUNARY.OP
   397 0E82 20 14 0D			jsr MATHUNARY
   398 0E85 AD 2A 13			lda MATHUNARY.RESULT
   399 0E88 8D 5B 13			sta RESULT
   400 0E8B AD 2B 13			lda MATHUNARY.RESULT+1
   401 0E8E 8D 5C 13			sta RESULT+1
   402 0E91 AD 2C 13			lda MATHUNARY.RESULT+2
   403 0E94 8D 5D 13			sta RESULT+2
   404 0E97 AD 2D 13			lda MATHUNARY.RESULT+3
   405 0E9A 8D 5E 13			sta RESULT+3
   406 0E9D			@exit
   407
   408 				; ------------------------------------------------------------
   409
   410 = 1357			X	= DATAORIGIN+$003D
   411 = 135B			RESULT	= DATAORIGIN+$0041
   412
   413 = 1357			@VarData	= X
   414 = 0008			@VarDataSize	= 8
   415
   416 0E9D 60				rts						; ret
   417 				.endl
   418
   419 0E9E			.local	MATHPOW						; FUNCTION
   420
   421 				; optimize OK (K4510), line = 248
   422
   423 0E9E AD 5F 13			lda X
   424 0EA1 8D 2E 13			sta MATHBINARY.X
   425 0EA4 AD 60 13			lda X+1
   426 0EA7 8D 2F 13			sta MATHBINARY.X+1
   427 0EAA AD 61 13			lda X+2
   428 0EAD 8D 30 13			sta MATHBINARY.X+2
   429 0EB0 AD 62 13			lda X+3
   430 0EB3 8D 31 13			sta MATHBINARY.X+3
   431 0EB6 AD 63 13			lda Y
   432 0EB9 8D 32 13			sta MATHBINARY.Y
   433 0EBC AD 64 13			lda Y+1
   434 0EBF 8D 33 13			sta MATHBINARY.Y+1
   435 0EC2 AD 65 13			lda Y+2
   436 0EC5 8D 34 13			sta MATHBINARY.Y+2
   437 0EC8 AD 66 13			lda Y+3
   438 0ECB 8D 35 13			sta MATHBINARY.Y+3
   439 0ECE A9 0D			lda #$0D
   440 0ED0 8D 36 13			sta MATHBINARY.OP
   441 0ED3 20 4E 0D			jsr MATHBINARY
   442 0ED6 AD 37 13			lda MATHBINARY.RESULT
   443 0ED9 8D 67 13			sta RESULT
   444 0EDC AD 38 13			lda MATHBINARY.RESULT+1
   445 0EDF 8D 68 13			sta RESULT+1
   446 0EE2 AD 39 13			lda MATHBINARY.RESULT+2
   447 0EE5 8D 69 13			sta RESULT+2
   448 0EE8 AD 3A 13			lda MATHBINARY.RESULT+3
   449 0EEB 8D 6A 13			sta RESULT+3
   450 0EEE			@exit
   451
   452 				; ------------------------------------------------------------
   453
   454 = 135F			X	= DATAORIGIN+$0045
   455 = 1363			Y	= DATAORIGIN+$0049
   456 = 1367			RESULT	= DATAORIGIN+$004D
   457
   458 = 135F			@VarData	= X
   459 = 000C			@VarDataSize	= 12
   460
   461 0EEE 60				rts						; ret
   462 				.endl
   463
   464 				; ------------------------------------------------------------
   465
   466 = D000			VICKY_BASE	= $D000
   467 = D400			SID_BASE	= $D400
   468 = D500			SYS_BASE	= $D500
   469 = D700			MATH_BASE	= $D700
   470 = DA00			TERM_BASE	= $DA00
   471 = 0001			FS_OPEN_READ	= $01
   472 = 0002			FS_OPEN_WRITE	= $02
   473 = 0003			FS_READ	= $03
   474 = 0004			FS_WRITE	= $04
   475 = 0005			FS_CLOSE	= $05
   476 = 0006			FS_DIR_FIRST	= $06
   477 = 0007			FS_DIR_NEXT	= $07
   478 = 0008			FS_STAT	= $08
   479 = 0009			FS_LOAD	= $09
   480 = 000A			FS_SAVE	= $0A
   481 = 000B			FS_CHDIR	= $0B
   482 = 000C			FS_MKDIR	= $0C
   483 = 000D			FS_RM	= $0D
   484 = 000E			FS_RMDIR	= $0E
   485 = 000F			FS_GETCWD	= $0F
   486 = D000			adr.VICKY	= $D000
   487 0EEF			.var VICKY	= adr.VICKY .word
   488 = D100			KBD	= $D100
   489 = D101			KBDST	= $D101
   490 = D102			KBDPEEK	= $D102
   491 = D200			DMA_SRC	= $D200
   492 = D204			DMA_DST	= $D204
   493 = D208			DMA_LEN	= $D208
   494 = D20C			DMA_CMD	= $D20C
   495 = D300			FS_CMD	= $D300
   496 = D301			FS_STATUS	= $D301
   497 = D304			FS_NAMEPTR	= $D304
   498 = D308			FS_ADDR	= $D308
   499 = D30C			FS_LEN	= $D30C
   500 = D310			FS_SIZE	= $D310
   501 = D400			adr.SIDREG	= $D400
   502 0EEF			.var SIDREG	= adr.SIDREG .word
   503 = D500			adr.SYS	= $D500
   504 0EEF			.var SYS	= adr.SYS .word
   505 = D50D			SYS_FRAMES	= $D50D
   506 = D50D			adr.SYS_FRAMES24	= $D50D
   507 0EEF			.var SYS_FRAMES24	= adr.SYS_FRAMES24 .word
   508 = D700			adr.MATH_F	= $D700
   509 0EEF			.var MATH_F	= adr.MATH_F .word
   510 = D720			MATH_FOP	= $D720
   511 = D721			MATH_FARG	= $D721
   512 = D722			MATH_FFLAGS	= $D722
   513 = D724			MATH_FI	= $D724
   514 = D770			MULTINA	= $D770
   515 = D774			MULTINB	= $D774
   516 = D778			MULTOUT	= $D778
   517 = D76C			DIVOUT	= $D76C
   518 = D800			adr.TUBE	= $D800
   519 0EEF			.var TUBE	= adr.TUBE .word
   520 = D900			adr.NET	= $D900
   521 0EEF			.var NET	= adr.NET .word
   522 = DA00			TERM	= $DA00
   523 = DA01			TERM_ST	= $DA01
   524 = DA02			TERM_REP	= $DA02
   525 = DA03			TERM_KEY	= $DA03
   526 = DA04			TERM_CTL	= $DA04
   527 = DA05			TERM_COLS	= $DA05
   528 = DA06			TERM_ROWS	= $DA06
   529 = DA09			TERM_CX	= $DA09
   530 = DA0A			TERM_CY	= $DA0A
   531 = DA0B			TERM_FG	= $DA0B
   532 = DA0C			TERM_BG	= $DA0C
   533 = DA0E			TERM_FLAGS	= $DA0E
   534
   535 = 0EEF 00 D0		VICKY
   535 = 0EF1 00 D4		SIDREG
   535 = 0EF3 00 D5		SYS
   535 = 0EF5 0D D5		SYS_FRAMES24
   535 = 0EF7 00 D7		MATH_F
   535 = 0EF9 00 D8		TUBE
   535 = 0EFB 00 D9		NET
   535 				.endl							; UNIT K4510
   536 0EFD			l_00EE
   537
   538 				; optimize OK (pfloat.pas), line = 12
   539
   540 0EFD 9C 6B 13			stz A
   541 0F00 9C 6C 13			stz A+1
   542 0F03 A9 C0			lda #$C0
   543 0F05 8D 6D 13			sta A+2
   544 0F08 A9 3F			lda #$3F
   545 0F0A 8D 6E 13			sta A+3
   546 0F0D 9C 6F 13			stz B
   547 0F10 9C 70 13			stz B+1
   548 0F13 A9 10			lda #$10
   549 0F15 8D 71 13			sta B+2
   550 0F18 A9 40			lda #$40
   551 0F1A 8D 72 13			sta B+3
   552
   553 				; optimize FAIL ('@print', pfloat.pas), line = 13
   554
   555 					@printSTRING #CODEORIGIN+$0000
   555 				 LDY> CODEORIGIN+$0000\ LDA< CODEORIGIN+$0000\ JSR @PRINTSTRING
   555 0F1D A0 08		 LDY> CODEORIGIN+$0000
   555 0F1F A9 00		 LDA< CODEORIGIN+$0000
   555 0F21 20 26 0C		 JSR @PRINTSTRING
   556 0F24 E8				inx
   557 0F25 E8				inx
   558 0F26 AD 6F 13			lda B
   559 0F29 85 2A			sta :FP2MAN0
   560 0F2B AD 70 13			lda B+1
   561 0F2E 85 2B			sta :FP2MAN1
   562 0F30 AD 71 13			lda B+2
   563 0F33 85 2C			sta :FP2MAN2
   564 0F35 AD 72 13			lda B+3
   565 0F38 85 2D			sta :FP2MAN3
   566 0F3A AD 6B 13			lda A
   567 0F3D 85 26			sta :FP1MAN0
   568 0F3F AD 6C 13			lda A+1
   569 0F42 85 27			sta :FP1MAN1
   570 0F44 AD 6D 13			lda A+2
   571 0F47 85 28			sta :FP1MAN2
   572 0F49 AD 6E 13			lda A+3
   573 0F4C 85 29			sta :FP1MAN3
   574 0F4E 20 21 09			jsr @FADD
   575 0F51 CA				dex
   576 0F52 A5 2E			lda :FPMAN0
   577 0F54 85 2A			sta @FTOA.I
   578 0F56 A5 2F			lda :FPMAN1
   579 0F58 85 2B			sta @FTOA.I+1
   580 0F5A A5 30			lda :FPMAN2
   581 0F5C 85 2C			sta @FTOA.I+2
   582 0F5E A5 31			lda :FPMAN3
   583 0F60 85 2D			sta @FTOA.I+3
   584 0F62 CA				dex
   585 0F63 20 BC 0C			jsr @FTOA
   586 0F66 20 1C 0C			@printEOL
   587
   588 				; optimize FAIL ('@print', pfloat.pas), line = 14
   589
   590 					@printSTRING #CODEORIGIN+$000E
   590 				 LDY> CODEORIGIN+$000E\ LDA< CODEORIGIN+$000E\ JSR @PRINTSTRING
   590 0F69 A0 08		 LDY> CODEORIGIN+$000E
   590 0F6B A9 0E		 LDA< CODEORIGIN+$000E
   590 0F6D 20 26 0C		 JSR @PRINTSTRING
   591 0F70 E8				inx
   592 0F71 E8				inx
   593 0F72 AD 6F 13			lda B
   594 0F75 85 2A			sta :FP2MAN0
   595 0F77 AD 70 13			lda B+1
   596 0F7A 85 2B			sta :FP2MAN1
   597 0F7C AD 71 13			lda B+2
   598 0F7F 85 2C			sta :FP2MAN2
   599 0F81 AD 72 13			lda B+3
   600 0F84 85 2D			sta :FP2MAN3
   601 0F86 AD 6B 13			lda A
   602 0F89 85 26			sta :FP1MAN0
   603 0F8B AD 6C 13			lda A+1
   604 0F8E 85 27			sta :FP1MAN1
   605 0F90 AD 6D 13			lda A+2
   606 0F93 85 28			sta :FP1MAN2
   607 0F95 AD 6E 13			lda A+3
   608 0F98 85 29			sta :FP1MAN3
   609 0F9A 20 3B 09			jsr @FSUB
   610 0F9D CA				dex
   611 0F9E A5 2E			lda :FPMAN0
   612 0FA0 85 2A			sta @FTOA.I
   613 0FA2 A5 2F			lda :FPMAN1
   614 0FA4 85 2B			sta @FTOA.I+1
   615 0FA6 A5 30			lda :FPMAN2
   616 0FA8 85 2C			sta @FTOA.I+2
   617 0FAA A5 31			lda :FPMAN3
   618 0FAC 85 2D			sta @FTOA.I+3
   619 0FAE CA				dex
   620 0FAF 20 BC 0C			jsr @FTOA
   621 0FB2 20 1C 0C			@printEOL
   622
   623 				; optimize FAIL ('@print', pfloat.pas), line = 15
   624
   625 					@printSTRING #CODEORIGIN+$001C
   625 				 LDY> CODEORIGIN+$001C\ LDA< CODEORIGIN+$001C\ JSR @PRINTSTRING
   625 0FB5 A0 08		 LDY> CODEORIGIN+$001C
   625 0FB7 A9 1C		 LDA< CODEORIGIN+$001C
   625 0FB9 20 26 0C		 JSR @PRINTSTRING
   626 0FBC E8				inx
   627 0FBD E8				inx
   628 0FBE AD 6F 13			lda B
   629 0FC1 85 2A			sta :FP2MAN0
   630 0FC3 AD 70 13			lda B+1
   631 0FC6 85 2B			sta :FP2MAN1
   632 0FC8 AD 71 13			lda B+2
   633 0FCB 85 2C			sta :FP2MAN2
   634 0FCD AD 72 13			lda B+3
   635 0FD0 85 2D			sta :FP2MAN3
   636 0FD2 AD 6B 13			lda A
   637 0FD5 85 26			sta :FP1MAN0
   638 0FD7 AD 6C 13			lda A+1
   639 0FDA 85 27			sta :FP1MAN1
   640 0FDC AD 6D 13			lda A+2
   641 0FDF 85 28			sta :FP1MAN2
   642 0FE1 AD 6E 13			lda A+3
   643 0FE4 85 29			sta :FP1MAN3
   644 0FE6 20 68 09			jsr @FMUL
   645 0FE9 CA				dex
   646 0FEA A5 2E			lda :FPMAN0
   647 0FEC 85 2A			sta @FTOA.I
   648 0FEE A5 2F			lda :FPMAN1
   649 0FF0 85 2B			sta @FTOA.I+1
   650 0FF2 A5 30			lda :FPMAN2
   651 0FF4 85 2C			sta @FTOA.I+2
   652 0FF6 A5 31			lda :FPMAN3
   653 0FF8 85 2D			sta @FTOA.I+3
   654 0FFA CA				dex
   655 0FFB 20 BC 0C			jsr @FTOA
   656 0FFE 20 1C 0C			@printEOL
   657
   658 				; optimize FAIL ('@print', pfloat.pas), line = 16
   659
   660 					@printSTRING #CODEORIGIN+$002A
   660 				 LDY> CODEORIGIN+$002A\ LDA< CODEORIGIN+$002A\ JSR @PRINTSTRING
   660 1001 A0 08		 LDY> CODEORIGIN+$002A
   660 1003 A9 2A		 LDA< CODEORIGIN+$002A
   660 1005 20 26 0C		 JSR @PRINTSTRING
   661 1008 E8				inx
   662 1009 A9 80 95 64			mva #$80 :STACKORIGIN,x
   663 100D A9 03 95 74			mva #$03 :STACKORIGIN+STACKWIDTH,x
   664 1011 A9 00 95 84			mva #$00 :STACKORIGIN+STACKWIDTH*2,x
   665 1015 95 94			sta :STACKORIGIN+STACKWIDTH*3,x
   666 1017 20 D4 0C			jsr @printREAL
   667 101A CA				dex
   668 101B 20 1C 0C			@printEOL
   669
   670 				; optimize FAIL ('@print', pfloat.pas), line = 17
   671
   672 					@printSTRING #CODEORIGIN+$0033
   672 				 LDY> CODEORIGIN+$0033\ LDA< CODEORIGIN+$0033\ JSR @PRINTSTRING
   672 101E A0 08		 LDY> CODEORIGIN+$0033
   672 1020 A9 33		 LDA< CODEORIGIN+$0033
   672 1022 20 26 0C		 JSR @PRINTSTRING
   673 1025 E8				inx
   674 1026 A9 FD 95 64			mva #$FD :STACKORIGIN,x
   675 102A 20 50 0C			jsr @printSHORTINT
   676 102D CA				dex
   677 					@printSTRING #CODEORIGIN+$0042
   677 				 LDY> CODEORIGIN+$0042\ LDA< CODEORIGIN+$0042\ JSR @PRINTSTRING
   677 102E A0 08		 LDY> CODEORIGIN+$0042
   677 1030 A9 42		 LDA< CODEORIGIN+$0042
   677 1032 20 26 0C		 JSR @PRINTSTRING
   678 1035 A9 03			lda #$03
   679 1037 20 83 0C			jsr @printBYTE._a
   680 					@printSTRING #CODEORIGIN+$0052
   680 				 LDY> CODEORIGIN+$0052\ LDA< CODEORIGIN+$0052\ JSR @PRINTSTRING
   680 103A A0 08		 LDY> CODEORIGIN+$0052
   680 103C A9 52		 LDA< CODEORIGIN+$0052
   680 103E 20 26 0C		 JSR @PRINTSTRING
   681 1041 E8				inx
   682 1042 A9 C0 95 64			mva #$C0 :STACKORIGIN,x
   683 1046 A9 00 95 74			mva #$00 :STACKORIGIN+STACKWIDTH,x
   684 104A 95 84			sta :STACKORIGIN+STACKWIDTH*2,x
   685 104C 95 94			sta :STACKORIGIN+STACKWIDTH*3,x
   686 104E 20 D4 0C			jsr @printREAL
   687 1051 CA				dex
   688 1052 20 1C 0C			@printEOL
   689
   690 				; optimize OK (pfloat.pas), line = 18
   691
   692 1055 AD 6F 13			lda B
   693 1058 85 26			sta @FCMPL.A
   694 105A AD 70 13			lda B+1
   695 105D 85 27			sta @FCMPL.A+1
   696 105F AD 71 13			lda B+2
   697 1062 85 28			sta @FCMPL.A+2
   698 1064 AD 72 13			lda B+3
   699 1067 85 29			sta @FCMPL.A+3
   700 1069 AD 6B 13			lda A
   701 106C 85 2E			sta @FCMPL.B
   702 106E AD 6C 13			lda A+1
   703 1071 85 2F			sta @FCMPL.B+1
   704 1073 AD 6D 13			lda A+2
   705 1076 85 30			sta @FCMPL.B+2
   706 1078 AD 6E 13			lda A+3
   707 107B 85 31			sta @FCMPL.B+3
   708 107D 20 A9 09			jsr @FCMPL
   709 1080 10 0D			jpl l_0202
   710 					@printSTRING #CODEORIGIN+$0062
   710 				 LDY> CODEORIGIN+$0062\ LDA< CODEORIGIN+$0062\ JSR @PRINTSTRING
   710 1082 A0 08		 LDY> CODEORIGIN+$0062
   710 1084 A9 62		 LDA< CODEORIGIN+$0062
   710 1086 20 26 0C		 JSR @PRINTSTRING
   711 1089 20 1C 0C			@printEOL
   712 108C 4C 99 10			jmp l_020C
   713 108F			l_0202
   714 					@printSTRING #CODEORIGIN+$0072
   714 				 LDY> CODEORIGIN+$0072\ LDA< CODEORIGIN+$0072\ JSR @PRINTSTRING
   714 108F A0 08		 LDY> CODEORIGIN+$0072
   714 1091 A9 72		 LDA< CODEORIGIN+$0072
   714 1093 20 26 0C		 JSR @PRINTSTRING
   715 1096 20 1C 0C			@printEOL
   716 1099			l_020C
   717
   718 				; optimize FAIL ('@print', pfloat.pas), line = 19
   719
   720 					@printSTRING #CODEORIGIN+$0081
   720 				 LDY> CODEORIGIN+$0081\ LDA< CODEORIGIN+$0081\ JSR @PRINTSTRING
   720 1099 A0 08		 LDY> CODEORIGIN+$0081
   720 109B A9 81		 LDA< CODEORIGIN+$0081
   720 109D 20 26 0C		 JSR @PRINTSTRING
   721 10A0 9C 3B 13			stz K4510.MATHSQRT.X
   722 10A3 9C 3C 13			stz K4510.MATHSQRT.X+1
   723 10A6 9C 3D 13			stz K4510.MATHSQRT.X+2
   724 10A9 A9 40			lda #$40
   725 10AB 8D 3E 13			sta K4510.MATHSQRT.X+3
   726 10AE 20 A2 0D			jsr K4510.MATHSQRT
   727 10B1 AD 3F 13			lda K4510.MATHSQRT.RESULT
   728 10B4 85 2A			sta @FTOA.I
   729 10B6 AD 40 13			lda K4510.MATHSQRT.RESULT+1
   730 10B9 85 2B			sta @FTOA.I+1
   731 10BB AD 41 13			lda K4510.MATHSQRT.RESULT+2
   732 10BE 85 2C			sta @FTOA.I+2
   733 10C0 AD 42 13			lda K4510.MATHSQRT.RESULT+3
   734 10C3 85 2D			sta @FTOA.I+3
   735 10C5 20 BC 0C			jsr @FTOA
   736 					@printSTRING #CODEORIGIN+$008C
   736 				 LDY> CODEORIGIN+$008C\ LDA< CODEORIGIN+$008C\ JSR @PRINTSTRING
   736 10C8 A0 08		 LDY> CODEORIGIN+$008C
   736 10CA A9 8C		 LDA< CODEORIGIN+$008C
   736 10CC 20 26 0C		 JSR @PRINTSTRING
   737 10CF 9C 43 13			stz K4510.MATHSIN.X
   738 10D2 9C 44 13			stz K4510.MATHSIN.X+1
   739 10D5 A9 80			lda #$80
   740 10D7 8D 45 13			sta K4510.MATHSIN.X+2
   741 10DA A9 3F			lda #$3F
   742 10DC 8D 46 13			sta K4510.MATHSIN.X+3
   743 10DF 20 DB 0D			jsr K4510.MATHSIN
   744 10E2 AD 47 13			lda K4510.MATHSIN.RESULT
   745 10E5 85 2A			sta @FTOA.I
   746 10E7 AD 48 13			lda K4510.MATHSIN.RESULT+1
   747 10EA 85 2B			sta @FTOA.I+1
   748 10EC AD 49 13			lda K4510.MATHSIN.RESULT+2
   749 10EF 85 2C			sta @FTOA.I+2
   750 10F1 AD 4A 13			lda K4510.MATHSIN.RESULT+3
   751 10F4 85 2D			sta @FTOA.I+3
   752 10F6 20 BC 0C			jsr @FTOA
   753 					@printSTRING #CODEORIGIN+$0098
   753 				 LDY> CODEORIGIN+$0098\ LDA< CODEORIGIN+$0098\ JSR @PRINTSTRING
   753 10F9 A0 08		 LDY> CODEORIGIN+$0098
   753 10FB A9 98		 LDA< CODEORIGIN+$0098
   753 10FD 20 26 0C		 JSR @PRINTSTRING
   754 1100 9C 57 13			stz K4510.MATHLN.X
   755 1103 9C 58 13			stz K4510.MATHLN.X+1
   756 1106 A9 20			lda #$20
   757 1108 8D 59 13			sta K4510.MATHLN.X+2
   758 110B A9 41			lda #$41
   759 110D 8D 5A 13			sta K4510.MATHLN.X+3
   760 1110 20 65 0E			jsr K4510.MATHLN
   761 1113 AD 5B 13			lda K4510.MATHLN.RESULT
   762 1116 85 2A			sta @FTOA.I
   763 1118 AD 5C 13			lda K4510.MATHLN.RESULT+1
   764 111B 85 2B			sta @FTOA.I+1
   765 111D AD 5D 13			lda K4510.MATHLN.RESULT+2
   766 1120 85 2C			sta @FTOA.I+2
   767 1122 AD 5E 13			lda K4510.MATHLN.RESULT+3
   768 1125 85 2D			sta @FTOA.I+3
   769 1127 20 BC 0C			jsr @FTOA
   770 112A 20 1C 0C			@printEOL
   771
   772 				; optimize FAIL ('@print', pfloat.pas), line = 20
   773
   774 					@printSTRING #CODEORIGIN+$00A4
   774 				 LDY> CODEORIGIN+$00A4\ LDA< CODEORIGIN+$00A4\ JSR @PRINTSTRING
   774 112D A0 08		 LDY> CODEORIGIN+$00A4
   774 112F A9 A4		 LDA< CODEORIGIN+$00A4
   774 1131 20 26 0C		 JSR @PRINTSTRING
   775 1134 9C 5F 13			stz K4510.MATHPOW.X
   776 1137 9C 60 13			stz K4510.MATHPOW.X+1
   777 113A 9C 61 13			stz K4510.MATHPOW.X+2
   778 113D A9 40			lda #$40
   779 113F 8D 62 13			sta K4510.MATHPOW.X+3
   780 1142 9C 63 13			stz K4510.MATHPOW.Y
   781 1145 9C 64 13			stz K4510.MATHPOW.Y+1
   782 1148 A9 20			lda #$20
   783 114A 8D 65 13			sta K4510.MATHPOW.Y+2
   784 114D A9 41			lda #$41
   785 114F 8D 66 13			sta K4510.MATHPOW.Y+3
   786 1152 20 9E 0E			jsr K4510.MATHPOW
   787 1155 AD 67 13			lda K4510.MATHPOW.RESULT
   788 1158 85 2A			sta @FTOA.I
   789 115A AD 68 13			lda K4510.MATHPOW.RESULT+1
   790 115D 85 2B			sta @FTOA.I+1
   791 115F AD 69 13			lda K4510.MATHPOW.RESULT+2
   792 1162 85 2C			sta @FTOA.I+2
   793 1164 AD 6A 13			lda K4510.MATHPOW.RESULT+3
   794 1167 85 2D			sta @FTOA.I+3
   795 1169 20 BC 0C			jsr @FTOA
   796 					@printSTRING #CODEORIGIN+$00AC
   796 				 LDY> CODEORIGIN+$00AC\ LDA< CODEORIGIN+$00AC\ JSR @PRINTSTRING
   796 116C A0 08		 LDY> CODEORIGIN+$00AC
   796 116E A9 AC		 LDA< CODEORIGIN+$00AC
   796 1170 20 26 0C		 JSR @PRINTSTRING
   797 1173 A9 00			lda #$00
   798 1175 8D 4B 13			sta K4510.MATHATAN2.Y
   799 1178 8D 4F 13			sta K4510.MATHATAN2.X
   800 117B 8D 4C 13			sta K4510.MATHATAN2.Y+1
   801 117E 8D 50 13			sta K4510.MATHATAN2.X+1
   802 1181 A9 80			lda #$80
   803 1183 8D 4D 13			sta K4510.MATHATAN2.Y+2
   804 1186 8D 51 13			sta K4510.MATHATAN2.X+2
   805 1189 A9 3F			lda #$3F
   806 118B 8D 4E 13			sta K4510.MATHATAN2.Y+3
   807 118E 8D 52 13			sta K4510.MATHATAN2.X+3
   808 1191 20 14 0E			jsr K4510.MATHATAN2
   809 1194 E8				inx
   810 1195 E8				inx
   811 1196 A9 00			lda #$00
   812 1198 85 2A			sta :FP2MAN0
   813 119A 85 2B			sta :FP2MAN1
   814 119C A9 80			lda #$80
   815 119E 85 2C			sta :FP2MAN2
   816 11A0 A9 40			lda #$40
   817 11A2 85 2D			sta :FP2MAN3
   818 11A4 AD 53 13			lda K4510.MATHATAN2.RESULT
   819 11A7 85 26			sta :FP1MAN0
   820 11A9 AD 54 13			lda K4510.MATHATAN2.RESULT+1
   821 11AC 85 27			sta :FP1MAN1
   822 11AE AD 55 13			lda K4510.MATHATAN2.RESULT+2
   823 11B1 85 28			sta :FP1MAN2
   824 11B3 AD 56 13			lda K4510.MATHATAN2.RESULT+3
   825 11B6 85 29			sta :FP1MAN3
   826 11B8 20 68 09			jsr @FMUL
   827 11BB CA				dex
   828 11BC A5 2E			lda :FPMAN0
   829 11BE 85 2A			sta @FTOA.I
   830 11C0 A5 2F			lda :FPMAN1
   831 11C2 85 2B			sta @FTOA.I+1
   832 11C4 A5 30			lda :FPMAN2
   833 11C6 85 2C			sta @FTOA.I+2
   834 11C8 A5 31			lda :FPMAN3
   835 11CA 85 2D			sta @FTOA.I+3
   836 11CC CA				dex
   837 11CD 20 BC 0C			jsr @FTOA
   838 11D0 20 1C 0C			@printEOL
   839
   840 				; optimize OK (pfloat.pas), line = 21
   841
   842 11D3 AD 0D D5			lda K4510.SYS_FRAMES
   843 11D6 8D 79 13			sta F0
   844 11D9 A9 00			lda #$00
   845 11DB 8D 73 13			sta C
   846 11DE 8D 75 13			sta C+2
   847 11E1 8D 74 13			sta C+1
   848 11E4 8D 76 13			sta C+3
   849
   850 				; optimize OK (pfloat.pas), line = 22
   851
   852 11E7 A9 01			lda #$01
   853 11E9 8D 77 13			sta I
   854 11EC 9C 78 13			stz I+1
   855
   856 11EF			l_022D
   857 				; --- ForToDoCondition
   858 11EF AD 78 13			lda I+1
   859 11F2 C9 13			cmp #$13
   860 11F4 90 11			bcc @+
   861 11F6 F0 03 4C B7 12		jne l_0237
   862 11FB AD 77 13			lda I
   863 11FE C9 88			cmp #$88
   864 1200 90 05			bcc @+
   865 1202 F0 03 4C B7 12		jne l_0237
   866 				@
   867 1207 AD 6F 13			lda B
   868 120A 85 2A			sta :FP2MAN0
   869 120C AD 70 13			lda B+1
   870 120F 85 2B			sta :FP2MAN1
   871 1211 AD 71 13			lda B+2
   872 1214 85 2C			sta :FP2MAN2
   873 1216 AD 72 13			lda B+3
   874 1219 85 2D			sta :FP2MAN3
   875 121B AD 6B 13			lda A
   876 121E 85 26			sta :FP1MAN0
   877 1220 AD 6C 13			lda A+1
   878 1223 85 27			sta :FP1MAN1
   879 1225 AD 6D 13			lda A+2
   880 1228 85 28			sta :FP1MAN2
   881 122A AD 6E 13			lda A+3
   882 122D 85 29			sta :FP1MAN3
   883 122F 20 68 09			jsr @FMUL
   884 1232 A5 2E			lda :FPMAN0
   885 1234 85 26			sta :FP1MAN0
   886 1236 A5 2F			lda :FPMAN1
   887 1238 85 27			sta :FP1MAN1
   888 123A A5 30			lda :FPMAN2
   889 123C 85 28			sta :FP1MAN2
   890 123E A5 31			lda :FPMAN3
   891 1240 85 29			sta :FP1MAN3
   892 1242 64 2A			stz :FP2MAN0
   893 1244 64 2B			stz :FP2MAN1
   894 1246 A9 40			lda #$40
   895 1248 85 2C			sta :FP2MAN2
   896 124A 85 2D			sta :FP2MAN3
   897 124C 20 A4 09			jsr @FDIV
   898 124F A5 2E			lda :FPMAN0
   899 1251 85 2A			sta :FP2MAN0
   900 1253 A5 2F			lda :FPMAN1
   901 1255 85 2B			sta :FP2MAN1
   902 1257 A5 30			lda :FPMAN2
   903 1259 85 2C			sta :FP2MAN2
   904 125B A5 31			lda :FPMAN3
   905 125D 85 2D			sta :FP2MAN3
   906 125F AD 73 13			lda C
   907 1262 85 26			sta :FP1MAN0
   908 1264 AD 74 13			lda C+1
   909 1267 85 27			sta :FP1MAN1
   910 1269 AD 75 13			lda C+2
   911 126C 85 28			sta :FP1MAN2
   912 126E AD 76 13			lda C+3
   913 1271 85 29			sta :FP1MAN3
   914 1273 20 21 09			jsr @FADD
   915 1276 A5 2E			lda :FPMAN0
   916 1278 85 26			sta :FP1MAN0
   917 127A A5 2F			lda :FPMAN1
   918 127C 85 27			sta :FP1MAN1
   919 127E A5 30			lda :FPMAN2
   920 1280 85 28			sta :FP1MAN2
   921 1282 A5 31			lda :FPMAN3
   922 1284 85 29			sta :FP1MAN3
   923 1286 64 2A			stz :FP2MAN0
   924 1288 64 2B			stz :FP2MAN1
   925 128A 64 2C			stz :FP2MAN2
   926 128C A9 3F			lda #$3F
   927 128E 85 2D			sta :FP2MAN3
   928 1290 20 3B 09			jsr @FSUB
   929 1293 A5 2E			lda :FPMAN0
   930 1295 8D 73 13			sta C
   931 1298 A5 2F			lda :FPMAN1
   932 129A 8D 74 13			sta C+1
   933 129D A5 30			lda :FPMAN2
   934 129F 8D 75 13			sta C+2
   935 12A2 A5 31			lda :FPMAN3
   936 12A4 8D 76 13			sta C+3
   937
   938 				; --- ForToDoEpilog
   939 12A7 EE 77 13			inc I
   940 12AA F0 03 4C EF 11		jne l_022D
   941 12AF EE 78 13			inc I+1
   942 12B2 F0 03 4C EF 11		jne l_022D
   943 12B7			l_0237
   944
   945 				; optimize OK (pfloat.pas), line = 23
   946
   947 12B7 AD 0D D5			lda K4510.SYS_FRAMES
   948 12BA 38 ED 79 13			sub F0
   949 12BE 8D 7A 13			sta N
   950 12C1 A9 00			lda #$00
   951 12C3 E9 00			sbc #$00
   952 12C5 A0 00			ldy #$00
   953 12C7 29 00			and #$00
   954 12C9 10 01			spl
   955 12CB 88				dey
   956 12CC 8D 7B 13			sta N+1
   957 12CF 8C 7C 13			sty N+2
   958 12D2 8C 7D 13			sty N+3
   959
   960 				; optimize FAIL ('@print', pfloat.pas), line = 24
   961
   962 					@printSTRING #CODEORIGIN+$00BE
   962 				 LDY> CODEORIGIN+$00BE\ LDA< CODEORIGIN+$00BE\ JSR @PRINTSTRING
   962 12D5 A0 08		 LDY> CODEORIGIN+$00BE
   962 12D7 A9 BE		 LDA< CODEORIGIN+$00BE
   962 12D9 20 26 0C		 JSR @PRINTSTRING
   963 12DC E8				inx
   964 12DD AD 7A 13 95 64		mva N :STACKORIGIN,x
   965 12E2 AD 7B 13 95 74		mva N+1 :STACKORIGIN+STACKWIDTH,x
   966 12E7 AD 7C 13 95 84		mva N+2 :STACKORIGIN+STACKWIDTH*2,x
   967 12EC AD 7D 13 95 94		mva N+3 :STACKORIGIN+STACKWIDTH*3,x
   968 12F1 20 6D 0C			jsr @printINT
   969 12F4 CA				dex
   970 					@printSTRING #CODEORIGIN+$00DC
   970 				 LDY> CODEORIGIN+$00DC\ LDA< CODEORIGIN+$00DC\ JSR @PRINTSTRING
   970 12F5 A0 08		 LDY> CODEORIGIN+$00DC
   970 12F7 A9 DC		 LDA< CODEORIGIN+$00DC
   970 12F9 20 26 0C		 JSR @PRINTSTRING
   971 12FC AD 73 13			lda C
   972 12FF 85 2A			sta @FTOA.I
   973 1301 AD 74 13			lda C+1
   974 1304 85 2B			sta @FTOA.I+1
   975 1306 AD 75 13			lda C+2
   976 1309 85 2C			sta @FTOA.I+2
   977 130B AD 76 13			lda C+3
   978 130E 85 2D			sta @FTOA.I+3
   979 1310 20 BC 0C			jsr @FTOA
   980 1313 20 1C 0C			@printEOL
   981
   982 				; ------------------------------------------------------------
   983
   984 = 136B			A	= DATAORIGIN+$0051
   985 = 136F			B	= DATAORIGIN+$0055
   986 = 1373			C	= DATAORIGIN+$0059
   987 = 1377			I	= DATAORIGIN+$005D
   988 = 1379			F0	= DATAORIGIN+$005F
   989 = 137A			N	= DATAORIGIN+$0060
   990 1316			@exit
   991
   992 1316 A2 00		@halt	ldx #$00
   993 1318 9A				txs
   994
   995 1319 60				rts
   996
   997 				; ------------------------------------------------------------
   998
   999 131A			.local	@DEFINES
  1000 131A			K4510
  1001 131A			SOFTFLOAT
  1002 131A			CPU_65C02
  1003 				.endl
  1004
  1005 131A			.local	@RESOURCE
  1006 				.endl
  1007
  1008 				.endl							; MAIN
  1009
  1010 				; ------------------------------------------------------------
  1011 				; ------------------------------------------------------------
  1012
  1013 				.macro	UNITINITIALIZATION
  1014 				
  1015 					.ifdef MAIN.SYSTEM.@UnitInit
  1016 					jsr MAIN.SYSTEM.@UnitInit
  1017 					.fi
  1018 				
  1019 					.ifdef MAIN.K4510.@UnitInit
  1020 					jsr MAIN.K4510.@UnitInit
  1021 					.fi
  1022 				.endm
  1023
  1024 				; ------------------------------------------------------------
  1025
  1026 					ift .SIZEOF(MAIN.SYSTEM) > 0
  1027 					.print 'SYSTEM: ',MAIN.SYSTEM,'..',MAIN.SYSTEM+.SIZEOF(MAIN.SYSTEM)-1
  1027 				SYSTEM: $0D11..$0D13
  1028 					eif
  1029
  1030 					ift .SIZEOF(MAIN.K4510) > 0
  1031 					.print 'K4510: ',MAIN.K4510,'..',MAIN.K4510+.SIZEOF(MAIN.K4510)-1
  1031 				K4510: $0D14..$0EFC
  1032 					eif
  1033
  1034 				.nowarn	.print 'CODE: ',CODEORIGIN,'..',MAIN.@RESOURCE-1
  1034 				CODE: $0800..$1319
  1035
  1036 					ift .SIZEOF(MAIN.@RESOURCE)>0
  1037 				.nowarn	.print 'RESOURCE: ',MAIN.@RESOURCE,'..',MAIN.@RESOURCE+.SIZEOF(MAIN.@RESOURCE)-1
  1038 					eif
  1039
  1040 131A			@end
  1041
  1042 				.nowarn	.print 'VARS: ',MAIN.@RESOURCE+.SIZEOF(MAIN.@RESOURCE),'..',@end-1
  1042 				VARS: $131A..$1319
  1043
  1044 				; ------------------------------------------------------------
  1045
  1046 = 131A				?adr = *
  1047 					ift (?adr < ?old_adr) && (?old_adr - ?adr < $120)
  1048 					?adr = ?old_adr
  1049 					eif
  1050
  1051 					org ?adr
  1052 = 131A				?old_adr = *
  1053
  1054 131A			DATAORIGIN
  1055 131A 2D 0C 00 00 00 4F + .by  $2D $0C $00 $00 $00 $4F $00 $1D
  1056
  1057 = 0008			VARINITSIZE	= *-DATAORIGIN
  1058 = 0064			VARDATASIZE	= 100
  1059
  1060 = 137E			PROGRAMSTACK	= DATAORIGIN+VARDATASIZE
  1061
  1062 					.print 'DATA: ',DATAORIGIN,'..',PROGRAMSTACK
  1062 				DATA: $131A..$137E
  1063
  1064 					ert DATAORIGIN<@end,'DATA memory overlap'
  1065
  1066 				; ------------------------------------------------------------
  1067
  1068 				.macro	STATICDATA
  1069 				.by  $0D $31 $2E $35 $20 $2B $20 $32  $2E $32 $35 $20 $3D $20 $0D $31  $2E $35 $20 $2D $20 $32 $2E $32
  1070 				.by  $35 $20 $3D $20 $0D $31 $2E $35  $20 $2A $20 $32 $2E $32 $35 $20  $3D $20 $08 $37 $20 $2F $20 $32
  1071 				.by  $20 $3D $20 $0E $74 $72 $75 $6E  $63 $28 $2D $33 $2E $37 $29 $20  $3D $20 $0F $20 $20 $72 $6F $75
  1072 				.by  $6E $64 $28 $32 $2E $35 $29 $20  $3D $20 $0F $20 $20 $66 $72 $61  $63 $28 $33 $2E $37 $35 $29 $20
  1073 				.by  $3D $20 $0F $31 $2E $35 $20 $3C  $20 $32 $2E $32 $35 $3A $20 $79  $65 $73 $0E $31 $2E $35 $20 $3C
  1074 				.by  $20 $32 $2E $32 $35 $3A $20 $4E  $4F $0A $73 $71 $72 $74 $28 $32  $29 $20 $3D $20 $0B $20 $20 $73
  1075 				.by  $69 $6E $28 $31 $29 $20 $3D $20  $0B $20 $20 $6C $6E $28 $31 $30  $29 $20 $3D $20 $07 $32 $5E $31
  1076 				.by  $30 $20 $3D $20 $11 $20 $20 $61  $74 $61 $6E $32 $28 $31 $2C $31  $29 $2A $34 $20 $3D $20 $1D $35
  1077 				.by  $30 $30 $30 $20 $78 $20 $28 $6D  $75 $6C $2C $20 $64 $69 $76 $2C  $20 $61 $64 $64 $2C $20 $73 $75
  1078 				.by  $62 $29 $3A $20 $0D $20 $66 $72  $61 $6D $65 $73 $2C $20 $63 $20  $3D $20
  1079 				.endm
  1080
  1081 					end
