mads 2.1.8
pgraph.a65 -x -i:/home/doc/Projects/neo6502_dev/Mad-Pascal/base -o:../../fs/PRG/pgraph.prg 
   119 					opt l+
   106
   107 				.print 'ZPAGE: ',zpage,'..',zpend-1
   107 				ZPAGE: $0022..$00A3
   108
   109 				.print 'RTBUF: ',@buf,'..',@buf+255
   109 				RTBUF: $0300..$03FF
   110
   111 				.print 'RTLIB: ',RTLIB,'..',*-1
   111 				RTLIB: $0891..$09E5
   112
   113 				; ------------------------------------------------------------
   114
   115 09E6			START
   116 09E6 BA				tsx
   117 09E7 8E 53 17			stx MAIN.@halt+1
   118
   119 = 017F			VLEN	= VARDATASIZE-VARINITSIZE
   120 = 17A9			VADR	= DATAORIGIN+VARINITSIZE
   121
   122 					ift (VLEN > 0) && (VLEN <= 256)
   123 					ldx #256-VLEN
   124 					lda #$00
   125 					sta:rne VADR+VLEN-256,x+
   126 					eli VLEN>256
   127 09EA				m@init
Macro: M@INIT [Source: macros.asm]
     2 09EA A0 A9			ldy <VADR
     3 09EC A2 17			ldx >VADR
     5 09EE A9 00			lda #$00
     6 09F0 F0 07			beq skp_
     8 09F2 99 00 10		clr	sta adr: $1000,y
    10 09F5 C8				iny
    11 09F6 D0 04			bne skp
    12 09F8 E8				inx
    13 09F9 8E F4 09		skp_	stx adr+1
    15 09FC E0 19		skp	cpx >VADR+VLEN
    16 09FE D0 F2			bne clr
    17 0A00 C0 28			cpy <VADR+VLEN
    18 0A02 D0 EE			bne clr
Source: pgraph.a65
   128 					eif
   129
   130 				.ifdef psptr
   131 					mwa #PROGRAMSTACK psptr
   132 				.fi
   133
   134 0A04 A2 00			ldx #$00
   135 0A06 86 22			stx bp						; BP = 0
   136
   137 0A08 CA				dex						; X = 255
   138
   139 					opt c+
   140 0A09				UNITINITIALIZATION
Macro: UNITINITIALIZATION [Source: pgraph.a65]
     3 0A09 20 0F 0A			jsr MAIN.SYSTEM.@UnitInit
Source: pgraph.a65
   141
   142 0A0C			.local	MAIN						; PROCEDURE
   143
   144 0A0C 4C 18 13			jmp l_0095
   145
   146 				; ------------------------------------------------------------
   147
   148 0A0F			.local	SYSTEM						; UNIT
   149
   150 				; ------------------------------------------------------------
   151 				; ------------------------------------------------------------
   152 0A0F			@UnitInit
   153
   154 0A0F 60				rts
   155
   156 				; ------------------------------------------------------------
   157
   158 = 0648			M_PI_2	= $0648
   159 = 0192			D_PI_2	= $0192
   160 = 0004			D_PI_180	= $04
   161 = 0004			FMOPENREAD	= $04
   162 = 0008			FMOPENWRITE	= $08
   163 = 0009			FMOPENAPPEND	= $09
   164 = 000C			FMOPENREADWRITE	= $0C
   165 = 1783			DATESEPARATOR	= DATAORIGIN+$0000
   166 = 1784			FILEMODE	= DATAORIGIN+$0001
   167 = 1785			GRAPHMODE	= DATAORIGIN+$0002
   168 = 1786			IORESULT	= DATAORIGIN+$0003
   169 = 1787			EOLN	= DATAORIGIN+$0004
   170 = 1788			SCREENWIDTH	= DATAORIGIN+$0005
   171 = 178A			SCREENHEIGHT	= DATAORIGIN+$0007
   172 = 0000			adr.MEM	= $00
   173 0A10			.var MEM	= adr.MEM .word
   174 = 178C			RNDSEED	= DATAORIGIN+$0009
   175
   176 = 0A10 00 00		MEM
   176 				.endl							; UNIT SYSTEM
   177
   178 				; ------------------------------------------------------------
   179
   180 0A12			.local	CRT						; UNIT
   181
   182 0A12			.local	READKEY						; FUNCTION | ASSEMBLER
   183
   184 				; -------------------  ASM Block 00000065  -------------------
   185
   186 0A12 2C 01 D1		getkey	bit k4_kbdst
   187 0A15 10 FB			bpl getkey
   188 0A17 AD 00 D1			lda k4_kbd
   189 0A1A 8D 8E 17			sta Result
   190
   191 0A1D			@exit
   192
   193 				; ------------------------------------------------------------
   194
   195 = 178E			RESULT	= DATAORIGIN+$000B
   196
   197 = 178E			@VarData	= RESULT
   198 = 0001			@VarDataSize	= 1
   199
   200 0A1D 60				rts						; ret
   201 				.endl
   202
   203 0A1E			.local	TEXTCOLOR					; PROCEDURE | ASSEMBLER
   204 0A1E 8D 8F 17			sta A
   205
   206 				; -------------------  ASM Block 00000067  -------------------
   207
   208 0A21 AD 8F 17			lda a
   209 0A24 8D 0B DA			sta k4_term_fg
   210
   211 				; ------------------------------------------------------------
   212
   213 = 178F			A	= DATAORIGIN+$000C
   214
   215 = 178F			@VarData	= A
   216 = 0001			@VarDataSize	= 1
   217
   218 0A27			@exit
   219 					.ifdef @new
   220 					lda <@VarData
   221 					sta :ztmp
   222 					lda >@VarData
   223 					ldy #@VarDataSize-1
   224 					jmp @FreeMem
   225 					els
   226 0A27 60				rts						; ret
   227 					eif
   228 				.endl
   229
   230 0A28			.local	GOTOXY						; PROCEDURE | ASSEMBLER
   231
   232 				; -------------------  ASM Block 00000070  -------------------
   233
   234 0A28 AD 90 17			lda x
   235 0A2B F0 01			beq @+
   236 0A2D 3A				dec @
   237 0A2E 8D 09 DA		@	sta k4_term_cx
   238 0A31 AD 91 17			lda y
   239 0A34 F0 01			beq @+
   240 0A36 3A				dec @
   241 0A37 8D 0A DA		@	sta k4_term_cy
   242
   243 				; ------------------------------------------------------------
   244
   245 = 1790			X	= DATAORIGIN+$000D
   246 = 1791			Y	= DATAORIGIN+$000E
   247
   248 = 1790			@VarData	= X
   249 = 0002			@VarDataSize	= 2
   250
   251 0A3A			@exit
   252 					.ifdef @new
   253 					lda <@VarData
   254 					sta :ztmp
   255 					lda >@VarData
   256 					ldy #@VarDataSize-1
   257 					jmp @FreeMem
   258 					els
   259 0A3A 60				rts						; ret
   260 					eif
   261 				.endl
   262
   263 				; ------------------------------------------------------------
   264
   265 = 0000			BLACK	= $00
   266 = 0001			WHITE	= $01
   267 = 0002			RED	= $02
   268 = 0003			CYAN	= $03
   269 = 0004			PURPLE	= $04
   270 = 0005			GREEN	= $05
   271 = 0006			BLUE	= $06
   272 = 0007			YELLOW	= $07
   273 = 0008			ORANGE	= $08
   274 = 0009			BROWN	= $09
   275 = 000A			LIGHT_RED	= $0A
   276 = 000B			DARK_GREY	= $0B
   277 = 000C			GREY	= $0C
   278 = 000D			LIGHT_GREEN	= $0D
   279 = 000E			LIGHT_BLUE	= $0E
   280 = 000F			LIGHT_GREY	= $0F
   281 = 0000			BW40	= $00
   282 = 0001			CO40	= $01
   283 = 0002			BW80	= $02
   284 = 0003			CO80	= $03
   285 = 0007			MONO	= $07
   286 = 0001			C40	= $01
   287 = 0003			C80	= $03
   288 = 0080			BLINK	= $80
   289
   290 				.endl							; UNIT CRT
   291
   292 				; ------------------------------------------------------------
   293
   294 0A3B			.local	TYPES						; UNIT
   295
   296 				; ------------------------------------------------------------
   297
   298 				.endl							; UNIT TYPES
   299
   300 				; ------------------------------------------------------------
   301
   302 0A3B			.local	GRAPH						; UNIT
   303
   304 0A3B			.local	GFX_BLIT					; PROCEDURE | ASSEMBLER
   305 0A3B 8D B1 17			sta OP
   306
   307 				; -------------------  ASM Block 00000077  -------------------
   308
   309 0A3E AD 93 17			lda GetColor
   310 0A41 8D 70 D0			sta $D070
   311 0A44 9C 71 D0			stz $D071
   312 0A47 9C 72 D0			stz $D072
   313 0A4A 9C 73 D0			stz $D073
   314 0A4D 9C 74 D0			stz $D074			; DST $200000
   315 0A50 9C 75 D0			stz $D075
   316 0A53 A9 20			lda #$20
   317 0A55 8D 76 D0			sta $D076
   318 0A58 9C 77 D0			stz $D077
   319 0A5B A9 80 8D 78 D0 A9 + 	mwa #640 $D078			; W
   320 0A65 A9 E0 8D 7A D0 A9 + 	mwa #480 $D07A			; H
   321 0A6F A9 80 8D 7E D0 A9 + 	mwa #640 $D07E			; DS
   322 0A79 AD B1 17			lda op
   323 0A7C 8D 80 D0			sta $D080
   324 0A7F A9 01			lda #1
   325 0A81 8D 82 D0			sta $D082
   326
   327 				; ------------------------------------------------------------
   328
   329 = 17B1			OP	= DATAORIGIN+$002E
   330
   331 = 17B1			@VarData	= OP
   332 = 0001			@VarDataSize	= 1
   333
   334 0A84			@exit
   335 					.ifdef @new
   336 					lda <@VarData
   337 					sta :ztmp
   338 					lda >@VarData
   339 					ldy #@VarDataSize-1
   340 					jmp @FreeMem
   341 					els
   342 0A84 60				rts						; ret
   343 					eif
   344 				.endl
   345
   346 0A85			.local	CLEARDEVICE					; PROCEDURE
   347
   348 				; optimize OK (graph_k4510.inc), line = 37
   349
   350 0A85 A9 00			lda #$00
   351 0A87 8D 00 D2			sta DMAS
   352 0A8A 8D 02 D2			sta DMAS+2
   353 0A8D 8D 01 D2			sta DMAS+1
   354 0A90 8D 03 D2			sta DMAS+3
   355 0A93 9C 04 D2			stz DMAD
   356 0A96 9C 05 D2			stz DMAD+1
   357 0A99 A9 20			lda #$20
   358 0A9B 8D 06 D2			sta DMAD+2
   359 0A9E 9C 07 D2			stz DMAD+3
   360 0AA1 9C 08 D2			stz DMAL
   361 0AA4 A9 B0			lda #$B0
   362 0AA6 8D 09 D2			sta DMAL+1
   363 0AA9 A9 04			lda #$04
   364 0AAB 8D 0A D2			sta DMAL+2
   365 0AAE 9C 0B D2			stz DMAL+3
   366 0AB1 A9 02			lda #$02
   367 0AB3 8D 0C D2			sta DMAC
   368
   369 0AB6			@exit
   370 					.ifdef @new
   371 					lda <@VarData
   372 					sta :ztmp
   373 					lda >@VarData
   374 					ldy #@VarDataSize-1
   375 					jmp @FreeMem
   376 					els
   377 0AB6 60				rts						; ret
   378 					eif
   379 				.endl
   380
   381 0AB7			.local	INITGRAPH					; PROCEDURE | OVERLOAD
   382 0AB7			.local	@010180000
   383 0AB7 8D B2 17			sta MODE
   384
   385 				; optimize OK (graph_k4510.inc), line = 47
   386
   387 0ABA A9 80			lda #$80
   388 0ABC 8D 88 17			sta SYSTEM.SCREENWIDTH
   389 0ABF A9 02			lda #$02
   390 0AC1 8D 89 17			sta SYSTEM.SCREENWIDTH+1
   391
   392 				; optimize OK (graph_k4510.inc), line = 48
   393
   394 0AC4 A9 E0			lda #$E0
   395 0AC6 8D 8A 17			sta SYSTEM.SCREENHEIGHT
   396 0AC9 A9 01			lda #$01
   397 0ACB 8D 8B 17			sta SYSTEM.SCREENHEIGHT+1
   398
   399 				; optimize OK (graph_k4510.inc), line = 49
   400
   401 0ACE 9C 21 D0			stz adr.VREG+$21
   402 0AD1 9C 22 D0			stz adr.VREG+$22
   403 0AD4 9C 23 D0			stz adr.VREG+$23
   404 0AD7 9C 24 D0			stz adr.VREG+$24
   405 0ADA 9C 25 D0			stz adr.VREG+$25
   406
   407 				; optimize OK (graph_k4510.inc), line = 50
   408
   409 0ADD A9 80			lda #$80
   410 0ADF 8D 26 D0			sta adr.VREG+$26
   411 0AE2 A9 02			lda #$02
   412 0AE4 8D 27 D0			sta adr.VREG+$27
   413
   414 				; optimize OK (graph_k4510.inc), line = 51
   415
   416 0AE7 9C 28 D0			stz adr.VREG+$28
   417 0AEA 9C 29 D0			stz adr.VREG+$29
   418 0AED A9 20			lda #$20
   419 0AEF 8D 2A D0			sta adr.VREG+$2A
   420 0AF2 9C 2B D0			stz adr.VREG+$2B
   421
   422 				; optimize FAIL ('CLEARDEVICE', graph_k4510.inc), line = 52
   423
   424 0AF5 20 85 0A			jsr CLEARDEVICE
   425
   426 				; optimize OK (graph_k4510.inc), line = 53
   427
   428 0AF8 AD 00 D0			lda adr.VREG
   429 0AFB 8D B0 17			sta GFX_CTRL
   430
   431 				; optimize OK (graph_k4510.inc), line = 54
   432
   433 0AFE 29 F9			and #$F9
   434 0B00 8D 00 D0			sta adr.VREG
   435
   436 				; optimize OK (graph_k4510.inc), line = 55
   437
   438 0B03 A9 19			lda #$19
   439 0B05 8D 20 D0			sta adr.VREG+$20
   440
   441 				; optimize OK (graph_k4510.inc), line = 56
   442
   443 0B08 A9 01			lda #$01
   444 0B0A 8D 93 17			sta GETCOLOR
   445
   446 				; optimize OK (graph_k4510.inc), line = 57
   447
   448 0B0D 9C AB 17			stz CURRENTX
   449 0B10 9C AC 17			stz CURRENTX+1
   450 0B13 9C AD 17			stz CURRENTY
   451 0B16 9C AE 17			stz CURRENTY+1
   452
   453 				; ------------------------------------------------------------
   454
   455 = 17B2			MODE	= DATAORIGIN+$002F
   456
   457 = 17B2			@VarData	= MODE
   458 = 0001			@VarDataSize	= 1
   459
   460 0B19			@exit
   461 					.ifdef @new
   462 					lda <@VarData
   463 					sta :ztmp
   464 					lda >@VarData
   465 					ldy #@VarDataSize-1
   466 					jmp @FreeMem
   467 					els
   468 0B19 60				rts						; ret
   469 					eif
   470 				.endl
   471 				.endl							; overload
   472
   473 0B1A			.local	SETCOLOR					; PROCEDURE | ASSEMBLER
   474 0B1A 8D B3 17			sta COLOR
   475
   476 				; -------------------  ASM Block 00000079  -------------------
   477
   478 0B1D AD B3 17			lda color
   479 0B20 8D 93 17			sta GetColor
   480
   481 				; ------------------------------------------------------------
   482
   483 = 17B3			COLOR	= DATAORIGIN+$0030
   484
   485 = 17B3			@VarData	= COLOR
   486 = 0001			@VarDataSize	= 1
   487
   488 0B23			@exit
   489 					.ifdef @new
   490 					lda <@VarData
   491 					sta :ztmp
   492 					lda >@VarData
   493 					ldy #@VarDataSize-1
   494 					jmp @FreeMem
   495 					els
   496 0B23 60				rts						; ret
   497 					eif
   498 				.endl
   499
   500 0B24			.local	PUTPIXEL					; PROCEDURE | ASSEMBLER | OVERLOAD
   501 0B24			.local	@0201840000184000
   502
   503 				; -------------------  ASM Block 00000080  -------------------
   504
   505 0B24 AD B7 17			lda y+1
   506 0B27 30 65			bmi done
   507 0B29 C9 02			cmp #2
   508 0B2B B0 61			bcs done
   509 0B2D D0 07			bne yok
   510 0B2F AD B6 17			lda y
   511 0B32 C9 E0			cmp #480-256
   512 0B34 B0 58			bcs done
   513 0B36 AD B5 17		yok	lda x+1
   514 0B39 30 53			bmi done
   515 0B3B C9 03			cmp #3
   516 0B3D B0 4F			bcs done
   517 0B3F C9 02			cmp #2
   518 0B41 D0 07			bne xok
   519 0B43 AD B4 17			lda x
   520 0B46 C9 80			cmp #640-512
   521 0B48 B0 44			bcs done
   522 0B4A AD B6 17 8D 70 D7 + xok	mwa y $D770			; y * 640
   523 0B56 9C 72 D7			stz $D772
   524 0B59 9C 73 D7			stz $D773
   525 0B5C A9 80 8D 74 D7 A9 + 	mwa #640 $D774
   526 0B66 9C 76 D7			stz $D776
   527 0B69 9C 77 D7			stz $D777
   528 0B6C 18				clc
   529 0B6D AD 78 D7			lda $D778
   530 0B70 6D B4 17			adc x
   531 0B73 85 22			sta :bp
   532 0B75 AD 79 D7			lda $D779
   533 0B78 6D B5 17			adc x+1
   534 0B7B 85 23			sta :bp+1
   535 0B7D AD 7A D7			lda $D77A
   536 0B80 69 20			adc #$20
   537 0B82 85 24			sta :bp2
   538 0B84 64 25			stz :bp2+1
   539 0B86 AD 93 17			lda GetColor
   540 0B89 A3 00			dta $A3,$00			; LDZ #0
   541 0B8B EA 92 22			dta $EA,$92,:bp			; STA [bp],Z
   542 0B8E			done
   543
   544 				; ------------------------------------------------------------
   545
   546 = 17B4			X	= DATAORIGIN+$0031
   547 = 17B6			Y	= DATAORIGIN+$0033
   548
   549 = 17B4			@VarData	= X
   550 = 0004			@VarDataSize	= 4
   551
   552 0B8E			@exit
   553 					.ifdef @new
   554 					lda <@VarData
   555 					sta :ztmp
   556 					lda >@VarData
   557 					ldy #@VarDataSize-1
   558 					jmp @FreeMem
   559 					els
   560 0B8E 60				rts						; ret
   561 					eif
   562 				.endl
   563 				.endl							; overload
   564
   565 0B8F			.local	DRAWLINE					; PROCEDURE
   566
   567 				; -------------------  ASM Block 00000082  -------------------
   568
   569 0B8F AD B8 17 8D 84 D0 + 		mwa x0 $D084
   570 0B9B AD BA 17 8D 86 D0 + 		mwa y0 $D086
   571 0BA7 AD BC 17 8D 88 D0 + 		mwa x1 $D088
   572 0BB3 AD BE 17 8D 8A D0 + 		mwa y1 $D08A
   573 					
   574 				; optimize OK (graph_k4510.inc), line = 211
   575
   576 0BBF A9 06			lda #$06
   577 0BC1 20 3B 0A			jsr GFX_BLIT
   578
   579 				; ------------------------------------------------------------
   580
   581 = 17B8			X0	= DATAORIGIN+$0035
   582 = 17BA			Y0	= DATAORIGIN+$0037
   583 = 17BC			X1	= DATAORIGIN+$0039
   584 = 17BE			Y1	= DATAORIGIN+$003B
   585
   586 = 17B8			@VarData	= X0
   587 = 0008			@VarDataSize	= 8
   588
   589 0BC4			@exit
   590 					.ifdef @new
   591 					lda <@VarData
   592 					sta :ztmp
   593 					lda >@VarData
   594 					ldy #@VarDataSize-1
   595 					jmp @FreeMem
   596 					els
   597 0BC4 60				rts						; ret
   598 					eif
   599 				.endl
   600
   601 0BC5			.local	FILLTRIANGLE					; PROCEDURE
   602
   603 				; -------------------  ASM Block 00000083  -------------------
   604
   605 0BC5 AD C0 17 8D 84 D0 + 		mwa x0 $D084
   606 0BD1 AD C2 17 8D 86 D0 + 		mwa y0 $D086
   607 0BDD AD C4 17 8D 88 D0 + 		mwa x1 $D088
   608 0BE9 AD C6 17 8D 8A D0 + 		mwa y1 $D08A
   609 0BF5 AD C8 17 8D 8C D0 + 		mwa x2 $D08C
   610 0C01 AD CA 17 8D 8E D0 + 		mwa y2 $D08E
   611 					
   612 				; optimize OK (graph_k4510.inc), line = 225
   613
   614 0C0D A9 07			lda #$07
   615 0C0F 20 3B 0A			jsr GFX_BLIT
   616
   617 				; ------------------------------------------------------------
   618
   619 = 17C0			X0	= DATAORIGIN+$003D
   620 = 17C2			Y0	= DATAORIGIN+$003F
   621 = 17C4			X1	= DATAORIGIN+$0041
   622 = 17C6			Y1	= DATAORIGIN+$0043
   623 = 17C8			X2	= DATAORIGIN+$0045
   624 = 17CA			Y2	= DATAORIGIN+$0047
   625
   626 = 17C0			@VarData	= X0
   627 = 000C			@VarDataSize	= 12
   628
   629 0C12			@exit
   630 					.ifdef @new
   631 					lda <@VarData
   632 					sta :ztmp
   633 					lda >@VarData
   634 					ldy #@VarDataSize-1
   635 					jmp @FreeMem
   636 					els
   637 0C12 60				rts						; ret
   638 					eif
   639 				.endl
   640
   641 0C13			.local	FILLBAR						; PROCEDURE
   642
   643 				; optimize OK (graph_k4510.inc), line = 232
   644
   645 0C13 AD D0 17			lda X1
   646 0C16 CD CC 17			cmp X0
   647 0C19 AD D1 17			lda X1+1
   648 0C1C ED CD 17			sbc X0+1
   649 0C1F 50 02			svc
   650 0C21 49 80			eor #$80
   651 0C23 10 24			jpl l_01B4
   652 0C25 AD CC 17			lda X0
   653 0C28 8D D4 17			sta T
   654 0C2B AD CD 17			lda X0+1
   655 0C2E 8D D5 17			sta T+1
   656 0C31 AD D0 17			lda X1
   657 0C34 8D CC 17			sta X0
   658 0C37 AD D1 17			lda X1+1
   659 0C3A 8D CD 17			sta X0+1
   660 0C3D AD D4 17			lda T
   661 0C40 8D D0 17			sta X1
   662 0C43 AD D5 17			lda T+1
   663 0C46 8D D1 17			sta X1+1
   664 0C49			l_01B4
   665
   666 				; optimize OK (graph_k4510.inc), line = 233
   667
   668 0C49 AD D2 17			lda Y1
   669 0C4C CD CE 17			cmp Y0
   670 0C4F AD D3 17			lda Y1+1
   671 0C52 ED CF 17			sbc Y0+1
   672 0C55 50 02			svc
   673 0C57 49 80			eor #$80
   674 0C59 10 24			jpl l_01D3
   675 0C5B AD CE 17			lda Y0
   676 0C5E 8D D4 17			sta T
   677 0C61 AD CF 17			lda Y0+1
   678 0C64 8D D5 17			sta T+1
   679 0C67 AD D2 17			lda Y1
   680 0C6A 8D CE 17			sta Y0
   681 0C6D AD D3 17			lda Y1+1
   682 0C70 8D CF 17			sta Y0+1
   683 0C73 AD D4 17			lda T
   684 0C76 8D D2 17			sta Y1
   685 0C79 AD D5 17			lda T+1
   686 0C7C 8D D3 17			sta Y1+1
   687 0C7F			l_01D3
   688
   689 				; optimize OK (graph_k4510.inc), line = 234
   690
   691 0C7F AD D1 17			lda X1+1
   692 0C82 30 25			jmi l_0210x
   693 0C84 AD D3 17			lda Y1+1
   694 0C87 30 20			jmi l_0210x
   695 0C89 AD CC 17			lda X0
   696 0C8C C9 80			cmp #$80
   697 0C8E AD CD 17			lda X0+1
   698 0C91 E9 02			sbc #$02
   699 0C93 50 02			svc
   700 0C95 49 80			eor #$80
   701 0C97 10 10			jpl l_0210x
   702 0C99 AD CE 17			lda Y0
   703 0C9C C9 E0			cmp #$E0
   704 0C9E AD CF 17			lda Y0+1
   705 0CA1 E9 01			sbc #$01
   706 0CA3 50 02			svc
   707 0CA5 49 80			eor #$80
   708 0CA7 30 03			jmi l_0210
   709 0CA9			l_0210x
   710 0CA9 4C 30 0E			jmp @exit
   711 0CAC			l_0210
   712
   713 				; optimize OK (graph_k4510.inc), line = 235
   714
   715 0CAC AD CD 17			lda X0+1
   716 0CAF 10 06			jpl l_0223
   717 0CB1 9C CC 17			stz X0
   718 0CB4 9C CD 17			stz X0+1
   719 0CB7			l_0223
   720
   721 				; optimize OK (graph_k4510.inc), line = 236
   722
   723 0CB7 AD CF 17			lda Y0+1
   724 0CBA 10 06			jpl l_023A
   725 0CBC 9C CE 17			stz Y0
   726 0CBF 9C CF 17			stz Y0+1
   727 0CC2			l_023A
   728
   729 				; optimize OK (graph_k4510.inc), line = 237
   730
   731 0CC2 AD D0 17			lda X1
   732 0CC5 C9 80			cmp #$80
   733 0CC7 AD D1 17			lda X1+1
   734 0CCA E9 02			sbc #$02
   735 0CCC 50 02			svc
   736 0CCE 49 80			eor #$80
   737 0CD0 30 0A			jmi l_0251
   738 0CD2 A9 7F			lda #$7F
   739 0CD4 8D D0 17			sta X1
   740 0CD7 A9 02			lda #$02
   741 0CD9 8D D1 17			sta X1+1
   742 0CDC			l_0251
   743
   744 				; optimize OK (graph_k4510.inc), line = 238
   745
   746 0CDC AD D2 17			lda Y1
   747 0CDF C9 E0			cmp #$E0
   748 0CE1 AD D3 17			lda Y1+1
   749 0CE4 E9 01			sbc #$01
   750 0CE6 50 02			svc
   751 0CE8 49 80			eor #$80
   752 0CEA 30 0A			jmi l_0268
   753 0CEC A9 DF			lda #$DF
   754 0CEE 8D D2 17			sta Y1
   755 0CF1 A9 01			lda #$01
   756 0CF3 8D D3 17			sta Y1+1
   757 0CF6			l_0268
   758
   759 				; optimize OK (graph_k4510.inc), line = 239
   760
   761 0CF6 AD CE 17			lda Y0
   762 0CF9 8D 70 D7			sta MULA
   763 0CFC A0 00			ldy #$00
   764 0CFE AD CF 17			lda Y0+1
   765 0D01 10 01			spl
   766 0D03 88				dey
   767 0D04 8D 71 D7			sta MULA+1
   768 0D07 8C 72 D7			sty MULA+2
   769 0D0A 8C 73 D7			sty MULA+3
   770 0D0D A9 80			lda #$80
   771 0D0F 8D 74 D7			sta MULB
   772 0D12 A9 02			lda #$02
   773 0D14 8D 75 D7			sta MULB+1
   774 0D17 9C 76 D7			stz MULB+2
   775 0D1A 9C 77 D7			stz MULB+3
   776
   777 				; -------------------  ASM Block 00000084  -------------------
   778
   779 0D1D AD 93 17				lda GetColor
   780 0D20 8D 70 D0				sta $D070
   781 0D23 9C 71 D0				stz $D071
   782 0D26 9C 72 D0				stz $D072
   783 0D29 9C 73 D0				stz $D073
   784 0D2C 18					clc
   785 0D2D AD 78 D7				lda $D778
   786 0D30 6D CC 17				adc x0
   787 0D33 8D 74 D0				sta $D074
   788 0D36 AD 79 D7				lda $D779
   789 0D39 6D CD 17				adc x0+1
   790 0D3C 8D 75 D0				sta $D075
   791 0D3F AD 7A D7				lda $D77A
   792 0D42 69 20				adc #$20
   793 0D44 8D 76 D0				sta $D076
   794 0D47 9C 77 D0				stz $D077
   795 					
   796 				; optimize OK (graph_k4510.inc), line = 258
   797
   798 0D4A AD CC 17			lda X0
   799 0D4D 85 6F			sta :STACKORIGIN+11
   800 0D4F A0 00			ldy #$00
   801 0D51 AD CD 17			lda X0+1
   802 0D54 10 01			spl
   803 0D56 88				dey
   804 0D57 AD D0 17			lda X1
   805 0D5A 38 E5 6F			sub :STACKORIGIN+11
   806 0D5D 18 69 01			add #$01
   807 0D60 8D 78 D0			sta adr.VREG+$78
   808 0D63 AD D0 17			lda X1
   809 0D66 85 6E			sta :STACKORIGIN+10
   810 0D68 A0 00			ldy #$00
   811 0D6A AD D1 17			lda X1+1
   812 0D6D 10 01			spl
   813 0D6F 88				dey
   814 0D70 85 7E			sta :STACKORIGIN+STACKWIDTH+10
   815 0D72 84 8E			sty :STACKORIGIN+STACKWIDTH*2+10
   816 0D74 84 9E			sty :STACKORIGIN+STACKWIDTH*3+10
   817 0D76 AD CC 17			lda X0
   818 0D79 85 6F			sta :STACKORIGIN+11
   819 0D7B A0 00			ldy #$00
   820 0D7D AD CD 17			lda X0+1
   821 0D80 10 01			spl
   822 0D82 88				dey
   823 0D83 85 7F			sta :STACKORIGIN+STACKWIDTH+11
   824 0D85 84 8F			sty :STACKORIGIN+STACKWIDTH*2+11
   825 0D87 84 9F			sty :STACKORIGIN+STACKWIDTH*3+11
   826 0D89 A5 6E			lda :STACKORIGIN+10
   827 0D8B 38 E5 6F			sub :STACKORIGIN+11
   828 0D8E 85 6E			sta :STACKORIGIN+10
   829 0D90 A5 7E			lda :STACKORIGIN+STACKWIDTH+10
   830 0D92 E5 7F			sbc :STACKORIGIN+STACKWIDTH+11
   831 0D94 85 7E			sta :STACKORIGIN+STACKWIDTH+10
   832 0D96 A5 8E			lda :STACKORIGIN+STACKWIDTH*2+10
   833 0D98 E5 8F			sbc :STACKORIGIN+STACKWIDTH*2+11
   834 0D9A 85 8E			sta :STACKORIGIN+STACKWIDTH*2+10
   835 0D9C A5 9E			lda :STACKORIGIN+STACKWIDTH*3+10
   836 0D9E E5 9F			sbc :STACKORIGIN+STACKWIDTH*3+11
   837 0DA0 85 9E			sta :STACKORIGIN+STACKWIDTH*3+10
   838 0DA2 A5 6E			lda :STACKORIGIN+10
   839 0DA4 18 69 01			add #$01
   840 0DA7 85 6E			sta :STACKORIGIN+10
   841 0DA9 A5 7E			lda :STACKORIGIN+STACKWIDTH+10
   842 0DAB 69 00			adc #$00
   843 0DAD A5 8E			lda :STACKORIGIN+STACKWIDTH*2+10
   844 0DAF 69 00			adc #$00
   845 0DB1 8D 79 D0			sta adr.VREG+$79
   846
   847 				; optimize OK (graph_k4510.inc), line = 259
   848
   849 0DB4 AD CE 17			lda Y0
   850 0DB7 85 6F			sta :STACKORIGIN+11
   851 0DB9 A0 00			ldy #$00
   852 0DBB AD CF 17			lda Y0+1
   853 0DBE 10 01			spl
   854 0DC0 88				dey
   855 0DC1 AD D2 17			lda Y1
   856 0DC4 38 E5 6F			sub :STACKORIGIN+11
   857 0DC7 18 69 01			add #$01
   858 0DCA 8D 7A D0			sta adr.VREG+$7A
   859 0DCD AD D2 17			lda Y1
   860 0DD0 85 6E			sta :STACKORIGIN+10
   861 0DD2 A0 00			ldy #$00
   862 0DD4 AD D3 17			lda Y1+1
   863 0DD7 10 01			spl
   864 0DD9 88				dey
   865 0DDA 85 7E			sta :STACKORIGIN+STACKWIDTH+10
   866 0DDC 84 8E			sty :STACKORIGIN+STACKWIDTH*2+10
   867 0DDE 84 9E			sty :STACKORIGIN+STACKWIDTH*3+10
   868 0DE0 AD CE 17			lda Y0
   869 0DE3 85 6F			sta :STACKORIGIN+11
   870 0DE5 A0 00			ldy #$00
   871 0DE7 AD CF 17			lda Y0+1
   872 0DEA 10 01			spl
   873 0DEC 88				dey
   874 0DED 85 7F			sta :STACKORIGIN+STACKWIDTH+11
   875 0DEF 84 8F			sty :STACKORIGIN+STACKWIDTH*2+11
   876 0DF1 84 9F			sty :STACKORIGIN+STACKWIDTH*3+11
   877 0DF3 A5 6E			lda :STACKORIGIN+10
   878 0DF5 38 E5 6F			sub :STACKORIGIN+11
   879 0DF8 85 6E			sta :STACKORIGIN+10
   880 0DFA A5 7E			lda :STACKORIGIN+STACKWIDTH+10
   881 0DFC E5 7F			sbc :STACKORIGIN+STACKWIDTH+11
   882 0DFE 85 7E			sta :STACKORIGIN+STACKWIDTH+10
   883 0E00 A5 8E			lda :STACKORIGIN+STACKWIDTH*2+10
   884 0E02 E5 8F			sbc :STACKORIGIN+STACKWIDTH*2+11
   885 0E04 85 8E			sta :STACKORIGIN+STACKWIDTH*2+10
   886 0E06 A5 9E			lda :STACKORIGIN+STACKWIDTH*3+10
   887 0E08 E5 9F			sbc :STACKORIGIN+STACKWIDTH*3+11
   888 0E0A 85 9E			sta :STACKORIGIN+STACKWIDTH*3+10
   889 0E0C A5 6E			lda :STACKORIGIN+10
   890 0E0E 18 69 01			add #$01
   891 0E11 85 6E			sta :STACKORIGIN+10
   892 0E13 A5 7E			lda :STACKORIGIN+STACKWIDTH+10
   893 0E15 69 00			adc #$00
   894 0E17 A5 8E			lda :STACKORIGIN+STACKWIDTH*2+10
   895 0E19 69 00			adc #$00
   896 0E1B 8D 7B D0			sta adr.VREG+$7B
   897
   898 				; optimize OK (graph_k4510.inc), line = 260
   899
   900 0E1E A9 80			lda #$80
   901 0E20 8D 7E D0			sta adr.VREG+$7E
   902 0E23 A9 02			lda #$02
   903 0E25 8D 7F D0			sta adr.VREG+$7F
   904
   905 				; optimize OK (graph_k4510.inc), line = 261
   906
   907 0E28 8D 80 D0			sta adr.VREG+$80
   908 0E2B A9 01			lda #$01
   909 0E2D 8D 82 D0			sta adr.VREG+$82
   910
   911 				; ------------------------------------------------------------
   912
   913 = 17CC			X0	= DATAORIGIN+$0049
   914 = 17CE			Y0	= DATAORIGIN+$004B
   915 = 17D0			X1	= DATAORIGIN+$004D
   916 = 17D2			Y1	= DATAORIGIN+$004F
   917 = 17D4			T	= DATAORIGIN+$0051
   918
   919 = 17CC			@VarData	= X0
   920 = 000A			@VarDataSize	= 10
   921
   922 0E30			@exit
   923 					.ifdef @new
   924 					lda <@VarData
   925 					sta :ztmp
   926 					lda >@VarData
   927 					ldy #@VarDataSize-1
   928 					jmp @FreeMem
   929 					els
   930 0E30 60				rts						; ret
   931 					eif
   932 				.endl
   933
   934 0E31			.local	LINETO						; PROCEDURE
   935
   936 				; optimize OK (graph_k4510.inc), line = 271
   937
   938 0E31 AD AB 17			lda CURRENTX
   939 0E34 8D B8 17			sta DRAWLINE.X0
   940 0E37 AD AC 17			lda CURRENTX+1
   941 0E3A 8D B9 17			sta DRAWLINE.X0+1
   942 0E3D AD AD 17			lda CURRENTY
   943 0E40 8D BA 17			sta DRAWLINE.Y0
   944 0E43 AD AE 17			lda CURRENTY+1
   945 0E46 8D BB 17			sta DRAWLINE.Y0+1
   946 0E49 AD D6 17			lda X
   947 0E4C 8D BC 17			sta DRAWLINE.X1
   948 0E4F AD D7 17			lda X+1
   949 0E52 8D BD 17			sta DRAWLINE.X1+1
   950 0E55 AD D8 17			lda Y
   951 0E58 8D BE 17			sta DRAWLINE.Y1
   952 0E5B AD D9 17			lda Y+1
   953 0E5E 8D BF 17			sta DRAWLINE.Y1+1
   954 0E61 20 8F 0B			jsr DRAWLINE
   955
   956 				; optimize OK (graph_k4510.inc), line = 272
   957
   958 0E64 AD D6 17			lda X
   959 0E67 8D AB 17			sta CURRENTX
   960 0E6A AD D7 17			lda X+1
   961 0E6D 8D AC 17			sta CURRENTX+1
   962
   963 				; optimize OK (graph_k4510.inc), line = 273
   964
   965 0E70 AD D8 17			lda Y
   966 0E73 8D AD 17			sta CURRENTY
   967 0E76 AD D9 17			lda Y+1
   968 0E79 8D AE 17			sta CURRENTY+1
   969
   970 				; ------------------------------------------------------------
   971
   972 = 17D6			X	= DATAORIGIN+$0053
   973 = 17D8			Y	= DATAORIGIN+$0055
   974
   975 = 17D6			@VarData	= X
   976 = 0004			@VarDataSize	= 4
   977
   978 0E7C			@exit
   979 					.ifdef @new
   980 					lda <@VarData
   981 					sta :ztmp
   982 					lda >@VarData
   983 					ldy #@VarDataSize-1
   984 					jmp @FreeMem
   985 					els
   986 0E7C 60				rts						; ret
   987 					eif
   988 				.endl
   989
   990 0E7D			.local	CLOSEGRAPH					; PROCEDURE | ASSEMBLER
   991
   992 				; -------------------  ASM Block 00000085  -------------------
   993
   994 0E7D 9C 20 D0			stz $D020
   995 0E80 AD B0 17			lda gfx_ctrl
   996 0E83 8D 00 D0			sta $D000
   997
   998 0E86			@exit
   999 					.ifdef @new
  1000 					lda <@VarData
  1001 					sta :ztmp
  1002 					lda >@VarData
  1003 					ldy #@VarDataSize-1
  1004 					jmp @FreeMem
  1005 					els
  1006 0E86 60				rts						; ret
  1007 					eif
  1008 				.endl
  1009
  1010 0E87			.local	GFX_FONT					; FUNCTION | ASSEMBLER
  1011
  1012 				; -------------------  ASM Block 00000086  -------------------
  1013
  1014 0E87 AD DA 17			lda a
  1015 0E8A 85 22			sta :bp
  1016 0E8C AD DB 17			lda a+1
  1017 0E8F 85 23			sta :bp+1
  1018 0E91 AD DC 17			lda a+2
  1019 0E94 85 24			sta :bp2
  1020 0E96 AD DD 17			lda a+3
  1021 0E99 85 25			sta :bp2+1
  1022 0E9B A3 00			dta $A3,$00
  1023 0E9D EA B2 22			dta $EA,$B2,:bp
  1024 0EA0 8D DE 17			sta Result
  1025
  1026 0EA3			@exit
  1027
  1028 				; ------------------------------------------------------------
  1029
  1030 = 17DA			A	= DATAORIGIN+$0057
  1031 = 17DE			RESULT	= DATAORIGIN+$005B
  1032
  1033 = 17DA			@VarData	= A
  1034 = 0005			@VarDataSize	= 5
  1035
  1036 0EA3 60				rts						; ret
  1037 				.endl
  1038
  1039 0EA4			.local	OUTTEXTXY					; PROCEDURE
  1040 0EA4 B5 64			lda :STACKORIGIN,x
  1041 0EA6 8D DF 17			sta X
  1042 0EA9 B5 74			lda :STACKORIGIN+STACKWIDTH,x
  1043 0EAB 8D E0 17			sta X+1
  1044 0EAE CA				dex
  1045 0EAF 30 0E			jmi @main
  1046 0EB1 B5 64			lda :STACKORIGIN,x
  1047 0EB3 8D E1 17			sta Y
  1048 0EB6 B5 74			lda :STACKORIGIN+STACKWIDTH,x
  1049 0EB8 8D E2 17			sta Y+1
  1050 0EBB CA				dex
  1051 0EBC 30 01			jmi @main
  1052 0EBE CA				dex
  1053 0EBF			@main
  1054
  1055 				; optimize OK (graph_k4510.inc), line = 326
  1056
  1057 0EBF A9 01			lda #$01
  1058 0EC1 8D E3 18			sta I
  1059 0EC4 AD E3 17 8D CB 0E		mva adr.S @FORTMP_02E1_0
  1060
  1061 0ECA			l_02E4
  1062 				; --- ForToDoCondition
  1063 0ECA A9 00			lda @FORTMP_02E1_0::#$00
  1064 0ECC CD E3 18			cmp I
  1065 0ECF B0 03 4C 9A 0F		jcc l_02EE
  1066
  1067 				; optimize OK (graph_k4510.inc), line = 327
  1068
  1069 0ED4 9C E4 18			stz R
  1070
  1071 0ED7			l_02F7
  1072 				; --- ForToDoCondition
  1073 0ED7 AD E4 18			lda R
  1074 0EDA C9 08			cmp #$08
  1075 0EDC 90 03 4C 84 0F		jcs l_0301
  1076
  1077 				; optimize OK (graph_k4510.inc), line = 328
  1078
  1079 0EE1 AC E3 18			ldy I
  1080 0EE4 A9 00			lda #$00
  1081 0EE6 85 7E			sta :STACKORIGIN+STACKWIDTH+10
  1082 0EE8 B9 E3 17			lda adr.S,y
  1083 0EEB 0A				asl @
  1084 0EEC 26 7E			rol :STACKORIGIN+STACKWIDTH+10
  1085 0EEE 0A				asl @
  1086 0EEF 26 7E			rol :STACKORIGIN+STACKWIDTH+10
  1087 0EF1 0A				asl @
  1088 0EF2 26 7E			rol :STACKORIGIN+STACKWIDTH+10
  1089 0EF4 85 6D			sta :STACKORIGIN+9
  1090 0EF6 A5 7E			lda :STACKORIGIN+STACKWIDTH+10
  1091 0EF8 85 7D			sta :STACKORIGIN+STACKWIDTH+9
  1092 0EFA A5 6D			lda :STACKORIGIN+9
  1093 0EFC 18 6D E4 18			add R
  1094 0F00 8D DA 17			sta GFX_FONT.A
  1095 0F03 A5 7D			lda :STACKORIGIN+STACKWIDTH+9
  1096 0F05 69 00			adc #$00
  1097 0F07 8D DB 17			sta GFX_FONT.A+1
  1098 0F0A A9 01			lda #$01
  1099 0F0C 69 00			adc #$00
  1100 0F0E 8D DC 17			sta GFX_FONT.A+2
  1101 0F11 A9 00			lda #$00
  1102 0F13 69 00			adc #$00
  1103 0F15 8D DD 17			sta GFX_FONT.A+3
  1104 0F18 20 87 0E			jsr GFX_FONT
  1105 0F1B AD DE 17			lda GFX_FONT.RESULT
  1106 0F1E 8D E6 18			sta G
  1107
  1108 				; optimize OK (graph_k4510.inc), line = 329
  1109
  1110 0F21 9C E5 18			stz B
  1111
  1112 0F24			l_031C
  1113 				; --- ForToDoCondition
  1114 0F24 AD E5 18			lda B
  1115 0F27 C9 08			cmp #$08
  1116 0F29 B0 51			jcs l_0326
  1117
  1118 				; optimize FAIL (50, graph_k4510.inc), line = 330
  1119
  1120 0F2B E8				inx
  1121 0F2C AD E6 18 95 64		mva G :STACKORIGIN,x
  1122 0F31 E8				inx
  1123 0F32 A9 80 95 64			mva #$80 :STACKORIGIN,x
  1124 0F36 E8				inx
  1125 0F37 AD E5 18 95 64		mva B :STACKORIGIN,x
  1126 0F3C 20 A8 08			jsr @shrAL_CL
  1127 0F3F CA				dex
  1128 0F40 B5 63			lda :STACKORIGIN-1,x
  1129 0F42 A0 01			ldy #1
  1130 0F44 35 64			and :STACKORIGIN,x
  1131 0F46 C9 00			cmp #$00
  1132 0F48 D0 01			bne @+
  1133 0F4A 88				dey
  1134 				@
  1135 0F4B CA				dex
  1136 0F4C CA				dex
  1137 0F4D 98				tya
  1138 0F4E F0 27			jeq l_033E
  1139 0F50 AD E1 17			lda Y
  1140 0F53 18 6D E4 18			add R
  1141 0F57 8D B6 17			sta PUTPIXEL.@0201840000184000.Y
  1142 0F5A AD E2 17			lda Y+1
  1143 0F5D 69 00			adc #$00
  1144 0F5F 8D B7 17			sta PUTPIXEL.@0201840000184000.Y+1
  1145 0F62 AD DF 17			lda X
  1146 0F65 18 6D E5 18			add B
  1147 0F69 8D B4 17			sta PUTPIXEL.@0201840000184000.X
  1148 0F6C AD E0 17			lda X+1
  1149 0F6F 69 00			adc #$00
  1150 0F71 8D B5 17			sta PUTPIXEL.@0201840000184000.X+1
  1151 0F74 20 24 0B			jsr PUTPIXEL.@0201840000184000
  1152 0F77			l_033E
  1153
  1154 				; --- ForToDoEpilog
  1155 0F77 EE E5 18			inc B
  1156 0F7A D0 A8			jne l_031C
  1157 0F7C			l_0326
  1158
  1159 				; --- ForToDoEpilog
  1160 0F7C EE E4 18			inc R
  1161 0F7F F0 03 4C D7 0E		jne l_02F7
  1162 0F84			l_0301
  1163
  1164 				; optimize OK (graph_k4510.inc), line = 332
  1165
  1166 0F84 AD DF 17			lda X
  1167 0F87 18 69 08			add #$08
  1168 0F8A 8D DF 17			sta X
  1169 0F8D 90 03			scc
  1170 0F8F EE E0 17			inc X+1
  1171
  1172 				; --- ForToDoEpilog
  1173 0F92 EE E3 18			inc I
  1174 0F95 F0 03 4C CA 0E		jne l_02E4
  1175 0F9A			l_02EE
  1176
  1177 				; ------------------------------------------------------------
  1178
  1179 = 17DF			X	= DATAORIGIN+$005C
  1180 = 17E1			Y	= DATAORIGIN+$005E
  1181 = 17E3			adr.S	= [DATAORIGIN+$0060] .array [256]
  1182 0F9A			.var S	= adr.S .word
  1183 = 18E3			I	= DATAORIGIN+$0160
  1184 = 18E4			R	= DATAORIGIN+$0161
  1185 = 18E5			B	= DATAORIGIN+$0162
  1186 = 18E6			G	= DATAORIGIN+$0163
  1187
  1188 = 17DF			@VarData	= X
  1189 = 0108			@VarDataSize	= 264
  1190
  1191 0F9A			@exit
  1192 					.ifdef @new
  1193 					lda <@VarData
  1194 					sta :ztmp
  1195 					lda >@VarData
  1196 					ldy #@VarDataSize-1
  1197 					jmp @FreeMem
  1198 					els
  1199 0F9A 60				rts						; ret
  1200 					eif
  1201 = 0F9B E3 17		S
  1201 				.endl
  1202
  1203 0F9D			.local	MOVETO						; PROCEDURE | ASSEMBLER
  1204
  1205 				; -------------------  ASM Block 00000087  -------------------
  1206
  1207 0F9D AD EB 18			lda y+1
  1208 0FA0 10 08			bpl _0
  1209
  1210 0FA2 A9 00			lda #0
  1211 0FA4 8D EA 18			sta y
  1212 0FA7 8D EB 18			sta y+1
  1213 0FAA			_0
  1214 0FAA AD E9 18			lda x+1
  1215 0FAD 10 08			bpl _1
  1216
  1217 0FAF A9 00			lda #0
  1218 0FB1 8D E8 18			sta x
  1219 0FB4 8D E9 18			sta x+1
  1220 0FB7			_1
  1221 0FB7 AD EB 18 CD 8B 17 + 	cpw y main.system.ScreenHeight
  1222 0FC5 90 11			bcc _2
  1223
  1224 0FC7 AD 8A 17			lda main.system.ScreenHeight
  1225 0FCA AC 8B 17			ldy main.system.ScreenHeight+1
  1226 0FCD E9 01			sbc #1
  1227 0FCF B0 01			scs
  1228 0FD1 88				dey
  1229 0FD2 8D EA 18			sta y
  1230 0FD5 8C EB 18			sty y+1
  1231 0FD8			_2
  1232 0FD8 AD E9 18 CD 89 17 + 	cpw x main.system.ScreenWidth
  1233 0FE6 90 11			bcc _3
  1234
  1235 0FE8 AD 88 17			lda main.system.ScreenWidth
  1236 0FEB AC 89 17			ldy main.system.ScreenWidth+1
  1237 0FEE E9 01			sbc #1
  1238 0FF0 B0 01			scs
  1239 0FF2 88				dey
  1240 0FF3 8D E8 18			sta x
  1241 0FF6 8C E9 18			sty x+1
  1242 0FF9			_3
  1243 0FF9 AD E8 18 8D AB 17 + 	mwa x CurrentX
  1244 1005 AD EA 18 8D AD 17 + 	mwa y CurrentY
  1245
  1246 				; ------------------------------------------------------------
  1247
  1248 = 18E8			X	= DATAORIGIN+$0165
  1249 = 18EA			Y	= DATAORIGIN+$0167
  1250
  1251 = 18E8			@VarData	= X
  1252 = 0004			@VarDataSize	= 4
  1253
  1254 1011			@exit
  1255 					.ifdef @new
  1256 					lda <@VarData
  1257 					sta :ztmp
  1258 					lda >@VarData
  1259 					ldy #@VarDataSize-1
  1260 					jmp @FreeMem
  1261 					els
  1262 1011 60				rts						; ret
  1263 					eif
  1264 				.endl
  1265
  1266 1012			.local	CIRCLE						; PROCEDURE
  1267
  1268 				; optimize OK (graph.inc), line = 126
  1269
  1270 1012 AD F1 18			lda R+1
  1271 1015 0D F0 18			ora R
  1272 1018 D0 03 4C D1 11		jeq @exit
  1273 101D			l_0378
  1274
  1275 				; optimize OK (graph.inc), line = 128
  1276
  1277 101D AD F0 18			lda R
  1278 1020 8D F4 18			sta B
  1279
  1280 				; optimize OK (graph.inc), line = 129
  1281
  1282 1023 38 E9 01			sub #$01
  1283 1026 8D F2 18			sta A
  1284 1029 AD F1 18			lda R+1
  1285 102C E9 00			sbc #$00
  1286 102E 8D F3 18			sta A+1
  1287
  1288 				; optimize OK (graph.inc), line = 130
  1289
  1290 1031 9C F5 18			stz C
  1291
  1292 				; --- WhileProlog
  1293 1034 4C C6 11			jmp l_038D
  1294 1037			l_038E
  1295
  1296 				; --- WhileProlog
  1297 1037 4C 98 11			jmp l_0390
  1298 103A			l_0391
  1299
  1300 				; optimize OK (graph.inc), line = 136
  1301
  1302 103A AD EE 18			lda Y
  1303 103D 18 6D F4 18			add B
  1304 1041 8D B6 17			sta PUTPIXEL.@0201840000184000.Y
  1305 1044 AD EF 18			lda Y+1
  1306 1047 69 00			adc #$00
  1307 1049 8D B7 17			sta PUTPIXEL.@0201840000184000.Y+1
  1308 104C AD EC 18			lda X
  1309 104F 18 6D F5 18			add C
  1310 1053 8D B4 17			sta PUTPIXEL.@0201840000184000.X
  1311 1056 AD ED 18			lda X+1
  1312 1059 69 00			adc #$00
  1313 105B 8D B5 17			sta PUTPIXEL.@0201840000184000.X+1
  1314 105E 20 24 0B			jsr PUTPIXEL.@0201840000184000
  1315
  1316 				; optimize OK (graph.inc), line = 137
  1317
  1318 1061 AD EE 18			lda Y
  1319 1064 38 ED F4 18			sub B
  1320 1068 8D B6 17			sta PUTPIXEL.@0201840000184000.Y
  1321 106B AD EF 18			lda Y+1
  1322 106E E9 00			sbc #$00
  1323 1070 8D B7 17			sta PUTPIXEL.@0201840000184000.Y+1
  1324 1073 AD EC 18			lda X
  1325 1076 18 6D F5 18			add C
  1326 107A 8D B4 17			sta PUTPIXEL.@0201840000184000.X
  1327 107D AD ED 18			lda X+1
  1328 1080 69 00			adc #$00
  1329 1082 8D B5 17			sta PUTPIXEL.@0201840000184000.X+1
  1330 1085 20 24 0B			jsr PUTPIXEL.@0201840000184000
  1331
  1332 				; optimize OK (graph.inc), line = 138
  1333
  1334 1088 AD EE 18			lda Y
  1335 108B 38 ED F4 18			sub B
  1336 108F 8D B6 17			sta PUTPIXEL.@0201840000184000.Y
  1337 1092 AD EF 18			lda Y+1
  1338 1095 E9 00			sbc #$00
  1339 1097 8D B7 17			sta PUTPIXEL.@0201840000184000.Y+1
  1340 109A AD EC 18			lda X
  1341 109D 38 ED F5 18			sub C
  1342 10A1 8D B4 17			sta PUTPIXEL.@0201840000184000.X
  1343 10A4 AD ED 18			lda X+1
  1344 10A7 E9 00			sbc #$00
  1345 10A9 8D B5 17			sta PUTPIXEL.@0201840000184000.X+1
  1346 10AC 20 24 0B			jsr PUTPIXEL.@0201840000184000
  1347
  1348 				; optimize OK (graph.inc), line = 139
  1349
  1350 10AF AD EE 18			lda Y
  1351 10B2 18 6D F4 18			add B
  1352 10B6 8D B6 17			sta PUTPIXEL.@0201840000184000.Y
  1353 10B9 AD EF 18			lda Y+1
  1354 10BC 69 00			adc #$00
  1355 10BE 8D B7 17			sta PUTPIXEL.@0201840000184000.Y+1
  1356 10C1 AD EC 18			lda X
  1357 10C4 38 ED F5 18			sub C
  1358 10C8 8D B4 17			sta PUTPIXEL.@0201840000184000.X
  1359 10CB AD ED 18			lda X+1
  1360 10CE E9 00			sbc #$00
  1361 10D0 8D B5 17			sta PUTPIXEL.@0201840000184000.X+1
  1362 10D3 20 24 0B			jsr PUTPIXEL.@0201840000184000
  1363
  1364 				; optimize OK (graph.inc), line = 140
  1365
  1366 10D6 AD EE 18			lda Y
  1367 10D9 18 6D F5 18			add C
  1368 10DD 8D B6 17			sta PUTPIXEL.@0201840000184000.Y
  1369 10E0 AD EF 18			lda Y+1
  1370 10E3 69 00			adc #$00
  1371 10E5 8D B7 17			sta PUTPIXEL.@0201840000184000.Y+1
  1372 10E8 AD EC 18			lda X
  1373 10EB 18 6D F4 18			add B
  1374 10EF 8D B4 17			sta PUTPIXEL.@0201840000184000.X
  1375 10F2 AD ED 18			lda X+1
  1376 10F5 69 00			adc #$00
  1377 10F7 8D B5 17			sta PUTPIXEL.@0201840000184000.X+1
  1378 10FA 20 24 0B			jsr PUTPIXEL.@0201840000184000
  1379
  1380 				; optimize OK (graph.inc), line = 141
  1381
  1382 10FD AD EE 18			lda Y
  1383 1100 38 ED F5 18			sub C
  1384 1104 8D B6 17			sta PUTPIXEL.@0201840000184000.Y
  1385 1107 AD EF 18			lda Y+1
  1386 110A E9 00			sbc #$00
  1387 110C 8D B7 17			sta PUTPIXEL.@0201840000184000.Y+1
  1388 110F AD EC 18			lda X
  1389 1112 18 6D F4 18			add B
  1390 1116 8D B4 17			sta PUTPIXEL.@0201840000184000.X
  1391 1119 AD ED 18			lda X+1
  1392 111C 69 00			adc #$00
  1393 111E 8D B5 17			sta PUTPIXEL.@0201840000184000.X+1
  1394 1121 20 24 0B			jsr PUTPIXEL.@0201840000184000
  1395
  1396 				; optimize OK (graph.inc), line = 142
  1397
  1398 1124 AD EE 18			lda Y
  1399 1127 38 ED F5 18			sub C
  1400 112B 8D B6 17			sta PUTPIXEL.@0201840000184000.Y
  1401 112E AD EF 18			lda Y+1
  1402 1131 E9 00			sbc #$00
  1403 1133 8D B7 17			sta PUTPIXEL.@0201840000184000.Y+1
  1404 1136 AD EC 18			lda X
  1405 1139 38 ED F4 18			sub B
  1406 113D 8D B4 17			sta PUTPIXEL.@0201840000184000.X
  1407 1140 AD ED 18			lda X+1
  1408 1143 E9 00			sbc #$00
  1409 1145 8D B5 17			sta PUTPIXEL.@0201840000184000.X+1
  1410 1148 20 24 0B			jsr PUTPIXEL.@0201840000184000
  1411
  1412 				; optimize OK (graph.inc), line = 143
  1413
  1414 114B AD EE 18			lda Y
  1415 114E 18 6D F5 18			add C
  1416 1152 8D B6 17			sta PUTPIXEL.@0201840000184000.Y
  1417 1155 AD EF 18			lda Y+1
  1418 1158 69 00			adc #$00
  1419 115A 8D B7 17			sta PUTPIXEL.@0201840000184000.Y+1
  1420 115D AD EC 18			lda X
  1421 1160 38 ED F4 18			sub B
  1422 1164 8D B4 17			sta PUTPIXEL.@0201840000184000.X
  1423 1167 AD ED 18			lda X+1
  1424 116A E9 00			sbc #$00
  1425 116C 8D B5 17			sta PUTPIXEL.@0201840000184000.X+1
  1426 116F 20 24 0B			jsr PUTPIXEL.@0201840000184000
  1427
  1428 				; optimize FAIL (0, graph.inc), line = 145
  1429
  1430 1172 EE F5 18			inc C
  1431
  1432 				; optimize FAIL (0, graph.inc), line = 147
  1433
  1434 1175 EE F2 18			inc A
  1435 1178 D0 03			sne
  1436 117A EE F3 18			inc A+1
  1437
  1438 				; optimize OK (graph.inc), line = 148
  1439
  1440 117D AD F2 18			lda A
  1441 1180 38 ED F5 18			sub C
  1442 1184 8D F2 18			sta A
  1443 1187 B0 04			bcs @+
  1444 1189 CE F3 18			dec A+1
  1445 118C 38				sec
  1446 				@
  1447
  1448 118D ED F5 18			sbc C
  1449 1190 8D F2 18			sta A
  1450 1193 B0 03			scs
  1451 1195 CE F3 18			dec A+1
  1452 1198			l_0390
  1453
  1454 				; optimize OK (graph.inc), line = 134
  1455
  1456 1198 AD F3 18			lda A+1
  1457 119B 30 0B			jmi l_0391w
  1458 119D AD F4 18			lda B
  1459 11A0 CD F5 18			cmp C
  1460 11A3 90 03 4C 3A 10		jcs l_0391
  1461 11A8			l_0391w
  1462
  1463 				; optimize FAIL (0, graph.inc), line = 153
  1464
  1465 11A8 CE F4 18			dec B
  1466
  1467 				; optimize OK (graph.inc), line = 155
  1468
  1469 11AB AD F2 18			lda A
  1470 11AE 18 6D F4 18			add B
  1471 11B2 8D F2 18			sta A
  1472 11B5 90 04			bcc @+
  1473 11B7 EE F3 18			inc A+1
  1474 11BA 18				clc
  1475 				@
  1476
  1477 11BB 6D F4 18			adc B
  1478 11BE 8D F2 18			sta A
  1479 11C1 90 03			scc
  1480 11C3 EE F3 18			inc A+1
  1481 11C6			l_038D
  1482
  1483 				; optimize OK (graph.inc), line = 132
  1484
  1485 11C6 AD F4 18			lda B
  1486 11C9 CD F5 18			cmp C
  1487 11CC 90 03 4C 37 10		jcs l_038E
  1488
  1489 				; ------------------------------------------------------------
  1490
  1491 = 18EC			X	= DATAORIGIN+$0169
  1492 = 18EE			Y	= DATAORIGIN+$016B
  1493 = 18F0			R	= DATAORIGIN+$016D
  1494 = 18F2			A	= DATAORIGIN+$016F
  1495 = 18F4			B	= DATAORIGIN+$0171
  1496 = 18F5			C	= DATAORIGIN+$0172
  1497
  1498 = 18EC			@VarData	= X
  1499 = 000A			@VarDataSize	= 10
  1500
  1501 11D1			@exit
  1502 					.ifdef @new
  1503 					lda <@VarData
  1504 					sta :ztmp
  1505 					lda >@VarData
  1506 					ldy #@VarDataSize-1
  1507 					jmp @FreeMem
  1508 					els
  1509 11D1 60				rts						; ret
  1510 					eif
  1511 				.endl
  1512
  1513 11D2			.local	RECTANGLE					; PROCEDURE | OVERLOAD
  1514 11D2			.local	@040184000018400001840000184000
  1515
  1516 				; optimize OK (graph.inc), line = 513
  1517
  1518 11D2 AD F6 18			lda X1
  1519 11D5 8D E8 18			sta MOVETO.X
  1520 11D8 AD F7 18			lda X1+1
  1521 11DB 8D E9 18			sta MOVETO.X+1
  1522 11DE AD F8 18			lda Y1
  1523 11E1 8D EA 18			sta MOVETO.Y
  1524 11E4 AD F9 18			lda Y1+1
  1525 11E7 8D EB 18			sta MOVETO.Y+1
  1526 11EA 20 9D 0F			jsr MOVETO
  1527
  1528 				; optimize OK (graph.inc), line = 514
  1529
  1530 11ED AD FA 18			lda X2
  1531 11F0 8D D6 17			sta LINETO.X
  1532 11F3 AD FB 18			lda X2+1
  1533 11F6 8D D7 17			sta LINETO.X+1
  1534 11F9 AD F8 18			lda Y1
  1535 11FC 8D D8 17			sta LINETO.Y
  1536 11FF AD F9 18			lda Y1+1
  1537 1202 8D D9 17			sta LINETO.Y+1
  1538 1205 20 31 0E			jsr LINETO
  1539
  1540 				; optimize OK (graph.inc), line = 515
  1541
  1542 1208 AD FA 18			lda X2
  1543 120B 8D D6 17			sta LINETO.X
  1544 120E AD FB 18			lda X2+1
  1545 1211 8D D7 17			sta LINETO.X+1
  1546 1214 AD FC 18			lda Y2
  1547 1217 8D D8 17			sta LINETO.Y
  1548 121A AD FD 18			lda Y2+1
  1549 121D 8D D9 17			sta LINETO.Y+1
  1550 1220 20 31 0E			jsr LINETO
  1551
  1552 				; optimize OK (graph.inc), line = 516
  1553
  1554 1223 AD F6 18			lda X1
  1555 1226 8D D6 17			sta LINETO.X
  1556 1229 AD F7 18			lda X1+1
  1557 122C 8D D7 17			sta LINETO.X+1
  1558 122F AD FC 18			lda Y2
  1559 1232 8D D8 17			sta LINETO.Y
  1560 1235 AD FD 18			lda Y2+1
  1561 1238 8D D9 17			sta LINETO.Y+1
  1562 123B 20 31 0E			jsr LINETO
  1563
  1564 				; optimize OK (graph.inc), line = 517
  1565
  1566 123E AD F6 18			lda X1
  1567 1241 8D D6 17			sta LINETO.X
  1568 1244 AD F7 18			lda X1+1
  1569 1247 8D D7 17			sta LINETO.X+1
  1570 124A AD F8 18			lda Y1
  1571 124D 8D D8 17			sta LINETO.Y
  1572 1250 AD F9 18			lda Y1+1
  1573 1253 8D D9 17			sta LINETO.Y+1
  1574 1256 20 31 0E			jsr LINETO
  1575
  1576 				; ------------------------------------------------------------
  1577
  1578 = 18F6			X1	= DATAORIGIN+$0173
  1579 = 18F8			Y1	= DATAORIGIN+$0175
  1580 = 18FA			X2	= DATAORIGIN+$0177
  1581 = 18FC			Y2	= DATAORIGIN+$0179
  1582
  1583 = 18F6			@VarData	= X1
  1584 = 0008			@VarDataSize	= 8
  1585
  1586 1259			@exit
  1587 					.ifdef @new
  1588 					lda <@VarData
  1589 					sta :ztmp
  1590 					lda >@VarData
  1591 					ldy #@VarDataSize-1
  1592 					jmp @FreeMem
  1593 					els
  1594 1259 60				rts						; ret
  1595 					eif
  1596 				.endl
  1597 				.endl							; overload
  1598
  1599 				; ------------------------------------------------------------
  1600
  1601 = 0080			CURRENTDRIVER	= $80
  1602 = 0000			DETECT	= $00
  1603 = 0001			CGA	= $01
  1604 = 0002			MCGA	= $02
  1605 = 0003			EGA	= $03
  1606 = 0004			EGA64	= $04
  1607 = 0005			EGAMONO	= $05
  1608 = 0006			LOWRES	= $06
  1609 = 0007			HERCMONO	= $07
  1610 = 0009			VGA	= $09
  1611 = 000A			VESA	= $0A
  1612 = 000B			D1BIT	= $0B
  1613 = 000C			D2BIT	= $0C
  1614 = 000D			D4BIT	= $0D
  1615 = 000E			D6BIT	= $0E
  1616 = 000F			D8BIT	= $0F
  1617 = 0010			D12BIT	= $10
  1618 = 0018			M640X400	= $18
  1619 = 0018			M640X480	= $18
  1620 = 0001			GROK	= $01
  1621 = 00FF			GRNOINITGRAPH	= $FF
  1622 = 00FE			GRNOTDETECTED	= $FE
  1623 = 00FD			GRFILENOTFOUND	= $FD
  1624 = 00FC			GRINVALIDDRIVER	= $FC
  1625 = 00FB			GRNOLOADMEM	= $FB
  1626 = 00FA			GRNOSCANMEM	= $FA
  1627 = 00F9			GRNOFLOODMEM	= $F9
  1628 = 00F8			GRFONTNOTFOUND	= $F8
  1629 = 00F7			GRNOFONTMEM	= $F7
  1630 = 00F6			GRINVALIDMODE	= $F6
  1631 = 00F5			GRERROR	= $F5
  1632 = 00F4			GRIOERROR	= $F4
  1633 = 00F3			GRINVALIDFONT	= $F3
  1634 = 00F2			GRINVALIDFONTNUM	= $F2
  1635 = 00EE			GRINVALIDVERSION	= $EE
  1636 = 0000			CGAC0	= $00
  1637 = 0001			CGAC1	= $01
  1638 = 0002			CGAC2	= $02
  1639 = 0003			CGAC3	= $03
  1640 = 0004			CGAHI	= $04
  1641 = 0000			MCGAC0	= $00
  1642 = 0001			MCGAC1	= $01
  1643 = 0002			MCGAC2	= $02
  1644 = 0003			MCGAC3	= $03
  1645 = 0004			MCGAMED	= $04
  1646 = 0005			MCGAHI	= $05
  1647 = 0000			EGALO	= $00
  1648 = 0001			EGAHI	= $01
  1649 = 0000			EGA64LO	= $00
  1650 = 0001			EGA64HI	= $01
  1651 = 0003			EGAMONOHI	= $03
  1652 = 000A			VGALO	= $0A
  1653 = 001F			VGAMED	= $1F
  1654 = 0018			VGAHI	= $18
  1655 = 1792			GRAPHRESULT	= DATAORIGIN+$000F
  1656 = 1793			GETCOLOR	= DATAORIGIN+$0010
  1657 = 1794			VIDEORAM	= DATAORIGIN+$0011
  1658 = 1796			adr.LASTARCCOORDS	= DATAORIGIN+$0013	; [12] RECORD
  1659 125A			.var LASTARCCOORDS	= adr.LASTARCCOORDS .word
  1660 = 1796			LASTARCCOORDS.X	= DATAORIGIN+$0013
  1661 = 1798			LASTARCCOORDS.Y	= DATAORIGIN+$0015
  1662 = 179A			LASTARCCOORDS.XSTART	= DATAORIGIN+$0017
  1663 = 179C			LASTARCCOORDS.YSTART	= DATAORIGIN+$0019
  1664 = 179E			LASTARCCOORDS.XEND	= DATAORIGIN+$001B
  1665 = 17A0			LASTARCCOORDS.YEND	= DATAORIGIN+$001D
  1666 = 200000			GFX_BASE	= $200000
  1667 = 0280			GFX_W	= $0280
  1668 = 01E0			GFX_H	= $01E0
  1669 = 17A2			WIN_LEFT	= DATAORIGIN+$001F
  1670 = 17A4			WIN_RIGHT	= DATAORIGIN+$0021
  1671 = 17A6			WIN_TOP	= DATAORIGIN+$0023
  1672 = 17A8			WIN_BOTTOM	= DATAORIGIN+$0025
  1673 = 17AA			SCANLINE_WIDTH	= DATAORIGIN+$0027
  1674 = 17AB			CURRENTX	= DATAORIGIN+$0028
  1675 = 17AD			CURRENTY	= DATAORIGIN+$002A
  1676 = 17AF			GFX_BK	= DATAORIGIN+$002C
  1677 = 17B0			GFX_CTRL	= DATAORIGIN+$002D
  1678 = D770			MULA	= $D770
  1679 = D774			MULB	= $D774
  1680 = D778			MULOUT	= $D778
  1681 = D000			adr.VREG	= $D000
  1682 125A			.var VREG	= adr.VREG .word
  1683 = D200			DMAS	= $D200
  1684 = D204			DMAD	= $D204
  1685 = D208			DMAL	= $D208
  1686 = D20C			DMAC	= $D20C
  1687
  1688 = 125A 96 17		LASTARCCOORDS
  1688 = 125C 00 D0		VREG
  1688 				.endl							; UNIT GRAPH
  1689
  1690 				; ------------------------------------------------------------
  1691
  1692 125E			.local	K4510						; UNIT
  1693
  1694 125E			.local	MATHUNARY					; FUNCTION
  1695
  1696 				; optimize OK (K4510), line = 234
  1697
  1698 125E AD 0A 19			lda X
  1699 1261 8D 00 D7			sta adr.MATH_F
  1700 1264 AD 0B 19			lda X+1
  1701 1267 8D 01 D7			sta adr.MATH_F+1
  1702 126A AD 0C 19			lda X+2
  1703 126D 8D 02 D7			sta adr.MATH_F+2
  1704 1270 AD 0D 19			lda X+3
  1705 1273 8D 03 D7			sta adr.MATH_F+3
  1706 1276 9C 21 D7			stz MATH_FARG
  1707 1279 AD 0E 19			lda OP
  1708 127C 8D 20 D7			sta MATH_FOP
  1709 127F AD 00 D7			lda adr.MATH_F
  1710 1282 8D 0F 19			sta RESULT
  1711 1285 AD 01 D7			lda adr.MATH_F+1
  1712 1288 8D 10 19			sta RESULT+1
  1713 128B AD 02 D7			lda adr.MATH_F+2
  1714 128E 8D 11 19			sta RESULT+2
  1715 1291 AD 03 D7			lda adr.MATH_F+3
  1716 1294 8D 12 19			sta RESULT+3
  1717 1297			@exit
  1718
  1719 				; ------------------------------------------------------------
  1720
  1721 = 190A			X	= DATAORIGIN+$0187
  1722 = 190E			OP	= DATAORIGIN+$018B
  1723 = 190F			RESULT	= DATAORIGIN+$018C
  1724
  1725 = 190A			@VarData	= X
  1726 = 0009			@VarDataSize	= 9
  1727
  1728 1297 60				rts						; ret
  1729 				.endl
  1730
  1731 1298			.local	MATHSIN						; FUNCTION
  1732
  1733 				; optimize OK (K4510), line = 241
  1734
  1735 1298 AD 13 19			lda X
  1736 129B 8D 0A 19			sta MATHUNARY.X
  1737 129E AD 14 19			lda X+1
  1738 12A1 8D 0B 19			sta MATHUNARY.X+1
  1739 12A4 AD 15 19			lda X+2
  1740 12A7 8D 0C 19			sta MATHUNARY.X+2
  1741 12AA AD 16 19			lda X+3
  1742 12AD 8D 0D 19			sta MATHUNARY.X+3
  1743 12B0 A9 06			lda #$06
  1744 12B2 8D 0E 19			sta MATHUNARY.OP
  1745 12B5 20 5E 12			jsr MATHUNARY
  1746 12B8 AD 0F 19			lda MATHUNARY.RESULT
  1747 12BB 8D 17 19			sta RESULT
  1748 12BE AD 10 19			lda MATHUNARY.RESULT+1
  1749 12C1 8D 18 19			sta RESULT+1
  1750 12C4 AD 11 19			lda MATHUNARY.RESULT+2
  1751 12C7 8D 19 19			sta RESULT+2
  1752 12CA AD 12 19			lda MATHUNARY.RESULT+3
  1753 12CD 8D 1A 19			sta RESULT+3
  1754 12D0			@exit
  1755
  1756 				; ------------------------------------------------------------
  1757
  1758 = 1913			X	= DATAORIGIN+$0190
  1759 = 1917			RESULT	= DATAORIGIN+$0194
  1760
  1761 = 1913			@VarData	= X
  1762 = 0008			@VarDataSize	= 8
  1763
  1764 12D0 60				rts						; ret
  1765 				.endl
  1766
  1767 12D1			.local	MATHCOS						; FUNCTION
  1768
  1769 				; optimize OK (K4510), line = 242
  1770
  1771 12D1 AD 1B 19			lda X
  1772 12D4 8D 0A 19			sta MATHUNARY.X
  1773 12D7 AD 1C 19			lda X+1
  1774 12DA 8D 0B 19			sta MATHUNARY.X+1
  1775 12DD AD 1D 19			lda X+2
  1776 12E0 8D 0C 19			sta MATHUNARY.X+2
  1777 12E3 AD 1E 19			lda X+3
  1778 12E6 8D 0D 19			sta MATHUNARY.X+3
  1779 12E9 A9 07			lda #$07
  1780 12EB 8D 0E 19			sta MATHUNARY.OP
  1781 12EE 20 5E 12			jsr MATHUNARY
  1782 12F1 AD 0F 19			lda MATHUNARY.RESULT
  1783 12F4 8D 1F 19			sta RESULT
  1784 12F7 AD 10 19			lda MATHUNARY.RESULT+1
  1785 12FA 8D 20 19			sta RESULT+1
  1786 12FD AD 11 19			lda MATHUNARY.RESULT+2
  1787 1300 8D 21 19			sta RESULT+2
  1788 1303 AD 12 19			lda MATHUNARY.RESULT+3
  1789 1306 8D 22 19			sta RESULT+3
  1790 1309			@exit
  1791
  1792 				; ------------------------------------------------------------
  1793
  1794 = 191B			X	= DATAORIGIN+$0198
  1795 = 191F			RESULT	= DATAORIGIN+$019C
  1796
  1797 = 191B			@VarData	= X
  1798 = 0008			@VarDataSize	= 8
  1799
  1800 1309 60				rts						; ret
  1801 				.endl
  1802
  1803 				; ------------------------------------------------------------
  1804
  1805 = D000			VICKE_BASE	= $D000
  1806 = D400			SID_BASE	= $D400
  1807 = D500			SYS_BASE	= $D500
  1808 = D700			MATH_BASE	= $D700
  1809 = DA00			TERM_BASE	= $DA00
  1810 = 0001			FS_OPEN_READ	= $01
  1811 = 0002			FS_OPEN_WRITE	= $02
  1812 = 0003			FS_READ	= $03
  1813 = 0004			FS_WRITE	= $04
  1814 = 0005			FS_CLOSE	= $05
  1815 = 0006			FS_DIR_FIRST	= $06
  1816 = 0007			FS_DIR_NEXT	= $07
  1817 = 0008			FS_STAT	= $08
  1818 = 0009			FS_LOAD	= $09
  1819 = 000A			FS_SAVE	= $0A
  1820 = 000B			FS_CHDIR	= $0B
  1821 = 000C			FS_MKDIR	= $0C
  1822 = 000D			FS_RM	= $0D
  1823 = 000E			FS_RMDIR	= $0E
  1824 = 000F			FS_GETCWD	= $0F
  1825 = D000			adr.VICKE	= $D000
  1826 130A			.var VICKE	= adr.VICKE .word
  1827 = D100			KBD	= $D100
  1828 = D101			KBDST	= $D101
  1829 = D102			KBDPEEK	= $D102
  1830 = D200			DMA_SRC	= $D200
  1831 = D204			DMA_DST	= $D204
  1832 = D208			DMA_LEN	= $D208
  1833 = D20C			DMA_CMD	= $D20C
  1834 = D300			FS_CMD	= $D300
  1835 = D301			FS_STATUS	= $D301
  1836 = D304			FS_NAMEPTR	= $D304
  1837 = D308			FS_ADDR	= $D308
  1838 = D30C			FS_LEN	= $D30C
  1839 = D310			FS_SIZE	= $D310
  1840 = D400			adr.SIDREG	= $D400
  1841 130A			.var SIDREG	= adr.SIDREG .word
  1842 = D500			adr.SYS	= $D500
  1843 130A			.var SYS	= adr.SYS .word
  1844 = D50D			SYS_FRAMES	= $D50D
  1845 = D50D			adr.SYS_FRAMES24	= $D50D
  1846 130A			.var SYS_FRAMES24	= adr.SYS_FRAMES24 .word
  1847 = D700			adr.MATH_F	= $D700
  1848 130A			.var MATH_F	= adr.MATH_F .word
  1849 = D720			MATH_FOP	= $D720
  1850 = D721			MATH_FARG	= $D721
  1851 = D722			MATH_FFLAGS	= $D722
  1852 = D724			MATH_FI	= $D724
  1853 = D770			MULTINA	= $D770
  1854 = D774			MULTINB	= $D774
  1855 = D778			MULTOUT	= $D778
  1856 = D76C			DIVOUT	= $D76C
  1857 = D800			adr.TUBE	= $D800
  1858 130A			.var TUBE	= adr.TUBE .word
  1859 = D900			adr.NET	= $D900
  1860 130A			.var NET	= adr.NET .word
  1861 = DA00			TERM	= $DA00
  1862 = DA01			TERM_ST	= $DA01
  1863 = DA02			TERM_REP	= $DA02
  1864 = DA03			TERM_KEY	= $DA03
  1865 = DA04			TERM_CTL	= $DA04
  1866 = DA05			TERM_COLS	= $DA05
  1867 = DA06			TERM_ROWS	= $DA06
  1868 = DA09			TERM_CX	= $DA09
  1869 = DA0A			TERM_CY	= $DA0A
  1870 = DA0B			TERM_FG	= $DA0B
  1871 = DA0C			TERM_BG	= $DA0C
  1872 = DA0E			TERM_FLAGS	= $DA0E
  1873
  1874 = 130A 00 D0		VICKE
  1874 = 130C 00 D4		SIDREG
  1874 = 130E 00 D5		SYS
  1874 = 1310 0D D5		SYS_FRAMES24
  1874 = 1312 00 D7		MATH_F
  1874 = 1314 00 D8		TUBE
  1874 = 1316 00 D9		NET
  1874 				.endl							; UNIT K4510
  1875 1318			l_0095
  1876
  1877 				; optimize OK (pgraph.pas), line = 9
  1878
  1879 1318 A9 00			lda #$00
  1880 131A 20 B7 0A			jsr GRAPH.INITGRAPH.@010180000
  1881
  1882 				; optimize OK (pgraph.pas), line = 10
  1883
  1884 131D 9C 23 19			stz I
  1885
  1886 1320			l_04C4
  1887 				; --- ForToDoCondition
  1888 1320 AD 23 19			lda I
  1889 1323 C9 10			cmp #$10
  1890 1325 90 03 4C AA 13		jcs l_04CE
  1891 132A 20 1A 0B			jsr GRAPH.SETCOLOR
  1892 132D A9 00			lda #$00
  1893 132F 85 7F			sta :STACKORIGIN+STACKWIDTH+11
  1894 1331 AD 23 19			lda I
  1895 1334 0A				asl @
  1896 1335 26 7F			rol :STACKORIGIN+STACKWIDTH+11
  1897 1337 0A				asl @
  1898 1338 26 7F			rol :STACKORIGIN+STACKWIDTH+11
  1899 133A 0A				asl @
  1900 133B 26 7F			rol :STACKORIGIN+STACKWIDTH+11
  1901 133D 85 6F			sta :STACKORIGIN+11
  1902 133F A4 7F			ldy :STACKORIGIN+STACKWIDTH+11
  1903 1341 0A				asl @
  1904 1342 26 7F			rol :STACKORIGIN+STACKWIDTH+11
  1905 1344 18 65 6F			add :STACKORIGIN+11
  1906 1347 85 6F			sta :STACKORIGIN+11
  1907 1349 98				tya
  1908 134A 65 7F			adc :STACKORIGIN+STACKWIDTH+11
  1909 134C 85 7F			sta :STACKORIGIN+STACKWIDTH+11
  1910 134E A9 1C			lda #$1C
  1911 1350 18 65 6F			add :STACKORIGIN+11
  1912 1353 8D D0 17			sta GRAPH.FILLBAR.X1
  1913 1356 A9 00			lda #$00
  1914 1358 65 7F			adc :STACKORIGIN+STACKWIDTH+11
  1915 135A 8D D1 17			sta GRAPH.FILLBAR.X1+1
  1916 135D A9 00			lda #$00
  1917 135F 85 81			sta :STACKORIGIN+STACKWIDTH+13
  1918 1361 AD 23 19			lda I
  1919 1364 0A				asl @
  1920 1365 26 81			rol :STACKORIGIN+STACKWIDTH+13
  1921 1367 0A				asl @
  1922 1368 26 81			rol :STACKORIGIN+STACKWIDTH+13
  1923 136A 0A				asl @
  1924 136B 26 81			rol :STACKORIGIN+STACKWIDTH+13
  1925 136D 85 71			sta :STACKORIGIN+13
  1926 136F A4 81			ldy :STACKORIGIN+STACKWIDTH+13
  1927 1371 0A				asl @
  1928 1372 26 81			rol :STACKORIGIN+STACKWIDTH+13
  1929 1374 18 65 71			add :STACKORIGIN+13
  1930 1377 85 71			sta :STACKORIGIN+13
  1931 1379 98				tya
  1932 137A 65 81			adc :STACKORIGIN+STACKWIDTH+13
  1933 137C 85 81			sta :STACKORIGIN+STACKWIDTH+13
  1934 137E A9 08			lda #$08
  1935 1380 18 65 71			add :STACKORIGIN+13
  1936 1383 8D CC 17			sta GRAPH.FILLBAR.X0
  1937 1386 A9 00			lda #$00
  1938 1388 65 81			adc :STACKORIGIN+STACKWIDTH+13
  1939 138A 8D CD 17			sta GRAPH.FILLBAR.X0+1
  1940 138D A9 90			lda #$90
  1941 138F 8D CE 17			sta GRAPH.FILLBAR.Y0
  1942 1392 A9 D6			lda #$D6
  1943 1394 8D D2 17			sta GRAPH.FILLBAR.Y1
  1944 1397 A9 01			lda #$01
  1945 1399 8D CF 17			sta GRAPH.FILLBAR.Y0+1
  1946 139C 8D D3 17			sta GRAPH.FILLBAR.Y1+1
  1947 139F 20 13 0C			jsr GRAPH.FILLBAR
  1948
  1949 				; --- ForToDoEpilog
  1950 13A2 EE 23 19			inc I
  1951 13A5 F0 03 4C 20 13		jne l_04C4
  1952 13AA			l_04CE
  1953
  1954 				; optimize OK (pgraph.pas), line = 11
  1955
  1956 13AA 9C 23 19			stz I
  1957
  1958 13AD			l_04F7
  1959 				; --- ForToDoCondition
  1960 13AD AD 23 19			lda I
  1961 13B0 C9 24			cmp #$24
  1962 13B2 90 03 4C 06 16		jcs l_0501
  1963
  1964 				; optimize OK (pgraph.pas), line = 12
  1965
  1966 13B7 A9 0F			lda #$0F
  1967 13B9 85 2E			sta @BYTE.MOD.B
  1968 13BB AD 23 19			lda I
  1969 13BE 85 26			sta @BYTE.MOD.A
  1970 13C0 20 D2 08			jsr @BYTE.MOD
  1971 13C3 A9 01			lda #$01
  1972 13C5 18 65 32			add @BYTE.MOD.RESULT
  1973 13C8 20 1A 0B			jsr GRAPH.SETCOLOR
  1974
  1975 				; optimize FAIL (2, pgraph.pas), line = 13
  1976
  1977 13CB E8				inx
  1978 13CC A9 C8 95 64			mva #$C8 :STACKORIGIN,x
  1979 13D0 E8				inx
  1980 13D1 A9 96 95 64			mva #$96 :STACKORIGIN,x
  1981 13D5 E8				inx
  1982 13D6 AD 23 19 95 64		mva I :STACKORIGIN,x
  1983 13DB E8				inx
  1984 13DC A9 21 95 64			mva #$21 :STACKORIGIN,x
  1985 13E0 A9 B0 95 74			mva #$B0 :STACKORIGIN+STACKWIDTH,x
  1986 13E4 A9 32 95 84			mva #$32 :STACKORIGIN+STACKWIDTH*2,x
  1987 13E8 A9 3E 95 94			mva #$3E :STACKORIGIN+STACKWIDTH*3,x
  1988 13EC B5 63			lda :STACKORIGIN-1,x
  1989 13EE 85 2E			sta :FPMAN0
  1990 13F0 A9 00			lda #$00
  1991 13F2 85 2F			sta :FPMAN1
  1992 13F4 85 30			sta :FPMAN2
  1993 13F6 85 31			sta :FPMAN3
  1994 13F8 20 6B 09			jsr @I2F
  1995 13FB A5 2E			lda :FPMAN0
  1996 13FD 95 63			sta :STACKORIGIN-1,x
  1997 13FF A5 2F			lda :FPMAN1
  1998 1401 95 73			sta :STACKORIGIN-1+STACKWIDTH,x
  1999 1403 A5 30			lda :FPMAN2
  2000 1405 95 83			sta :STACKORIGIN-1+STACKWIDTH*2,x
  2001 1407 A5 31			lda :FPMAN3
  2002 1409 95 93			sta :STACKORIGIN-1+STACKWIDTH*3,x
  2003 140B B5 64			lda :STACKORIGIN,x
  2004 140D 85 2A			sta :FP2MAN0
  2005 140F B5 74			lda :STACKORIGIN+STACKWIDTH,x
  2006 1411 85 2B			sta :FP2MAN1
  2007 1413 B5 84			lda :STACKORIGIN+STACKWIDTH*2,x
  2008 1415 85 2C			sta :FP2MAN2
  2009 1417 B5 94			lda :STACKORIGIN+STACKWIDTH*3,x
  2010 1419 85 2D			sta :FP2MAN3
  2011 141B B5 63			lda :STACKORIGIN-1,x
  2012 141D 85 26			sta :FP1MAN0
  2013 141F B5 73			lda :STACKORIGIN-1+STACKWIDTH,x
  2014 1421 85 27			sta :FP1MAN1
  2015 1423 B5 83			lda :STACKORIGIN-1+STACKWIDTH*2,x
  2016 1425 85 28			sta :FP1MAN2
  2017 1427 B5 93			lda :STACKORIGIN-1+STACKWIDTH*3,x
  2018 1429 85 29			sta :FP1MAN3
  2019 142B 20 F3 08			jsr @FMUL
  2020 142E CA				dex
  2021 142F A5 2E			lda :FPMAN0
  2022 1431 8D 13 19			sta K4510.MATHSIN.X
  2023 1434 A5 2F			lda :FPMAN1
  2024 1436 8D 14 19			sta K4510.MATHSIN.X+1
  2025 1439 A5 30			lda :FPMAN2
  2026 143B 8D 15 19			sta K4510.MATHSIN.X+2
  2027 143E A5 31			lda :FPMAN3
  2028 1440 8D 16 19			sta K4510.MATHSIN.X+3
  2029 1443 CA				dex
  2030 1444 20 98 12			jsr K4510.MATHSIN
  2031 1447 E8				inx
  2032 1448 AD 17 19 95 64		mva K4510.MATHSIN.RESULT :STACKORIGIN,x
  2033 144D AD 18 19 95 74		mva K4510.MATHSIN.RESULT+1 :STACKORIGIN+STACKWIDTH,x
  2034 1452 AD 19 19 95 84		mva K4510.MATHSIN.RESULT+2 :STACKORIGIN+STACKWIDTH*2,x
  2035 1457 AD 1A 19 95 94		mva K4510.MATHSIN.RESULT+3 :STACKORIGIN+STACKWIDTH*3,x
  2036 145C B5 63			lda :STACKORIGIN-1,x
  2037 145E 85 2E			sta :FPMAN0
  2038 1460 A9 00			lda #$00
  2039 1462 85 2F			sta :FPMAN1
  2040 1464 85 30			sta :FPMAN2
  2041 1466 85 31			sta :FPMAN3
  2042 1468 20 6B 09			jsr @I2F
  2043 146B A5 2E			lda :FPMAN0
  2044 146D 95 63			sta :STACKORIGIN-1,x
  2045 146F A5 2F			lda :FPMAN1
  2046 1471 95 73			sta :STACKORIGIN-1+STACKWIDTH,x
  2047 1473 A5 30			lda :FPMAN2
  2048 1475 95 83			sta :STACKORIGIN-1+STACKWIDTH*2,x
  2049 1477 A5 31			lda :FPMAN3
  2050 1479 95 93			sta :STACKORIGIN-1+STACKWIDTH*3,x
  2051 147B B5 64			lda :STACKORIGIN,x
  2052 147D 85 2A			sta :FP2MAN0
  2053 147F B5 74			lda :STACKORIGIN+STACKWIDTH,x
  2054 1481 85 2B			sta :FP2MAN1
  2055 1483 B5 84			lda :STACKORIGIN+STACKWIDTH*2,x
  2056 1485 85 2C			sta :FP2MAN2
  2057 1487 B5 94			lda :STACKORIGIN+STACKWIDTH*3,x
  2058 1489 85 2D			sta :FP2MAN3
  2059 148B B5 63			lda :STACKORIGIN-1,x
  2060 148D 85 26			sta :FP1MAN0
  2061 148F B5 73			lda :STACKORIGIN-1+STACKWIDTH,x
  2062 1491 85 27			sta :FP1MAN1
  2063 1493 B5 83			lda :STACKORIGIN-1+STACKWIDTH*2,x
  2064 1495 85 28			sta :FP1MAN2
  2065 1497 B5 93			lda :STACKORIGIN-1+STACKWIDTH*3,x
  2066 1499 85 29			sta :FP1MAN3
  2067 149B 20 F3 08			jsr @FMUL
  2068 149E CA				dex
  2069 149F A5 2E			lda :FPMAN0
  2070 14A1 85 2E			sta :FPMAN0
  2071 14A3 A5 2F			lda :FPMAN1
  2072 14A5 85 2F			sta :FPMAN1
  2073 14A7 A5 30			lda :FPMAN2
  2074 14A9 85 30			sta :FPMAN2
  2075 14AB A5 31			lda :FPMAN3
  2076 14AD 85 31			sta :FPMAN3
  2077 14AF 20 3A 09			jsr @F2I
  2078 14B2 A5 2E			lda :FPMAN0
  2079 14B4 95 64			sta :STACKORIGIN,x
  2080 14B6 A5 2F			lda :FPMAN1
  2081 14B8 95 74			sta :STACKORIGIN+STACKWIDTH,x
  2082 14BA A5 30			lda :FPMAN2
  2083 14BC 95 84			sta :STACKORIGIN+STACKWIDTH*2,x
  2084 14BE A5 31			lda :FPMAN3
  2085 14C0 95 94			sta :STACKORIGIN+STACKWIDTH*3,x
  2086 14C2 A9 00 95 73			mva #$00 :STACKORIGIN-1+STACKWIDTH,x
  2087 14C6 95 83			sta :STACKORIGIN-1+STACKWIDTH*2,x
  2088 14C8 95 93			sta :STACKORIGIN-1+STACKWIDTH*3,x
  2089 14CA 20 91 08			jsr addAX_CX
  2090 14CD A9 40 95 64			mva #$40 :STACKORIGIN,x
  2091 14D1 A9 01 95 74			mva #$01 :STACKORIGIN+STACKWIDTH,x
  2092 14D5 E8				inx
  2093 14D6 A9 B4 95 64			mva #$B4 :STACKORIGIN,x
  2094 14DA E8				inx
  2095 14DB AD 23 19 95 64		mva I :STACKORIGIN,x
  2096 14E0 E8				inx
  2097 14E1 A9 21 95 64			mva #$21 :STACKORIGIN,x
  2098 14E5 A9 B0 95 74			mva #$B0 :STACKORIGIN+STACKWIDTH,x
  2099 14E9 A9 32 95 84			mva #$32 :STACKORIGIN+STACKWIDTH*2,x
  2100 14ED A9 3E 95 94			mva #$3E :STACKORIGIN+STACKWIDTH*3,x
  2101 14F1 B5 63			lda :STACKORIGIN-1,x
  2102 14F3 85 2E			sta :FPMAN0
  2103 14F5 A9 00			lda #$00
  2104 14F7 85 2F			sta :FPMAN1
  2105 14F9 85 30			sta :FPMAN2
  2106 14FB 85 31			sta :FPMAN3
  2107 14FD 20 6B 09			jsr @I2F
  2108 1500 A5 2E			lda :FPMAN0
  2109 1502 95 63			sta :STACKORIGIN-1,x
  2110 1504 A5 2F			lda :FPMAN1
  2111 1506 95 73			sta :STACKORIGIN-1+STACKWIDTH,x
  2112 1508 A5 30			lda :FPMAN2
  2113 150A 95 83			sta :STACKORIGIN-1+STACKWIDTH*2,x
  2114 150C A5 31			lda :FPMAN3
  2115 150E 95 93			sta :STACKORIGIN-1+STACKWIDTH*3,x
  2116 1510 B5 64			lda :STACKORIGIN,x
  2117 1512 85 2A			sta :FP2MAN0
  2118 1514 B5 74			lda :STACKORIGIN+STACKWIDTH,x
  2119 1516 85 2B			sta :FP2MAN1
  2120 1518 B5 84			lda :STACKORIGIN+STACKWIDTH*2,x
  2121 151A 85 2C			sta :FP2MAN2
  2122 151C B5 94			lda :STACKORIGIN+STACKWIDTH*3,x
  2123 151E 85 2D			sta :FP2MAN3
  2124 1520 B5 63			lda :STACKORIGIN-1,x
  2125 1522 85 26			sta :FP1MAN0
  2126 1524 B5 73			lda :STACKORIGIN-1+STACKWIDTH,x
  2127 1526 85 27			sta :FP1MAN1
  2128 1528 B5 83			lda :STACKORIGIN-1+STACKWIDTH*2,x
  2129 152A 85 28			sta :FP1MAN2
  2130 152C B5 93			lda :STACKORIGIN-1+STACKWIDTH*3,x
  2131 152E 85 29			sta :FP1MAN3
  2132 1530 20 F3 08			jsr @FMUL
  2133 1533 CA				dex
  2134 1534 A5 2E			lda :FPMAN0
  2135 1536 8D 1B 19			sta K4510.MATHCOS.X
  2136 1539 A5 2F			lda :FPMAN1
  2137 153B 8D 1C 19			sta K4510.MATHCOS.X+1
  2138 153E A5 30			lda :FPMAN2
  2139 1540 8D 1D 19			sta K4510.MATHCOS.X+2
  2140 1543 A5 31			lda :FPMAN3
  2141 1545 8D 1E 19			sta K4510.MATHCOS.X+3
  2142 1548 CA				dex
  2143 1549 20 D1 12			jsr K4510.MATHCOS
  2144 154C E8				inx
  2145 154D AD 1F 19 95 64		mva K4510.MATHCOS.RESULT :STACKORIGIN,x
  2146 1552 AD 20 19 95 74		mva K4510.MATHCOS.RESULT+1 :STACKORIGIN+STACKWIDTH,x
  2147 1557 AD 21 19 95 84		mva K4510.MATHCOS.RESULT+2 :STACKORIGIN+STACKWIDTH*2,x
  2148 155C AD 22 19 95 94		mva K4510.MATHCOS.RESULT+3 :STACKORIGIN+STACKWIDTH*3,x
  2149 1561 B5 63			lda :STACKORIGIN-1,x
  2150 1563 85 2E			sta :FPMAN0
  2151 1565 A9 00			lda #$00
  2152 1567 85 2F			sta :FPMAN1
  2153 1569 85 30			sta :FPMAN2
  2154 156B 85 31			sta :FPMAN3
  2155 156D 20 6B 09			jsr @I2F
  2156 1570 A5 2E			lda :FPMAN0
  2157 1572 95 63			sta :STACKORIGIN-1,x
  2158 1574 A5 2F			lda :FPMAN1
  2159 1576 95 73			sta :STACKORIGIN-1+STACKWIDTH,x
  2160 1578 A5 30			lda :FPMAN2
  2161 157A 95 83			sta :STACKORIGIN-1+STACKWIDTH*2,x
  2162 157C A5 31			lda :FPMAN3
  2163 157E 95 93			sta :STACKORIGIN-1+STACKWIDTH*3,x
  2164 1580 B5 64			lda :STACKORIGIN,x
  2165 1582 85 2A			sta :FP2MAN0
  2166 1584 B5 74			lda :STACKORIGIN+STACKWIDTH,x
  2167 1586 85 2B			sta :FP2MAN1
  2168 1588 B5 84			lda :STACKORIGIN+STACKWIDTH*2,x
  2169 158A 85 2C			sta :FP2MAN2
  2170 158C B5 94			lda :STACKORIGIN+STACKWIDTH*3,x
  2171 158E 85 2D			sta :FP2MAN3
  2172 1590 B5 63			lda :STACKORIGIN-1,x
  2173 1592 85 26			sta :FP1MAN0
  2174 1594 B5 73			lda :STACKORIGIN-1+STACKWIDTH,x
  2175 1596 85 27			sta :FP1MAN1
  2176 1598 B5 83			lda :STACKORIGIN-1+STACKWIDTH*2,x
  2177 159A 85 28			sta :FP1MAN2
  2178 159C B5 93			lda :STACKORIGIN-1+STACKWIDTH*3,x
  2179 159E 85 29			sta :FP1MAN3
  2180 15A0 20 F3 08			jsr @FMUL
  2181 15A3 CA				dex
  2182 15A4 A5 2E			lda :FPMAN0
  2183 15A6 85 2E			sta :FPMAN0
  2184 15A8 A5 2F			lda :FPMAN1
  2185 15AA 85 2F			sta :FPMAN1
  2186 15AC A5 30			lda :FPMAN2
  2187 15AE 85 30			sta :FPMAN2
  2188 15B0 A5 31			lda :FPMAN3
  2189 15B2 85 31			sta :FPMAN3
  2190 15B4 20 3A 09			jsr @F2I
  2191 15B7 A5 2E			lda :FPMAN0
  2192 15B9 95 64			sta :STACKORIGIN,x
  2193 15BB A5 2F			lda :FPMAN1
  2194 15BD 95 74			sta :STACKORIGIN+STACKWIDTH,x
  2195 15BF A5 30			lda :FPMAN2
  2196 15C1 95 84			sta :STACKORIGIN+STACKWIDTH*2,x
  2197 15C3 A5 31			lda :FPMAN3
  2198 15C5 95 94			sta :STACKORIGIN+STACKWIDTH*3,x
  2199 15C7 A9 00 95 83			mva #$00 :STACKORIGIN-1+STACKWIDTH*2,x
  2200 15CB 95 93			sta :STACKORIGIN-1+STACKWIDTH*3,x
  2201 15CD 20 91 08			jsr addAX_CX
  2202 15D0 A9 40			lda #$40
  2203 15D2 8D B8 17			sta GRAPH.DRAWLINE.X0
  2204 15D5 A9 01			lda #$01
  2205 15D7 8D B9 17			sta GRAPH.DRAWLINE.X0+1
  2206 15DA A9 C8			lda #$C8
  2207 15DC 8D BA 17			sta GRAPH.DRAWLINE.Y0
  2208 15DF A9 00			lda #$00
  2209 15E1 8D BB 17			sta GRAPH.DRAWLINE.Y0+1
  2210 15E4 CA				dex
  2211 15E5 B5 64			lda :STACKORIGIN,x
  2212 15E7 8D BC 17			sta GRAPH.DRAWLINE.X1
  2213 15EA B5 74			lda :STACKORIGIN+STACKWIDTH,x
  2214 15EC 8D BD 17			sta GRAPH.DRAWLINE.X1+1
  2215 15EF CA				dex
  2216 15F0 B5 64			lda :STACKORIGIN,x
  2217 15F2 8D BE 17			sta GRAPH.DRAWLINE.Y1
  2218 15F5 B5 74			lda :STACKORIGIN+STACKWIDTH,x
  2219 15F7 8D BF 17			sta GRAPH.DRAWLINE.Y1+1
  2220 15FA CA				dex
  2221 15FB 20 8F 0B			jsr GRAPH.DRAWLINE
  2222
  2223 				; --- ForToDoEpilog
  2224 15FE EE 23 19			inc I
  2225 1601 F0 03 4C AD 13		jne l_04F7
  2226 1606			l_0501
  2227
  2228 				; optimize OK (pgraph.pas), line = 15
  2229
  2230 1606 A9 07			lda #$07
  2231 1608 20 1A 0B			jsr GRAPH.SETCOLOR
  2232 160B A9 01			lda #$01
  2233 160D 8D 23 19			sta I
  2234
  2235 1610			l_053A
  2236 				; --- ForToDoCondition
  2237 1610 AD 23 19			lda I
  2238 1613 C9 07			cmp #$07
  2239 1615 B0 2D			jcs l_0544
  2240 1617 85 2E			sta :ecx
  2241 1619 A9 19			lda #$19
  2242 161B 85 26			sta :eax
  2243 					.ifdef fmulinit
  2244 					fmulu_8
  2245 					els
  2246 161D 20 BA 08			imulCL
  2247 					eif
  2248 1620 A5 26			lda :eax
  2249 1622 8D F0 18			sta GRAPH.CIRCLE.R
  2250 1625 A5 27			lda :eax+1
  2251 1627 8D F1 18			sta GRAPH.CIRCLE.R+1
  2252 162A A9 40			lda #$40
  2253 162C 8D EC 18			sta GRAPH.CIRCLE.X
  2254 162F A9 01			lda #$01
  2255 1631 8D ED 18			sta GRAPH.CIRCLE.X+1
  2256 1634 A9 C8			lda #$C8
  2257 1636 8D EE 18			sta GRAPH.CIRCLE.Y
  2258 1639 9C EF 18			stz GRAPH.CIRCLE.Y+1
  2259 163C 20 12 10			jsr GRAPH.CIRCLE
  2260
  2261 				; --- ForToDoEpilog
  2262 163F EE 23 19			inc I
  2263 1642 D0 CC			jne l_053A
  2264 1644			l_0544
  2265
  2266 				; optimize OK (pgraph.pas), line = 16
  2267
  2268 1644 A9 0D			lda #$0D
  2269 1646 20 1A 0B			jsr GRAPH.SETCOLOR
  2270 1649 A9 28			lda #$28
  2271 164B 8D C0 17			sta GRAPH.FILLTRIANGLE.X0
  2272 164E 8D C2 17			sta GRAPH.FILLTRIANGLE.Y0
  2273 1651 A9 00			lda #$00
  2274 1653 8D C1 17			sta GRAPH.FILLTRIANGLE.X0+1
  2275 1656 8D C3 17			sta GRAPH.FILLTRIANGLE.Y0+1
  2276 1659 A9 A0			lda #$A0
  2277 165B 8D C4 17			sta GRAPH.FILLTRIANGLE.X1
  2278 165E 9C C5 17			stz GRAPH.FILLTRIANGLE.X1+1
  2279 1661 A9 3C			lda #$3C
  2280 1663 8D C6 17			sta GRAPH.FILLTRIANGLE.Y1
  2281 1666 9C C7 17			stz GRAPH.FILLTRIANGLE.Y1+1
  2282 1669 A9 5A			lda #$5A
  2283 166B 8D C8 17			sta GRAPH.FILLTRIANGLE.X2
  2284 166E 9C C9 17			stz GRAPH.FILLTRIANGLE.X2+1
  2285 1671 A9 B4			lda #$B4
  2286 1673 8D CA 17			sta GRAPH.FILLTRIANGLE.Y2
  2287 1676 9C CB 17			stz GRAPH.FILLTRIANGLE.Y2+1
  2288 1679 20 C5 0B			jsr GRAPH.FILLTRIANGLE
  2289
  2290 				; optimize OK (pgraph.pas), line = 17
  2291
  2292 167C A9 0A			lda #$0A
  2293 167E 20 1A 0B			jsr GRAPH.SETCOLOR
  2294 1681 A9 E0			lda #$E0
  2295 1683 8D C0 17			sta GRAPH.FILLTRIANGLE.X0
  2296 1686 A9 01			lda #$01
  2297 1688 8D C1 17			sta GRAPH.FILLTRIANGLE.X0+1
  2298 168B A9 28			lda #$28
  2299 168D 8D C2 17			sta GRAPH.FILLTRIANGLE.Y0
  2300 1690 9C C3 17			stz GRAPH.FILLTRIANGLE.Y0+1
  2301 1693 A9 58			lda #$58
  2302 1695 8D C4 17			sta GRAPH.FILLTRIANGLE.X1
  2303 1698 A9 02			lda #$02
  2304 169A 8D C5 17			sta GRAPH.FILLTRIANGLE.X1+1
  2305 169D A9 64			lda #$64
  2306 169F 8D C6 17			sta GRAPH.FILLTRIANGLE.Y1
  2307 16A2 9C C7 17			stz GRAPH.FILLTRIANGLE.Y1+1
  2308 16A5 A9 08			lda #$08
  2309 16A7 8D C8 17			sta GRAPH.FILLTRIANGLE.X2
  2310 16AA A9 02			lda #$02
  2311 16AC 8D C9 17			sta GRAPH.FILLTRIANGLE.X2+1
  2312 16AF A9 B4			lda #$B4
  2313 16B1 8D CA 17			sta GRAPH.FILLTRIANGLE.Y2
  2314 16B4 9C CB 17			stz GRAPH.FILLTRIANGLE.Y2+1
  2315 16B7 20 C5 0B			jsr GRAPH.FILLTRIANGLE
  2316
  2317 				; optimize OK (pgraph.pas), line = 18
  2318
  2319 16BA A9 01			lda #$01
  2320 16BC 20 1A 0B			jsr GRAPH.SETCOLOR
  2321 16BF A9 04			lda #$04
  2322 16C1 8D F6 18			sta GRAPH.RECTANGLE.@040184000018400001840000184000.X1
  2323 16C4 8D F8 18			sta GRAPH.RECTANGLE.@040184000018400001840000184000.Y1
  2324 16C7 A9 00			lda #$00
  2325 16C9 8D F7 18			sta GRAPH.RECTANGLE.@040184000018400001840000184000.X1+1
  2326 16CC 8D F9 18			sta GRAPH.RECTANGLE.@040184000018400001840000184000.Y1+1
  2327 16CF A9 7B			lda #$7B
  2328 16D1 8D FA 18			sta GRAPH.RECTANGLE.@040184000018400001840000184000.X2
  2329 16D4 A9 02			lda #$02
  2330 16D6 8D FB 18			sta GRAPH.RECTANGLE.@040184000018400001840000184000.X2+1
  2331 16D9 A9 DB			lda #$DB
  2332 16DB 8D FC 18			sta GRAPH.RECTANGLE.@040184000018400001840000184000.Y2
  2333 16DE A9 01			lda #$01
  2334 16E0 8D FD 18			sta GRAPH.RECTANGLE.@040184000018400001840000184000.Y2+1
  2335 16E3 20 D2 11			jsr GRAPH.RECTANGLE.@040184000018400001840000184000
  2336
  2337 				; optimize OK (pgraph.pas), line = 19
  2338
  2339 16E6 A9 01			lda #$01
  2340 16E8 20 1A 0B			jsr GRAPH.SETCOLOR
  2341 16EB E8				inx
  2342 16EC A0 00			ldy #$00
  2343 16EE B9 00 08 99 E3 17 + 	mva:rne $0800,y GRAPH.OUTTEXTXY.adr.S,y+
  2344 16F7 E8				inx
  2345 16F8 A9 2C 95 64			mva #$2C :STACKORIGIN,x
  2346 16FC A9 01 95 74			mva #$01 :STACKORIGIN+STACKWIDTH,x
  2347 1700 E8				inx
  2348 1701 A9 C8 95 64			mva #$C8 :STACKORIGIN,x
  2349 1705 A9 00 95 74			mva #$00 :STACKORIGIN+STACKWIDTH,x
  2350 1709 20 A4 0E			jsr GRAPH.OUTTEXTXY
  2351
  2352 				; optimize OK (pgraph.pas), line = 20
  2353
  2354 170C A9 0E			lda #$0E
  2355 170E 20 1A 0B			jsr GRAPH.SETCOLOR
  2356 1711 E8				inx
  2357 1712 A0 00			ldy #$00
  2358 1714 B9 21 08 99 E3 17 + 	mva:rne $0821,y GRAPH.OUTTEXTXY.adr.S,y+
  2359 171D E8				inx
  2360 171E A9 38 95 64			mva #$38 :STACKORIGIN,x
  2361 1722 A9 01 95 74			mva #$01 :STACKORIGIN+STACKWIDTH,x
  2362 1726 E8				inx
  2363 1727 A9 C8 95 64			mva #$C8 :STACKORIGIN,x
  2364 172B A9 00 95 74			mva #$00 :STACKORIGIN+STACKWIDTH,x
  2365 172F 20 A4 0E			jsr GRAPH.OUTTEXTXY
  2366
  2367 				; optimize OK (pgraph.pas), line = 21
  2368
  2369 1732 A9 01			lda #$01
  2370 1734 8D 90 17			sta CRT.GOTOXY.X
  2371 1737 8D 91 17			sta CRT.GOTOXY.Y
  2372 173A 20 28 0A			jsr CRT.GOTOXY
  2373 173D A9 07			lda #$07
  2374 173F 20 1E 0A			jsr CRT.TEXTCOLOR
  2375 					@printSTRING #CODEORIGIN+$0052
  2375 				 LDY> CODEORIGIN+$0052\ LDA< CODEORIGIN+$0052\ JSR @PRINTSTRING
  2375 1742 A0 08		 LDY> CODEORIGIN+$0052
  2375 1744 A9 52		 LDA< CODEORIGIN+$0052
  2375 1746 20 AA 09		 JSR @PRINTSTRING
  2376
  2377 				; optimize FAIL ('CRT.READKEY', pgraph.pas), line = 22
  2378
  2379 1749 20 12 0A			jsr CRT.READKEY
  2380
  2381 				; optimize FAIL ('GRAPH.CLOSEGRAPH', pgraph.pas), line = 23
  2382
  2383 174C 20 7D 0E			jsr GRAPH.CLOSEGRAPH
  2384
  2385 				; optimize FAIL ('@print', pgraph.pas), line = 24
  2386
  2387 174F 20 9C 09			@printEOL
  2388
  2389 				; ------------------------------------------------------------
  2390
  2391 = 1923			I	= DATAORIGIN+$01A0
  2392 = 1924			X	= DATAORIGIN+$01A1
  2393 = 1926			Y	= DATAORIGIN+$01A3
  2394 1752			@exit
  2395
  2396 1752 A2 00		@halt	ldx #$00
  2397 1754 9A				txs
  2398
  2399 1755 60				rts
  2400
  2401 				; ------------------------------------------------------------
  2402
  2403 1756			.local	@DEFINES
  2404 1756			K4510
  2405 1756			CPU_65C02
  2406 				.endl
  2407
  2408 1756			.local	@RESOURCE
  2409 				.endl
  2410
  2411 				.endl							; MAIN
  2412
  2413 				; ------------------------------------------------------------
  2414 				; ------------------------------------------------------------
  2415
  2416 				.macro	UNITINITIALIZATION
  2417 				
  2418 					.ifdef MAIN.SYSTEM.@UnitInit
  2419 					jsr MAIN.SYSTEM.@UnitInit
  2420 					.fi
  2421 				
  2422 					.ifdef MAIN.CRT.@UnitInit
  2423 					jsr MAIN.CRT.@UnitInit
  2424 					.fi
  2425 				
  2426 					.ifdef MAIN.TYPES.@UnitInit
  2427 					jsr MAIN.TYPES.@UnitInit
  2428 					.fi
  2429 				
  2430 					.ifdef MAIN.GRAPH.@UnitInit
  2431 					jsr MAIN.GRAPH.@UnitInit
  2432 					.fi
  2433 				
  2434 					.ifdef MAIN.K4510.@UnitInit
  2435 					jsr MAIN.K4510.@UnitInit
  2436 					.fi
  2437 				.endm
  2438
  2439 				; ------------------------------------------------------------
  2440
  2441 					ift .SIZEOF(MAIN.SYSTEM) > 0
  2442 					.print 'SYSTEM: ',MAIN.SYSTEM,'..',MAIN.SYSTEM+.SIZEOF(MAIN.SYSTEM)-1
  2442 				SYSTEM: $0A0F..$0A11
  2443 					eif
  2444
  2445 					ift .SIZEOF(MAIN.CRT) > 0
  2446 					.print 'CRT: ',MAIN.CRT,'..',MAIN.CRT+.SIZEOF(MAIN.CRT)-1
  2446 				CRT: $0A12..$0A3A
  2447 					eif
  2448
  2449 					ift .SIZEOF(MAIN.TYPES) > 0
  2450 					.print 'TYPES: ',MAIN.TYPES,'..',MAIN.TYPES+.SIZEOF(MAIN.TYPES)-1
  2451 					eif
  2452
  2453 					ift .SIZEOF(MAIN.GRAPH) > 0
  2454 					.print 'GRAPH: ',MAIN.GRAPH,'..',MAIN.GRAPH+.SIZEOF(MAIN.GRAPH)-1
  2454 				GRAPH: $0A3B..$125D
  2455 					eif
  2456
  2457 					ift .SIZEOF(MAIN.K4510) > 0
  2458 					.print 'K4510: ',MAIN.K4510,'..',MAIN.K4510+.SIZEOF(MAIN.K4510)-1
  2458 				K4510: $125E..$1317
  2459 					eif
  2460
  2461 				.nowarn	.print 'CODE: ',CODEORIGIN,'..',MAIN.@RESOURCE-1
  2461 				CODE: $0800..$1755
  2462
  2463 					ift .SIZEOF(MAIN.@RESOURCE)>0
  2464 				.nowarn	.print 'RESOURCE: ',MAIN.@RESOURCE,'..',MAIN.@RESOURCE+.SIZEOF(MAIN.@RESOURCE)-1
  2465 					eif
  2466
  2467 1756			@end
  2468
  2469 				.nowarn	.print 'VARS: ',MAIN.@RESOURCE+.SIZEOF(MAIN.@RESOURCE),'..',@end-1
  2469 				VARS: $1756..$1755
  2470
  2471 				; ------------------------------------------------------------
  2472
  2473 = 1756				?adr = *
  2474 					ift (?adr < ?old_adr) && (?old_adr - ?adr < $120)
  2475 = 1783				?adr = ?old_adr
  2476 					eif
  2477
  2478 					org ?adr
  2479 = 1783				?old_adr = *
  2480
  2481 1783			DATAORIGIN
  2482 1783 2D 0C 00 00 00 4F + .by  $2D $0C $00 $00 $00 $4F $00 $1D  $00 $00 $00 $00 $00 $00 $00 $00  $00 $00 $00 $00 $00 $00 $00 $00
  2483 179B 00 00 00 00 00 00 + .by  $00 $00 $00 $00 $00 $00 $00 $00  $00 $4F $00 $00 $00 $1D
  2484
  2485 = 0026			VARINITSIZE	= *-DATAORIGIN
  2486 = 01A5			VARDATASIZE	= 421
  2487
  2488 = 1928			PROGRAMSTACK	= DATAORIGIN+VARDATASIZE
  2489
  2490 					.print 'DATA: ',DATAORIGIN,'..',PROGRAMSTACK
  2490 				DATA: $1783..$1928
  2491
  2492 					ert DATAORIGIN<@end,'DATA memory overlap'
  2493
  2494 				; ------------------------------------------------------------
  2495
  2496 				.macro	STATICDATA
  2497 				.by  $20 $47 $52 $41 $50 $48 $20 $6F  $6E $20 $56 $49 $43 $4B $65 $3A  $20 $4D $61 $64 $20 $50 $61 $73
  2498 				.by  $63 $61 $6C $20 $64 $72 $61 $77  $73 $30 $62 $6C $69 $74 $74 $65  $72 $20 $6C $69 $6E $65 $73 $2C
  2499 				.by  $20 $62 $61 $72 $73 $2C $20 $74  $72 $69 $61 $6E $67 $6C $65 $73  $3B $20 $63 $69 $72 $63 $6C $65
  2500 				.by  $73 $20 $62 $79 $20 $70 $69 $78  $65 $6C $3E $50 $47 $52 $41 $50  $48 $3A $20 $74 $68 $65 $20 $63
  2501 				.by  $6F $6E $73 $6F $6C $65 $20 $69  $73 $20 $73 $74 $69 $6C $6C $20  $68 $65 $72 $65 $2C $20 $75 $6E
  2502 				.by  $64 $65 $72 $20 $74 $68 $65 $20  $70 $69 $63 $74 $75 $72 $65 $2E  $20 $41 $6E $79 $20 $6B $65 $79
  2503 				.by  $2E
  2504 				.endm
  2505
  2506 					end
