mads 2.1.8
t1.a65 -x -i:/home/doc/Projects/neo6502_dev/Mad-Pascal/base -o:../../fs/PRG/t1.prg 
    31 					opt l+
   104
   105 				.print 'ZPAGE: ',zpage,'..',zpend-1
   105 				ZPAGE: $0022..$00A3
   106
   107 				.print 'RTBUF: ',@buf,'..',@buf+255
   107 				RTBUF: $0300..$03FF
   108
   109 				.print 'RTLIB: ',RTLIB,'..',*-1
   109 				RTLIB: $0800..$07FF
   110
   111 				; ------------------------------------------------------------
   112
   113 0800			START
   114 0800 BA				tsx
   115 0801 8E 27 08			stx MAIN.@halt+1
   116
   117 = 0003			VLEN	= VARDATASIZE-VARINITSIZE
   118 = 0832			VADR	= DATAORIGIN+VARINITSIZE
   119
   120 					ift (VLEN > 0) && (VLEN <= 256)
   121 0804 A2 FD			ldx #256-VLEN
   122 0806 A9 00			lda #$00
   123 0808 9D 35 07 E8 D0 FA		sta:rne VADR+VLEN-256,x+
   124 					eli VLEN>256
   125 					m@init
   126 					eif
   127
   128 				.ifdef psptr
   129 					mwa #PROGRAMSTACK psptr
   130 				.fi
   131
   132 080E A2 00			ldx #$00
   133 0810 86 22			stx bp						; BP = 0
   134
   135 0812 CA				dex						; X = 255
   136
   137 					opt c+
   138 0813				UNITINITIALIZATION
Macro: UNITINITIALIZATION [Source: t1.a65]
     3 0813 20 19 08			jsr MAIN.SYSTEM.@UnitInit
Source: t1.a65
   139
   140 0816			.local	MAIN						; PROCEDURE
   141
   142 0816 4C 1C 08			jmp l_0004
   143
   144 				; ------------------------------------------------------------
   145
   146 0819			.local	SYSTEM						; UNIT
   147
   148 				; ------------------------------------------------------------
   149 				; ------------------------------------------------------------
   150 0819			@UnitInit
   151
   152 0819 60				rts
   153
   154 				; ------------------------------------------------------------
   155
   156 = 0648			M_PI_2	= $0648
   157 = 0192			D_PI_2	= $0192
   158 = 0004			D_PI_180	= $04
   159 = 0004			FMOPENREAD	= $04
   160 = 0008			FMOPENWRITE	= $08
   161 = 0009			FMOPENAPPEND	= $09
   162 = 000C			FMOPENREADWRITE	= $0C
   163 = 082A			DATESEPARATOR	= DATAORIGIN+$0000
   164 = 082B			FILEMODE	= DATAORIGIN+$0001
   165 = 082C			GRAPHMODE	= DATAORIGIN+$0002
   166 = 082D			IORESULT	= DATAORIGIN+$0003
   167 = 082E			EOLN	= DATAORIGIN+$0004
   168 = 082F			SCREENWIDTH	= DATAORIGIN+$0005
   169 = 0831			SCREENHEIGHT	= DATAORIGIN+$0007
   170 = 0000			adr.MEM	= $00
   171 081A			.var MEM	= adr.MEM .word
   172 = 0833			RNDSEED	= DATAORIGIN+$0009
   173
   174 = 081A 00 00		MEM
   174 				.endl							; UNIT SYSTEM
   175 081C			l_0004
   176
   177 				; -------------------  ASM Block 00000054  -------------------
   178
   179 081C A9 41		  lda #65
   180 081E 8D 00 DA		  sta $DA00
   181 0821 A9 0D		  lda #13
   182 0823 8D 00 DA		  sta $DA00
   183 				 
   184 0826			@exit
   185
   186 0826 A2 00		@halt	ldx #$00
   187 0828 9A				txs
   188
   189 0829 60				rts
   190
   191 				; ------------------------------------------------------------
   192
   193 082A			.local	@DEFINES
   194 082A			K4510
   195 082A			CPU_65C02
   196 				.endl
   197
   198 082A			.local	@RESOURCE
   199 				.endl
   200
   201 				.endl							; MAIN
   202
   203 				; ------------------------------------------------------------
   204 				; ------------------------------------------------------------
   205
   206 				.macro	UNITINITIALIZATION
   207 				
   208 					.ifdef MAIN.SYSTEM.@UnitInit
   209 					jsr MAIN.SYSTEM.@UnitInit
   210 					.fi
   211 				.endm
   212
   213 				; ------------------------------------------------------------
   214
   215 					ift .SIZEOF(MAIN.SYSTEM) > 0
   216 					.print 'SYSTEM: ',MAIN.SYSTEM,'..',MAIN.SYSTEM+.SIZEOF(MAIN.SYSTEM)-1
   216 				SYSTEM: $0819..$081B
   217 					eif
   218
   219 				.nowarn	.print 'CODE: ',CODEORIGIN,'..',MAIN.@RESOURCE-1
   219 				CODE: $0800..$0829
   220
   221 					ift .SIZEOF(MAIN.@RESOURCE)>0
   222 				.nowarn	.print 'RESOURCE: ',MAIN.@RESOURCE,'..',MAIN.@RESOURCE+.SIZEOF(MAIN.@RESOURCE)-1
   223 					eif
   224
   225 082A			@end
   226
   227 				.nowarn	.print 'VARS: ',MAIN.@RESOURCE+.SIZEOF(MAIN.@RESOURCE),'..',@end-1
   227 				VARS: $082A..$0829
   228
   229 				; ------------------------------------------------------------
   230
   231 = 082A				?adr = *
   232 					ift (?adr < ?old_adr) && (?old_adr - ?adr < $120)
   233 					?adr = ?old_adr
   234 					eif
   235
   236 					org ?adr
   237 = 082A				?old_adr = *
   238
   239 082A			DATAORIGIN
   240 082A 2D 0C 00 00 00 4F + .by  $2D $0C $00 $00 $00 $4F $00 $1D
   241
   242 = 0008			VARINITSIZE	= *-DATAORIGIN
   243 = 000B			VARDATASIZE	= 11
   244
   245 = 0835			PROGRAMSTACK	= DATAORIGIN+VARDATASIZE
   246
   247 					.print 'DATA: ',DATAORIGIN,'..',PROGRAMSTACK
   247 				DATA: $082A..$0835
   248
   249 					ert DATAORIGIN<@end,'DATA memory overlap'
   250
   251 				; ------------------------------------------------------------
   252
   253 				.macro	STATICDATA
   254 				.endm
   255
   256 					end
